Broad exception handler changed-file enforcement

Repo root: /home/workdir/wepppy
Base ref: origin/master
Merge base: adb4f9b004459fc578460a95f30ac01ae1421f36
Path filter: wepppy, services
Allowlist source: /home/workdir/wepppy/docs/standards/broad-exception-boundary-allowlist.md
Changed Python files scanned: 15

Files:
  A wepppy/all_your_base/file_digest.py
  M wepppy/microservices/rq_engine/postfire_debris_flow_routes.py
  M wepppy/microservices/rq_engine/schema_defaults_routes.py
  M wepppy/nodb/_derived_build.py
  M wepppy/nodb/_read_retry.py
  M wepppy/nodb/base.py
  M wepppy/nodb/config_builder/registry.py
  M wepppy/nodb/core/climate_observed_build.py
  M wepppy/nodb/mods/features_export/dependency_tracker.py
  M wepppy/nodb/mods/features_export/exporters/geodatabase.py
  M wepppy/nodb/mods/features_export/readme_builder.py
  M wepppy/nodb/mods/features_export/service.py
  M wepppy/nodb/mods/postfire_debris_flow/production.py
  M wepppy/nodb/mods/rap/rap_ts_build.py
  M wepppy/weppcloud/utils/assets.py

Per-file delta (unsuppressed broad catches):
  A wepppy/all_your_base/file_digest.py (base=0 current=0 delta=+0)
  M wepppy/microservices/rq_engine/postfire_debris_flow_routes.py (base=0 current=0 delta=+0)
  M wepppy/microservices/rq_engine/schema_defaults_routes.py (base=0 current=0 delta=+0)
  M wepppy/nodb/_derived_build.py (base=0 current=0 delta=+0)
  M wepppy/nodb/_read_retry.py (base=0 current=0 delta=+0)
  M wepppy/nodb/base.py (base=19 current=19 delta=+0)
  M wepppy/nodb/config_builder/registry.py (base=0 current=0 delta=+0)
  M wepppy/nodb/core/climate_observed_build.py (base=0 current=0 delta=+0)
  M wepppy/nodb/mods/features_export/dependency_tracker.py (base=0 current=0 delta=+0)
  M wepppy/nodb/mods/features_export/exporters/geodatabase.py (base=0 current=0 delta=+0)
  M wepppy/nodb/mods/features_export/readme_builder.py (base=0 current=0 delta=+0)
  M wepppy/nodb/mods/features_export/service.py (base=1 current=1 delta=+0)
  M wepppy/nodb/mods/postfire_debris_flow/production.py (base=0 current=0 delta=+0)
  M wepppy/nodb/mods/rap/rap_ts_build.py (base=0 current=0 delta=+0)
  M wepppy/weppcloud/utils/assets.py (base=1 current=0 delta=-1)

Net delta (all changed files): -1
Result: PASS
