INFO:wctl2:docker compose exec weppcloud bash -lc cd /workdir/wepppy && PYTHONPATH=/workdir/wepppy MYPY_CACHE_DIR=/tmp/mypy_cache /opt/venv/bin/pytest docs/work-packages/20260916_file_dependency_freshness/artifacts/cli_lineage_implementation_security_after_probe.py -v -s --maxfail=1
============================= test session starts ==============================
platform linux -- Python 3.12.14, pytest-9.0.3, pluggy-1.6.0 -- /opt/venv/bin/python3
cachedir: .pytest_cache
rootdir: /workdir/wepppy
configfile: pyproject.toml
plugins: reportlog-0.4.0, timeout-2.4.0, cov-7.0.0, libtmux-0.47.0, dash-4.2.0, anyio-4.14.2
collecting ... collected 8 items

docs/work-packages/20260916_file_dependency_freshness/artifacts/cli_lineage_implementation_security_after_probe.py::test_characterize_redirected_new_artifact_subtree[climate_artifacts] ARTIFACT_REDIRECTION {"component": "climate_artifacts", "export_succeeded": false, "outside_snapshots": 0}
PASSED
docs/work-packages/20260916_file_dependency_freshness/artifacts/cli_lineage_implementation_security_after_probe.py::test_characterize_redirected_new_artifact_subtree[cli_parquet] ARTIFACT_REDIRECTION {"component": "cli_parquet", "export_succeeded": false, "outside_snapshots": 0}
PASSED
docs/work-packages/20260916_file_dependency_freshness/artifacts/cli_lineage_implementation_security_after_probe.py::test_characterize_redirected_new_artifact_subtree[attempts] ARTIFACT_REDIRECTION {"component": "attempts", "export_succeeded": false, "outside_snapshots": 0}
PASSED
docs/work-packages/20260916_file_dependency_freshness/artifacts/cli_lineage_implementation_security_after_probe.py::test_readiness_rejects_observable_parquet_replacement[False] 2026-09-17 04:39:00 [INFO] wepppy.run.test_readiness_rejects_observa0.disturbed: disturbed.on(TriggerEvents.ON_INIT_FINISH)
2026-09-17 04:39:00 [INFO] wepppy.run.test_readiness_rejects_observa0.soils: soils.dump_soils_parquet()
2026-09-17 04:39:00 [INFO] wepppy.run.test_readiness_rejects_observa0.climate: Exported CLI parquet with peak intensities
PASSED
docs/work-packages/20260916_file_dependency_freshness/artifacts/cli_lineage_implementation_security_after_probe.py::test_readiness_rejects_observable_parquet_replacement[True] 2026-09-17 04:39:03 [INFO] wepppy.run.test_readiness_rejects_observa1.disturbed: disturbed.on(TriggerEvents.ON_INIT_FINISH)
2026-09-17 04:39:03 [INFO] wepppy.run.test_readiness_rejects_observa1.soils: soils.dump_soils_parquet()
2026-09-17 04:39:03 [INFO] wepppy.run.test_readiness_rejects_observa1.climate: Exported CLI parquet with peak intensities
PASSED
docs/work-packages/20260916_file_dependency_freshness/artifacts/cli_lineage_implementation_security_after_probe.py::test_oversize_footer_refused_before_arrow_decoding PASSED
docs/work-packages/20260916_file_dependency_freshness/artifacts/cli_lineage_implementation_security_after_probe.py::test_real_read_denial_cannot_be_ready[active_cli] 2026-09-17 04:39:05 [INFO] wepppy.run.test_real_read_denial_cannot_b0.disturbed: disturbed.on(TriggerEvents.ON_INIT_FINISH)
2026-09-17 04:39:05 [INFO] wepppy.run.test_real_read_denial_cannot_b0.soils: soils.dump_soils_parquet()
2026-09-17 04:39:05 [INFO] wepppy.run.test_real_read_denial_cannot_b0.climate: Exported CLI parquet with peak intensities
PASSED
docs/work-packages/20260916_file_dependency_freshness/artifacts/cli_lineage_implementation_security_after_probe.py::test_real_read_denial_cannot_be_ready[cli] 2026-09-17 04:39:06 [INFO] wepppy.run.test_real_read_denial_cannot_b1.disturbed: disturbed.on(TriggerEvents.ON_INIT_FINISH)
2026-09-17 04:39:06 [INFO] wepppy.run.test_real_read_denial_cannot_b1.soils: soils.dump_soils_parquet()
2026-09-17 04:39:06 [INFO] wepppy.run.test_real_read_denial_cannot_b1.climate: Exported CLI parquet with peak intensities
PASSED

=============================== warnings summary ===============================
../../opt/venv/lib/python3.12/site-packages/pytz/tzinfo.py:27
  /opt/venv/lib/python3.12/site-packages/pytz/tzinfo.py:27: DeprecationWarning: datetime.datetime.utcfromtimestamp() is deprecated and scheduled for removal in a future version. Use timezone-aware objects to represent datetimes in UTC: datetime.datetime.fromtimestamp(timestamp, datetime.UTC).
    _epoch = datetime.utcfromtimestamp(0)

../../opt/venv/lib/python3.12/site-packages/pyparsing.py:108
  /opt/venv/lib/python3.12/site-packages/pyparsing.py:108: DeprecationWarning: module 'sre_constants' is deprecated
    import sre_constants

tests/nodb/test_climate_artifact_export_service.py:12
  /workdir/wepppy/tests/nodb/test_climate_artifact_export_service.py:12: PytestUnknownMarkWarning: Unknown pytest.mark.unit - is this a typo?  You can register custom marks to avoid this warning - for details, see https://docs.pytest.org/en/stable/how-to/mark.html
    pytestmark = pytest.mark.unit

tests/nodb/mods/test_postfire_debris_flow_production.py:6
  /workdir/wepppy/tests/nodb/mods/test_postfire_debris_flow_production.py:6: PytestUnknownMarkWarning: Unknown pytest.mark.unit - is this a typo?  You can register custom marks to avoid this warning - for details, see https://docs.pytest.org/en/stable/how-to/mark.html
    pytestmark = pytest.mark.unit

docs/work-packages/20260916_file_dependency_freshness/artifacts/cli_lineage_implementation_security_after_probe.py:16
  /workdir/wepppy/docs/work-packages/20260916_file_dependency_freshness/artifacts/cli_lineage_implementation_security_after_probe.py:16: PytestUnknownMarkWarning: Unknown pytest.mark.integration - is this a typo?  You can register custom marks to avoid this warning - for details, see https://docs.pytest.org/en/stable/how-to/mark.html
    pytestmark = pytest.mark.integration

docs/work-packages/20260916_file_dependency_freshness/artifacts/cli_lineage_implementation_security_after_probe.py::test_readiness_rejects_observable_parquet_replacement[False]
  /workdir/wepppy/tests/nodb/mods/test_postfire_debris_flow_integration.py:16: PytestUnknownMarkWarning: Unknown pytest.mark.integration - is this a typo?  You can register custom marks to avoid this warning - for details, see https://docs.pytest.org/en/stable/how-to/mark.html
    pytestmark = pytest.mark.integration

docs/work-packages/20260916_file_dependency_freshness/artifacts/cli_lineage_implementation_security_after_probe.py::test_readiness_rejects_observable_parquet_replacement[False]
  /opt/venv/lib/python3.12/site-packages/awesome_codename/data/__init__.py:1: DeprecationWarning: pkg_resources is deprecated as an API. See https://setuptools.pypa.io/en/latest/pkg_resources.html
    from pkg_resources import resource_string

docs/work-packages/20260916_file_dependency_freshness/artifacts/cli_lineage_implementation_security_after_probe.py::test_readiness_rejects_observable_parquet_replacement[False]
  /opt/venv/lib/python3.12/site-packages/passlib/utils/__init__.py:854: DeprecationWarning: 'crypt' is deprecated and slated for removal in Python 3.13
    from crypt import crypt as _crypt

docs/work-packages/20260916_file_dependency_freshness/artifacts/cli_lineage_implementation_security_after_probe.py::test_readiness_rejects_observable_parquet_replacement[False]
  /opt/venv/lib/python3.12/site-packages/flask_security/core.py:1426: DeprecationWarning: The ConfirmRegisterForm and the confirm_register_form option are deprecated as of version 5.6.0 and will be removed in a future release.
    self.init_app(app, datastore, register_blueprint=register_blueprint)

docs/work-packages/20260916_file_dependency_freshness/artifacts/cli_lineage_implementation_security_after_probe.py::test_readiness_rejects_observable_parquet_replacement[False]
  /opt/venv/lib/python3.12/site-packages/flask_security/core.py:1426: DeprecationWarning: The RegisterForm is deprecated as of version 5.6.0 and will be removed in a future release. The form RegisterFormV2 should be sub-classed instead.
    self.init_app(app, datastore, register_blueprint=register_blueprint)

docs/work-packages/20260916_file_dependency_freshness/artifacts/cli_lineage_implementation_security_after_probe.py::test_readiness_rejects_observable_parquet_replacement[False]
docs/work-packages/20260916_file_dependency_freshness/artifacts/cli_lineage_implementation_security_after_probe.py::test_readiness_rejects_observable_parquet_replacement[False]
  /opt/venv/lib/python3.12/site-packages/starlette/applications.py:239: DeprecationWarning: The `middleware` decorator is deprecated, and will be removed in version 1.0.0. Refer to https://starlette.dev/middleware/#using-middleware for recommended approach.
    warnings.warn(

-- Docs: https://docs.pytest.org/en/stable/how-to/capture-warnings.html
======================= 8 passed, 12 warnings in 21.18s ========================
