INFO:wctl2:docker compose exec weppcloud python docs/work-packages/20260916_file_dependency_freshness/artifacts/cli_lineage_correctness_boundaries.py
Failed exporting CLI parquet with peak intensities
Traceback (most recent call last):
  File "/workdir/wepppy/wepppy/nodb/core/climate_artifact_export_service.py", line 145, in export_cli_parquet
    export_df.to_parquet(parquet_path, index=False)
  File "/opt/venv/lib/python3.12/site-packages/pandas/util/_decorators.py", line 333, in wrapper
    return func(*args, **kwargs)
           ^^^^^^^^^^^^^^^^^^^^^
  File "/opt/venv/lib/python3.12/site-packages/pandas/core/frame.py", line 3113, in to_parquet
    return to_parquet(
           ^^^^^^^^^^^
  File "/opt/venv/lib/python3.12/site-packages/pandas/io/parquet.py", line 480, in to_parquet
    impl.write(
  File "/opt/venv/lib/python3.12/site-packages/pandas/io/parquet.py", line 198, in write
    path_or_handle, handles, filesystem = _get_path_or_handle(
                                          ^^^^^^^^^^^^^^^^^^^^
  File "/opt/venv/lib/python3.12/site-packages/pandas/io/parquet.py", line 140, in _get_path_or_handle
    handles = get_handle(
              ^^^^^^^^^^^
  File "/opt/venv/lib/python3.12/site-packages/pandas/io/common.py", line 882, in get_handle
    handle = open(handle, ioargs.mode)
             ^^^^^^^^^^^^^^^^^^^^^^^^^
PermissionError: [Errno 13] Permission denied: '/tmp/cli-lineage-correctness-5_z24q2j/climate/wepp_cli.parquet'
{
  "uid": 1000,
  "cases": {
    "empty_cli": {
      "raised": "IndexError",
      "message": "list index out of range",
      "prior_output_unchanged": true
    },
    "invalid_header": {
      "raised": "AssertionError",
      "message": "['da', 'mo', 'year', 'prcp', 'bad', 'tp', 'ip', 'tmax', 'tmin', 'rad', 'w-vl', 'w-dir', 'tdew']",
      "prior_output_unchanged": true
    },
    "readonly_output_writable_parent": {
      "returned": null,
      "prior_output_unchanged": true,
      "parent_writable": true
    }
  }
}
