INFO:wctl2:docker compose exec weppcloud bash -lc cd /workdir/wepppy && PYTHONPATH=/workdir/wepppy MYPY_CACHE_DIR=/tmp/mypy_cache /opt/venv/bin/pytest docs/work-packages/20260916_file_dependency_freshness/artifacts/cli_lineage_implementation_correctness_probe.py -v -s --maxfail=1
============================= test session starts ==============================
platform linux -- Python 3.12.14, pytest-9.0.3, pluggy-1.6.0 -- /opt/venv/bin/python3
cachedir: .pytest_cache
rootdir: /workdir/wepppy
configfile: pyproject.toml
plugins: reportlog-0.4.0, timeout-2.4.0, cov-7.0.0, libtmux-0.47.0, dash-4.2.0, anyio-4.14.2
collecting ... collected 5 items

docs/work-packages/20260916_file_dependency_freshness/artifacts/cli_lineage_implementation_correctness_probe.py::test_footer_replacement_rejects_generation_mismatch[True] 2026-09-17 04:37:36 [INFO] wepppy.run.test_footer_replacement_reject0.disturbed: disturbed.on(TriggerEvents.ON_INIT_FINISH)
2026-09-17 04:37:36 [INFO] wepppy.run.test_footer_replacement_reject0.soils: soils.dump_soils_parquet()
2026-09-17 04:37:36 [INFO] wepppy.run.test_footer_replacement_reject0.climate: Exported CLI parquet with peak intensities
FOOTER_REPLACEMENT {"content": true, "code": "changed_source"}
PASSED
docs/work-packages/20260916_file_dependency_freshness/artifacts/cli_lineage_implementation_correctness_probe.py::test_footer_replacement_rejects_generation_mismatch[False] 2026-09-17 04:37:39 [INFO] wepppy.run.test_footer_replacement_reject1.disturbed: disturbed.on(TriggerEvents.ON_INIT_FINISH)
2026-09-17 04:37:39 [INFO] wepppy.run.test_footer_replacement_reject1.soils: soils.dump_soils_parquet()
2026-09-17 04:37:39 [INFO] wepppy.run.test_footer_replacement_reject1.climate: Exported CLI parquet with peak intensities
FOOTER_REPLACEMENT {"content": false, "code": "changed_source"}
PASSED
docs/work-packages/20260916_file_dependency_freshness/artifacts/cli_lineage_implementation_correctness_probe.py::test_committed_output_survives_status_failure 2026-09-17 04:37:42 [INFO] wepppy.run.test_committed_output_survives0.disturbed: disturbed.on(TriggerEvents.ON_INIT_FINISH)
2026-09-17 04:37:42 [INFO] wepppy.run.test_committed_output_survives0.soils: soils.dump_soils_parquet()
2026-09-17 04:37:42 [INFO] wepppy.run.test_committed_output_survives0.climate: Exported CLI parquet with peak intensities
2026-09-17 04:37:42 [INFO] wepppy.run.test_committed_output_survives0.climate: Exported CLI parquet with peak intensities
POSTCOMMIT_DIAGNOSTIC {"committed_return": true, "current": true}
PASSED
docs/work-packages/20260916_file_dependency_freshness/artifacts/cli_lineage_implementation_correctness_probe.py::test_overlap_retains_complete_generations 2026-09-17 04:37:43 [INFO] wepppy.run.test_overlap_retains_complete_0.disturbed: disturbed.on(TriggerEvents.ON_INIT_FINISH)
2026-09-17 04:37:43 [INFO] wepppy.run.test_overlap_retains_complete_0.soils: soils.dump_soils_parquet()
2026-09-17 04:37:43 [INFO] wepppy.run.test_overlap_retains_complete_0.climate: Exported CLI parquet with peak intensities
2026-09-17 04:37:43 [INFO] wepppy.run.test_overlap_retains_complete_0.climate: Exported CLI parquet with peak intensities
2026-09-17 04:37:43 [INFO] wepppy.run.test_overlap_retains_complete_0.climate: Exported CLI parquet with peak intensities
OVERLAP {"attempts": 2, "complete_rows_and_proof": true}
PASSED
docs/work-packages/20260916_file_dependency_freshness/artifacts/cli_lineage_implementation_correctness_probe.py::test_interchange_disappearing_hint_rejects_candidate 2026-09-17 04:37:44 [INFO] wepppy.run.test_interchange_disappearing_0.disturbed: disturbed.on(TriggerEvents.ON_INIT_FINISH)
2026-09-17 04:37:44 [INFO] wepppy.run.test_interchange_disappearing_0.soils: soils.dump_soils_parquet()
2026-09-17 04:37:44 [INFO] wepppy.run.test_interchange_disappearing_0.climate: Exported CLI parquet with peak intensities
HINT_REMOVAL {"candidate_rejected": true, "fallback_remains": true}
PASSED

=============================== warnings summary ===============================
../../opt/venv/lib/python3.12/site-packages/pytz/tzinfo.py:27
  /opt/venv/lib/python3.12/site-packages/pytz/tzinfo.py:27: DeprecationWarning: datetime.datetime.utcfromtimestamp() is deprecated and scheduled for removal in a future version. Use timezone-aware objects to represent datetimes in UTC: datetime.datetime.fromtimestamp(timestamp, datetime.UTC).
    _epoch = datetime.utcfromtimestamp(0)

../../opt/venv/lib/python3.12/site-packages/pyparsing.py:108
  /opt/venv/lib/python3.12/site-packages/pyparsing.py:108: DeprecationWarning: module 'sre_constants' is deprecated
    import sre_constants

tests/nodb/mods/test_postfire_debris_flow_production.py:6
  /workdir/wepppy/tests/nodb/mods/test_postfire_debris_flow_production.py:6: PytestUnknownMarkWarning: Unknown pytest.mark.unit - is this a typo?  You can register custom marks to avoid this warning - for details, see https://docs.pytest.org/en/stable/how-to/mark.html
    pytestmark = pytest.mark.unit

tests/nodb/test_climate_artifact_export_service.py:12
  /workdir/wepppy/tests/nodb/test_climate_artifact_export_service.py:12: PytestUnknownMarkWarning: Unknown pytest.mark.unit - is this a typo?  You can register custom marks to avoid this warning - for details, see https://docs.pytest.org/en/stable/how-to/mark.html
    pytestmark = pytest.mark.unit

tests/nodb/test_cli_parquet_lineage.py:23
  /workdir/wepppy/tests/nodb/test_cli_parquet_lineage.py:23: PytestUnknownMarkWarning: Unknown pytest.mark.integration - is this a typo?  You can register custom marks to avoid this warning - for details, see https://docs.pytest.org/en/stable/how-to/mark.html
    pytestmark = pytest.mark.integration

docs/work-packages/20260916_file_dependency_freshness/artifacts/cli_lineage_implementation_correctness_probe.py::test_footer_replacement_rejects_generation_mismatch[True]
  /workdir/wepppy/tests/nodb/mods/test_postfire_debris_flow_integration.py:16: PytestUnknownMarkWarning: Unknown pytest.mark.integration - is this a typo?  You can register custom marks to avoid this warning - for details, see https://docs.pytest.org/en/stable/how-to/mark.html
    pytestmark = pytest.mark.integration

docs/work-packages/20260916_file_dependency_freshness/artifacts/cli_lineage_implementation_correctness_probe.py::test_footer_replacement_rejects_generation_mismatch[True]
  /opt/venv/lib/python3.12/site-packages/awesome_codename/data/__init__.py:1: DeprecationWarning: pkg_resources is deprecated as an API. See https://setuptools.pypa.io/en/latest/pkg_resources.html
    from pkg_resources import resource_string

docs/work-packages/20260916_file_dependency_freshness/artifacts/cli_lineage_implementation_correctness_probe.py::test_footer_replacement_rejects_generation_mismatch[True]
  /opt/venv/lib/python3.12/site-packages/passlib/utils/__init__.py:854: DeprecationWarning: 'crypt' is deprecated and slated for removal in Python 3.13
    from crypt import crypt as _crypt

docs/work-packages/20260916_file_dependency_freshness/artifacts/cli_lineage_implementation_correctness_probe.py::test_footer_replacement_rejects_generation_mismatch[True]
  /opt/venv/lib/python3.12/site-packages/flask_security/core.py:1426: DeprecationWarning: The ConfirmRegisterForm and the confirm_register_form option are deprecated as of version 5.6.0 and will be removed in a future release.
    self.init_app(app, datastore, register_blueprint=register_blueprint)

docs/work-packages/20260916_file_dependency_freshness/artifacts/cli_lineage_implementation_correctness_probe.py::test_footer_replacement_rejects_generation_mismatch[True]
  /opt/venv/lib/python3.12/site-packages/flask_security/core.py:1426: DeprecationWarning: The RegisterForm is deprecated as of version 5.6.0 and will be removed in a future release. The form RegisterFormV2 should be sub-classed instead.
    self.init_app(app, datastore, register_blueprint=register_blueprint)

docs/work-packages/20260916_file_dependency_freshness/artifacts/cli_lineage_implementation_correctness_probe.py::test_footer_replacement_rejects_generation_mismatch[True]
docs/work-packages/20260916_file_dependency_freshness/artifacts/cli_lineage_implementation_correctness_probe.py::test_footer_replacement_rejects_generation_mismatch[True]
  /opt/venv/lib/python3.12/site-packages/starlette/applications.py:239: DeprecationWarning: The `middleware` decorator is deprecated, and will be removed in version 1.0.0. Refer to https://starlette.dev/middleware/#using-middleware for recommended approach.
    warnings.warn(

-- Docs: https://docs.pytest.org/en/stable/how-to/capture-warnings.html
======================= 5 passed, 12 warnings in 21.27s ========================
