INFO:wctl2:docker compose exec weppcloud python docs/work-packages/20260916_file_dependency_freshness/artifacts/benchmark_cli_lineage.py
thespian-cleanness actual_cli_parse_peak_intensities: 290.768 ms
thespian-cleanness actual_climate_service_export: 337.703 ms
thespian-cleanness actual_interchange_export_with_selected_symlink: 327.800 ms
thespian-cleanness actual_interchange_existing_legacy_fast_path: 0.048 ms
thespian-cleanness coherent_snapshot_copy_and_three_verified_digests: 23.551 ms
thespian-cleanness composed_snapshot_export_metadata_publish: 389.713 ms
thespian-cleanness coherent_parquet_metadata_only: 0.729 ms
thespian-cleanness composed_readiness_helper_cold: 5.696 ms
thespian-cleanness composed_readiness_during_admission: 5.602 ms
thespian-cleanness composed_readiness_admitting: 14.300 ms
thespian-cleanness composed_readiness_settled: 1.441 ms
plastic-bundling actual_cli_parse_peak_intensities: 689.787 ms
plastic-bundling actual_climate_service_export: 810.305 ms
plastic-bundling actual_interchange_export_with_selected_symlink: 789.191 ms
plastic-bundling actual_interchange_existing_legacy_fast_path: 0.053 ms
plastic-bundling coherent_snapshot_copy_and_three_verified_digests: 58.625 ms
plastic-bundling composed_snapshot_export_metadata_publish: 911.219 ms
plastic-bundling coherent_parquet_metadata_only: 0.770 ms
plastic-bundling composed_readiness_helper_cold: 12.009 ms
plastic-bundling composed_readiness_during_admission: 12.121 ms
plastic-bundling composed_readiness_admitting: 22.684 ms
plastic-bundling composed_readiness_settled: 1.253 ms
{
  "root": "/wc1/batch/qa-cli-lineage-perf-45563276ac4c",
  "uid": 1000,
  "gid": 993,
  "cases": {
    "thespian-cleanness": {
      "name": "thespian-cleanness",
      "named_source": "/wc1/runs/th/thespian-cleanness/climate/wepp.cli",
      "copy_source": "/wc1/batch/qa-cli-lineage-perf-45563276ac4c/thespian-cleanness/wepp.cli",
      "source_bytes": 1177082,
      "measurements": [
        {
          "name": "actual_cli_parse_peak_intensities",
          "repeats": 3,
          "seconds": [
            0.31674805586226285,
            0.2775369449518621,
            0.27802029182203114
          ],
          "mean_seconds": 0.2907684308787187,
          "tracked_read_bytes": {},
          "hash_checks": {},
          "process_rchar_delta": 3531361,
          "process_physical_read_bytes_delta": 1179648,
          "shape": [
            16802,
            21
          ]
        },
        {
          "name": "actual_climate_service_export",
          "repeats": 3,
          "seconds": [
            0.35740959690883756,
            0.3288312058430165,
            0.32686781883239746
          ],
          "mean_seconds": 0.3377028738614172,
          "tracked_read_bytes": {},
          "hash_checks": {},
          "process_rchar_delta": 3536827,
          "process_physical_read_bytes_delta": 0
        },
        {
          "name": "actual_interchange_export_with_selected_symlink",
          "repeats": 3,
          "seconds": [
            0.3293541339226067,
            0.32623518304899335,
            0.32781118410639465
          ],
          "mean_seconds": 0.32780016702599823,
          "tracked_read_bytes": {},
          "hash_checks": {},
          "process_rchar_delta": 3531369,
          "process_physical_read_bytes_delta": 0
        },
        {
          "name": "actual_interchange_existing_legacy_fast_path",
          "repeats": 100,
          "seconds": [
            6.955396384000778e-05,
            8.75759869813919e-05,
            5.437014624476433e-05,
            5.180691368877888e-05,
            5.187396891415119e-05,
            5.086301825940609e-05,
            6.696023046970367e-05,
            6.098300218582153e-05,
            4.5451102778315544e-05,
            4.48739156126976e-05,
            4.5001041144132614e-05,
            4.472094587981701e-05,
            4.433002322912216e-05,
            4.328880459070206e-05,
            4.364899359643459e-05,
            4.3708132579922676e-05,
            4.350603558123112e-05,
            4.4032931327819824e-05,
            4.34748362749815e-05,
            4.3208012357354164e-05,
            4.31528314948082e-05,
            7.657217793166637e-05,
            4.667113535106182e-05,
            4.695705138146877e-05,
            4.5839929953217506e-05,
            4.652608186006546e-05,
            6.128684617578983e-05,
            4.5182881876826286e-05,
            4.368112422525883e-05,
            4.3544918298721313e-05,
            4.2696017771959305e-05,
            4.314398393034935e-05,
            4.336307756602764e-05,
            4.298589192330837e-05,
            4.323595203459263e-05,
            4.3280888348817825e-05,
            4.3377047404646873e-05,
            4.364503547549248e-05,
            4.353979602456093e-05,
            4.372885450720787e-05,
            4.352489486336708e-05,
            4.3357955291867256e-05,
            7.044593803584576e-05,
            4.773004911839962e-05,
            4.5544933527708054e-05,
            4.573888145387173e-05,
            4.5552849769592285e-05,
            4.570488817989826e-05,
            6.0592079535126686e-05,
            4.363898187875748e-05,
            4.2700907215476036e-05,
            4.3144915252923965e-05,
            4.2866216972470284e-05,
            4.333793185651302e-05,
            4.35439869761467e-05,
            4.284689202904701e-05,
            4.304409958422184e-05,
            4.338892176747322e-05,
            4.2930012568831444e-05,
            4.292000085115433e-05,
            5.69408293813467e-05,
            4.6223169192671776e-05,
            4.451209679245949e-05,
            6.966711953282356e-05,
            5.129794590175152e-05,
            4.8759160563349724e-05,
            6.406311877071857e-05,
            4.850304685533047e-05,
            4.746695049107075e-05,
            6.35290052741766e-05,
            5.817785859107971e-05,
            4.3043866753578186e-05,
            4.310300573706627e-05,
            4.300987347960472e-05,
            4.259101115167141e-05,
            4.271185025572777e-05,
            4.2776111513376236e-05,
            4.352303221821785e-05,
            4.2618950828909874e-05,
            4.2875995859503746e-05,
            4.264502786099911e-05,
            4.289601929485798e-05,
            4.2599160224199295e-05,
            4.269392229616642e-05,
            7.234583608806133e-05,
            6.499304436147213e-05,
            4.695914685726166e-05,
            4.7116074711084366e-05,
            4.6558910980820656e-05,
            6.103399209678173e-05,
            4.502898082137108e-05,
            5.981489084661007e-05,
            4.3120002374053e-05,
            4.425784572958946e-05,
            4.312093369662762e-05,
            4.2883213609457016e-05,
            4.296703264117241e-05,
            4.277285188436508e-05,
            6.000790745019913e-05,
            4.44888137280941e-05
          ],
          "mean_seconds": 4.8418964724987744e-05,
          "tracked_read_bytes": {},
          "hash_checks": {},
          "process_rchar_delta": 123,
          "process_physical_read_bytes_delta": 0
        },
        {
          "name": "coherent_snapshot_copy_and_three_verified_digests",
          "repeats": 3,
          "seconds": [
            0.023738207994028926,
            0.023666684981435537,
            0.02324697794392705
          ],
          "mean_seconds": 0.02355062363979717,
          "tracked_read_bytes": {
            "/wc1/batch/qa-cli-lineage-perf-45563276ac4c/thespian-cleanness/wepp.cli": 10593738,
            "/wc1/batch/qa-cli-lineage-perf-45563276ac4c/thespian-cleanness/snapshot-9429388f/source.cli": 1177082,
            "/wc1/batch/qa-cli-lineage-perf-45563276ac4c/thespian-cleanness/snapshot-f75f7a53/source.cli": 1177082,
            "/wc1/batch/qa-cli-lineage-perf-45563276ac4c/thespian-cleanness/snapshot-cd86f561/source.cli": 1177082
          },
          "hash_checks": {
            "/wc1/batch/qa-cli-lineage-perf-45563276ac4c/thespian-cleanness/wepp.cli": 6,
            "/wc1/batch/qa-cli-lineage-perf-45563276ac4c/thespian-cleanness/snapshot-9429388f/source.cli": 1,
            "/wc1/batch/qa-cli-lineage-perf-45563276ac4c/thespian-cleanness/snapshot-f75f7a53/source.cli": 1,
            "/wc1/batch/qa-cli-lineage-perf-45563276ac4c/thespian-cleanness/snapshot-cd86f561/source.cli": 1
          },
          "process_rchar_delta": 14125107,
          "process_physical_read_bytes_delta": 0
        },
        {
          "name": "composed_snapshot_export_metadata_publish",
          "repeats": 3,
          "seconds": [
            0.38897641003131866,
            0.38790741795673966,
            0.39225423499010503
          ],
          "mean_seconds": 0.38971268765938777,
          "tracked_read_bytes": {
            "/wc1/batch/qa-cli-lineage-perf-45563276ac4c/thespian-cleanness/wepp.cli": 14124984,
            "/wc1/batch/qa-cli-lineage-perf-45563276ac4c/thespian-cleanness/composed-83db99a3/source.cli": 1177082,
            "/wc1/batch/qa-cli-lineage-perf-45563276ac4c/thespian-cleanness/composed-e2909778/source.cli": 1177082,
            "/wc1/batch/qa-cli-lineage-perf-45563276ac4c/thespian-cleanness/composed-cec1591d/source.cli": 1177082
          },
          "hash_checks": {
            "/wc1/batch/qa-cli-lineage-perf-45563276ac4c/thespian-cleanness/wepp.cli": 9,
            "/wc1/batch/qa-cli-lineage-perf-45563276ac4c/thespian-cleanness/composed-83db99a3/source.cli": 1,
            "/wc1/batch/qa-cli-lineage-perf-45563276ac4c/thespian-cleanness/composed-e2909778/source.cli": 1,
            "/wc1/batch/qa-cli-lineage-perf-45563276ac4c/thespian-cleanness/composed-cec1591d/source.cli": 1
          },
          "process_rchar_delta": 24100371,
          "process_physical_read_bytes_delta": 0
        },
        {
          "name": "coherent_parquet_metadata_only",
          "repeats": 100,
          "seconds": [
            0.0011540490668267012,
            0.0009028608910739422,
            0.0008339411579072475,
            0.0007700948044657707,
            0.0008301939815282822,
            0.0010311540681868792,
            0.0007446280214935541,
            0.0008111549541354179,
            0.0007567871361970901,
            0.0007662270218133926,
            0.0007745001930743456,
            0.0007269538473337889,
            0.0006688600406050682,
            0.0007144899573177099,
            0.0007284099701792002,
            0.0006943021435290575,
            0.0006547910161316395,
            0.0006614199373871088,
            0.0006292350590229034,
            0.0008027439471334219,
            0.0006621568463742733,
            0.0007134838961064816,
            0.000668930122628808,
            0.0006490978412330151,
            0.0007219382096081972,
            0.0007051699794828892,
            0.0007474978920072317,
            0.0007654300425201654,
            0.0007427399978041649,
            0.0008186250925064087,
            0.0007218520622700453,
            0.0007162571419030428,
            0.0007094750180840492,
            0.0006822000723332167,
            0.0006880508735775948,
            0.0007126589771360159,
            0.000702309887856245,
            0.000706781167536974,
            0.000692310044541955,
            0.0007030030246824026,
            0.0007108349818736315,
            0.0007145928684622049,
            0.0007078838534653187,
            0.0006829909980297089,
            0.0007150350138545036,
            0.0006938339211046696,
            0.0007363928016275167,
            0.000761557137593627,
            0.000698119169101119,
            0.00076905800960958,
            0.0006557030137628317,
            0.0007368479855358601,
            0.0006765411235392094,
            0.0007230259943753481,
            0.0006931559182703495,
            0.0007030060514807701,
            0.0006973659619688988,
            0.0006732170004397631,
            0.0006882830057293177,
            0.0007285259198397398,
            0.0006980299949645996,
            0.0007305541075766087,
            0.0007582348771393299,
            0.0007673820946365595,
            0.0006781520787626505,
            0.0007763358298689127,
            0.0007963350508362055,
            0.000696009024977684,
            0.0006907049100846052,
            0.0008048401214182377,
            0.0007237570825964212,
            0.000958719989284873,
            0.0006505439523607492,
            0.000692723086103797,
            0.0007192511111497879,
            0.0006558559834957123,
            0.0007837649900466204,
            0.0006972020491957664,
            0.0007703250739723444,
            0.0006920290179550648,
            0.0007251829374581575,
            0.0006809600163251162,
            0.0007226739544421434,
            0.0006701049860566854,
            0.000673806993290782,
            0.0007394640706479549,
            0.000659919111058116,
            0.0007051341235637665,
            0.0007617610972374678,
            0.0006615759339183569,
            0.0007023708894848824,
            0.0006746069993823767,
            0.000669925007969141,
            0.0007361548487097025,
            0.0006850529462099075,
            0.0006907850038260221,
            0.0007077930495142937,
            0.0007152340840548277,
            0.0007265380118042231,
            0.0008103430736809969
          ],
          "mean_seconds": 0.0007291287370026112,
          "tracked_read_bytes": {
            "/wc1/batch/qa-cli-lineage-perf-45563276ac4c/thespian-cleanness/composed-cec1591d/climate/wepp_cli.parquet": 6553600
          },
          "hash_checks": {},
          "process_rchar_delta": 6553727,
          "process_physical_read_bytes_delta": 0
        },
        {
          "name": "composed_readiness_helper_cold",
          "repeats": 1,
          "seconds": [
            0.005695590050891042
          ],
          "mean_seconds": 0.005695590050891042,
          "tracked_read_bytes": {
            "/wc1/batch/qa-cli-lineage-perf-45563276ac4c/thespian-cleanness/wepp.cli": 1177082,
            "/wc1/batch/qa-cli-lineage-perf-45563276ac4c/thespian-cleanness/composed-cec1591d/climate/wepp_cli.parquet": 65536
          },
          "hash_checks": {
            "/wc1/batch/qa-cli-lineage-perf-45563276ac4c/thespian-cleanness/wepp.cli": 1
          },
          "process_rchar_delta": 1242745,
          "process_physical_read_bytes_delta": 0
        },
        {
          "name": "composed_readiness_during_admission",
          "repeats": 2,
          "seconds": [
            0.005706594092771411,
            0.005498070036992431
          ],
          "mean_seconds": 0.005602332064881921,
          "tracked_read_bytes": {
            "/wc1/batch/qa-cli-lineage-perf-45563276ac4c/thespian-cleanness/wepp.cli": 2354164,
            "/wc1/batch/qa-cli-lineage-perf-45563276ac4c/thespian-cleanness/composed-cec1591d/climate/wepp_cli.parquet": 131072
          },
          "hash_checks": {
            "/wc1/batch/qa-cli-lineage-perf-45563276ac4c/thespian-cleanness/wepp.cli": 2
          },
          "process_rchar_delta": 2485363,
          "process_physical_read_bytes_delta": 0
        },
        {
          "name": "composed_readiness_admitting",
          "repeats": 1,
          "seconds": [
            0.014299658127129078
          ],
          "mean_seconds": 0.014299658127129078,
          "tracked_read_bytes": {
            "/wc1/batch/qa-cli-lineage-perf-45563276ac4c/thespian-cleanness/wepp.cli": 1177082,
            "/wc1/batch/qa-cli-lineage-perf-45563276ac4c/thespian-cleanness/composed-cec1591d/climate/wepp_cli.parquet": 65536
          },
          "hash_checks": {
            "/wc1/batch/qa-cli-lineage-perf-45563276ac4c/thespian-cleanness/wepp.cli": 1
          },
          "process_rchar_delta": 1242745,
          "process_physical_read_bytes_delta": 0
        },
        {
          "name": "composed_readiness_settled",
          "repeats": 100,
          "seconds": [
            0.0023744700010865927,
            0.0023833480663597584,
            0.002310265088453889,
            0.002290839795023203,
            0.0022747849579900503,
            0.0023055800702422857,
            0.0024173040874302387,
            0.0026702801696956158,
            0.0022471710108220577,
            0.002329518087208271,
            0.002264298964291811,
            0.0022409269586205482,
            0.0022267820313572884,
            0.002311083022505045,
            0.00155746191740036,
            0.0017852559685707092,
            0.0016929430421441793,
            0.0018087239004671574,
            0.0019844339694827795,
            0.0016827911604195833,
            0.0011117069516330957,
            0.0011011920869350433,
            0.0017291740514338017,
            0.0016967810224741697,
            0.0017962499987334013,
            0.0013281870633363724,
            0.0011086969170719385,
            0.001455129822716117,
            0.0014862578827887774,
            0.001668610144406557,
            0.0015181780327111483,
            0.0016106211114674807,
            0.0014421471860259771,
            0.001541239209473133,
            0.0015524758491665125,
            0.0014945471193641424,
            0.0015196101740002632,
            0.0014167597983032465,
            0.0013996779453009367,
            0.0014977739192545414,
            0.0013440330512821674,
            0.0013824030756950378,
            0.0013596059288829565,
            0.0013746661134064198,
            0.0014457390643656254,
            0.0013605421409010887,
            0.001362185925245285,
            0.0014264020137488842,
            0.0013541050720959902,
            0.0013496759347617626,
            0.0013786258641630411,
            0.0012959609739482403,
            0.0012971889227628708,
            0.0013008280657231808,
            0.0013034900184720755,
            0.001306160120293498,
            0.001221850048750639,
            0.001246209954842925,
            0.0012357730884104967,
            0.001230339054018259,
            0.0012202700600028038,
            0.001180941006168723,
            0.0011995299719274044,
            0.0011696249712258577,
            0.0011689909733831882,
            0.0011767209507524967,
            0.0011999281123280525,
            0.0011204020120203495,
            0.0011127761099487543,
            0.001112224068492651,
            0.001111106015741825,
            0.0011401618830859661,
            0.0011137488763779402,
            0.0010952760931104422,
            0.0010798319708555937,
            0.0012409810442477465,
            0.0011163458693772554,
            0.0010696910321712494,
            0.0010734861716628075,
            0.001090531935915351,
            0.0010468489490449429,
            0.0010533640161156654,
            0.0010313349775969982,
            0.0034487328957766294,
            0.001023957971483469,
            0.0010102749802172184,
            0.001009427011013031,
            0.001041969982907176,
            0.000993975205346942,
            0.0009494649711996317,
            0.0009740309324115515,
            0.0009762078989297152,
            0.0009703210089355707,
            0.0009697920177131891,
            0.0009499199222773314,
            0.0009427070617675781,
            0.0009348790626972914,
            0.0009358951356261969,
            0.0009195371530950069,
            0.0009330580942332745
          ],
          "mean_seconds": 0.001441173313651234,
          "tracked_read_bytes": {
            "/wc1/batch/qa-cli-lineage-perf-45563276ac4c/thespian-cleanness/composed-cec1591d/climate/wepp_cli.parquet": 6553600
          },
          "hash_checks": {
            "/wc1/batch/qa-cli-lineage-perf-45563276ac4c/thespian-cleanness/wepp.cli": 100
          },
          "process_rchar_delta": 6553727,
          "process_physical_read_bytes_delta": 0
        }
      ],
      "rows": 16802,
      "years": 46,
      "parsed_columns": [
        "da",
        "mo",
        "year",
        "prcp",
        "dur",
        "tp",
        "ip",
        "tmax",
        "tmin",
        "rad",
        "w-vl",
        "w-dir",
        "tdew",
        "10-min Peak Rainfall Intensity (mm/hour)",
        "15-min Peak Rainfall Intensity (mm/hour)",
        "30-min Peak Rainfall Intensity (mm/hour)",
        "60-min Peak Rainfall Intensity (mm/hour)",
        "peak_intensity_10",
        "peak_intensity_15",
        "peak_intensity_30",
        "peak_intensity_60"
      ],
      "service_output_bytes": 854333,
      "both_producers_equal_rows_and_types": true,
      "legacy_fast_path_unchanged": true,
      "composed_rows_and_types_equal": true,
      "annotated_bytes": 854907,
      "prototype_metadata_is_not_production_contract": true,
      "named_generation_unchanged": true,
      "named_bytes_unchanged": true,
      "retained_file_bytes": {
        "wepp.cli": 1177082,
        "snapshot-9429388f/source.cli": 1177082,
        "composed-83db99a3/source.cli": 1177082,
        "snapshot-f75f7a53/source.cli": 1177082,
        "composed-e2909778/source.cli": 1177082,
        "snapshot-cd86f561/source.cli": 1177082,
        "composed-cec1591d/source.cli": 1177082,
        "service-a7262399/climate/wepp_cli.parquet": 854333,
        "composed-83db99a3/climate/wepp_cli.parquet": 854907,
        "service-a1b21dd6/climate/wepp_cli.parquet": 854333,
        "interchange-ff533fa5/climate/wepp_cli.parquet": 854333,
        "interchange-89a1b4f3/climate/wepp_cli.parquet": 854333,
        "composed-e2909778/climate/wepp_cli.parquet": 854907,
        "service-1e3a5b3e/climate/wepp_cli.parquet": 854333,
        "interchange-3ffa56c7/climate/wepp_cli.parquet": 854333,
        "composed-cec1591d/climate/wepp_cli.parquet": 854907
      },
      "snapshot_modes": {
        "snapshot-9429388f/source.cli": "0o600",
        "composed-83db99a3/source.cli": "0o600",
        "snapshot-f75f7a53/source.cli": "0o600",
        "composed-e2909778/source.cli": "0o600",
        "snapshot-cd86f561/source.cli": "0o600",
        "composed-cec1591d/source.cli": "0o600"
      }
    },
    "plastic-bundling": {
      "name": "plastic-bundling",
      "named_source": "/wc1/runs/pl/plastic-bundling/climate/wepp.cli",
      "copy_source": "/wc1/batch/qa-cli-lineage-perf-45563276ac4c/plastic-bundling/wepp.cli",
      "source_bytes": 3112776,
      "measurements": [
        {
          "name": "actual_cli_parse_peak_intensities",
          "repeats": 3,
          "seconds": [
            0.7024111358914524,
            0.6886295350268483,
            0.6783195489551872
          ],
          "mean_seconds": 0.6897867399578294,
          "tracked_read_bytes": {},
          "hash_checks": {},
          "process_rchar_delta": 9338455,
          "process_physical_read_bytes_delta": 3112960,
          "shape": [
            43829,
            21
          ]
        },
        {
          "name": "actual_climate_service_export",
          "repeats": 3,
          "seconds": [
            0.8006543919909745,
            0.8122778690885752,
            0.8179838221985847
          ],
          "mean_seconds": 0.8103053610927115,
          "tracked_read_bytes": {},
          "hash_checks": {},
          "process_rchar_delta": 9338455,
          "process_physical_read_bytes_delta": 0
        },
        {
          "name": "actual_interchange_export_with_selected_symlink",
          "repeats": 3,
          "seconds": [
            0.8220146319363266,
            0.7719749980606139,
            0.7735847970470786
          ],
          "mean_seconds": 0.7891914756813397,
          "tracked_read_bytes": {},
          "hash_checks": {},
          "process_rchar_delta": 9338455,
          "process_physical_read_bytes_delta": 0
        },
        {
          "name": "actual_interchange_existing_legacy_fast_path",
          "repeats": 100,
          "seconds": [
            8.60108993947506e-05,
            5.7175057008862495e-05,
            5.301088094711304e-05,
            5.187513306736946e-05,
            5.178898572921753e-05,
            5.191494710743427e-05,
            5.305907689034939e-05,
            5.2094925194978714e-05,
            5.133403465151787e-05,
            5.1587121561169624e-05,
            5.0751958042383194e-05,
            5.0576869398355484e-05,
            5.109608173370361e-05,
            6.256508640944958e-05,
            5.27228694409132e-05,
            5.084206350147724e-05,
            5.142693407833576e-05,
            5.1748938858509064e-05,
            5.065114237368107e-05,
            5.10229729115963e-05,
            5.163089372217655e-05,
            5.1405979320406914e-05,
            5.1348935812711716e-05,
            5.1380135118961334e-05,
            5.1511917263269424e-05,
            5.124206654727459e-05,
            5.073589272797108e-05,
            5.1337992772459984e-05,
            5.121016874909401e-05,
            5.108513869345188e-05,
            5.117407999932766e-05,
            5.058501847088337e-05,
            7.650116458535194e-05,
            5.265302024781704e-05,
            5.1219016313552856e-05,
            5.1202019676566124e-05,
            5.138106644153595e-05,
            5.09871169924736e-05,
            5.134008824825287e-05,
            5.153706297278404e-05,
            5.14050479978323e-05,
            5.091400817036629e-05,
            5.099899135529995e-05,
            5.1202019676566124e-05,
            5.1683979108929634e-05,
            5.64411748200655e-05,
            5.177385173738003e-05,
            5.1318900659680367e-05,
            5.105184391140938e-05,
            5.0980132073163986e-05,
            5.931197665631771e-05,
            5.490588955581188e-05,
            5.174614489078522e-05,
            5.120900459587574e-05,
            5.109398625791073e-05,
            5.0941016525030136e-05,
            5.09149394929409e-05,
            5.0677917897701263e-05,
            5.085510201752186e-05,
            5.066394805908203e-05,
            5.0315167754888535e-05,
            5.0777802243828773e-05,
            5.0609931349754333e-05,
            5.102716386318207e-05,
            5.074101500213146e-05,
            5.046301521360874e-05,
            5.09689562022686e-05,
            5.038781091570854e-05,
            5.09659294039011e-05,
            5.089794285595417e-05,
            6.274902261793613e-05,
            7.290393114089966e-05,
            5.9681013226509094e-05,
            5.21540641784668e-05,
            5.0788046792149544e-05,
            5.063693970441818e-05,
            5.078292451798916e-05,
            5.1770126447081566e-05,
            5.039293318986893e-05,
            5.056103691458702e-05,
            5.022808909416199e-05,
            5.053100176155567e-05,
            5.07039949297905e-05,
            5.0658127292990685e-05,
            5.0928909331560135e-05,
            5.112099461257458e-05,
            5.0995033234357834e-05,
            5.0936127081513405e-05,
            5.943281576037407e-05,
            5.367095582187176e-05,
            5.135801620781422e-05,
            5.123787559568882e-05,
            5.0890957936644554e-05,
            5.178200080990791e-05,
            5.0412025302648544e-05,
            5.063088610768318e-05,
            5.0768954679369926e-05,
            5.045998841524124e-05,
            5.0391070544719696e-05,
            5.0560105592012405e-05
          ],
          "mean_seconds": 5.262087332084775e-05,
          "tracked_read_bytes": {},
          "hash_checks": {},
          "process_rchar_delta": 128,
          "process_physical_read_bytes_delta": 0
        },
        {
          "name": "coherent_snapshot_copy_and_three_verified_digests",
          "repeats": 3,
          "seconds": [
            0.05783715797588229,
            0.058964222902432084,
            0.05907212197780609
          ],
          "mean_seconds": 0.05862450095204016,
          "tracked_read_bytes": {
            "/wc1/batch/qa-cli-lineage-perf-45563276ac4c/plastic-bundling/wepp.cli": 28014984,
            "/wc1/batch/qa-cli-lineage-perf-45563276ac4c/plastic-bundling/snapshot-7bbe6712/source.cli": 3112776,
            "/wc1/batch/qa-cli-lineage-perf-45563276ac4c/plastic-bundling/snapshot-366eea25/source.cli": 3112776,
            "/wc1/batch/qa-cli-lineage-perf-45563276ac4c/plastic-bundling/snapshot-d7e9cd3c/source.cli": 3112776
          },
          "hash_checks": {
            "/wc1/batch/qa-cli-lineage-perf-45563276ac4c/plastic-bundling/wepp.cli": 6,
            "/wc1/batch/qa-cli-lineage-perf-45563276ac4c/plastic-bundling/snapshot-7bbe6712/source.cli": 1,
            "/wc1/batch/qa-cli-lineage-perf-45563276ac4c/plastic-bundling/snapshot-366eea25/source.cli": 1,
            "/wc1/batch/qa-cli-lineage-perf-45563276ac4c/plastic-bundling/snapshot-d7e9cd3c/source.cli": 1
          },
          "process_rchar_delta": 37353440,
          "process_physical_read_bytes_delta": 0
        },
        {
          "name": "composed_snapshot_export_metadata_publish",
          "repeats": 3,
          "seconds": [
            0.9157508320640773,
            0.9162247830536216,
            0.9016821379773319
          ],
          "mean_seconds": 0.9112192510316769,
          "tracked_read_bytes": {
            "/wc1/batch/qa-cli-lineage-perf-45563276ac4c/plastic-bundling/wepp.cli": 37353312,
            "/wc1/batch/qa-cli-lineage-perf-45563276ac4c/plastic-bundling/composed-224a05e2/source.cli": 3112776,
            "/wc1/batch/qa-cli-lineage-perf-45563276ac4c/plastic-bundling/composed-1a33925a/source.cli": 3112776,
            "/wc1/batch/qa-cli-lineage-perf-45563276ac4c/plastic-bundling/composed-c013f199/source.cli": 3112776
          },
          "hash_checks": {
            "/wc1/batch/qa-cli-lineage-perf-45563276ac4c/plastic-bundling/wepp.cli": 9,
            "/wc1/batch/qa-cli-lineage-perf-45563276ac4c/plastic-bundling/composed-224a05e2/source.cli": 1,
            "/wc1/batch/qa-cli-lineage-perf-45563276ac4c/plastic-bundling/composed-1a33925a/source.cli": 1,
            "/wc1/batch/qa-cli-lineage-perf-45563276ac4c/plastic-bundling/composed-c013f199/source.cli": 1
          },
          "process_rchar_delta": 63695348,
          "process_physical_read_bytes_delta": 0
        },
        {
          "name": "coherent_parquet_metadata_only",
          "repeats": 100,
          "seconds": [
            0.0012765310239046812,
            0.0010266969911754131,
            0.001015277812257409,
            0.0009782619308680296,
            0.000978289870545268,
            0.0010417960584163666,
            0.0009863900486379862,
            0.0009948101360350847,
            0.0009499220177531242,
            0.0009275700431317091,
            0.0009653980378061533,
            0.0009816219098865986,
            0.0009408909827470779,
            0.0009297679644078016,
            0.0009037251584231853,
            0.0008815871551632881,
            0.0008978149853646755,
            0.0009009211789816618,
            0.0008520609699189663,
            0.0008713298011571169,
            0.0008808320853859186,
            0.0008281050249934196,
            0.0008705700747668743,
            0.0008770350832492113,
            0.0008692850824445486,
            0.0008323970250785351,
            0.0008695449214428663,
            0.0008301569614559412,
            0.0008275329601019621,
            0.0008407908026129007,
            0.0007913890294730663,
            0.0008121009450405836,
            0.0008093449287116528,
            0.0008076310623437166,
            0.0007962528616189957,
            0.0007964479736983776,
            0.0007696000393480062,
            0.0007972230669111013,
            0.0007825058419257402,
            0.0007857379969209433,
            0.0007497831247746944,
            0.000745037104934454,
            0.0007580779492855072,
            0.0007723311427980661,
            0.0007606639992445707,
            0.0007439409382641315,
            0.000764050055295229,
            0.0007692528888583183,
            0.00074430787935853,
            0.000725561985746026,
            0.0007376261055469513,
            0.0007547859568148851,
            0.0007325338665395975,
            0.0007342200260609388,
            0.00073265191167593,
            0.0007234630174934864,
            0.0006999869365245104,
            0.0007027809042483568,
            0.0007036079186946154,
            0.0007068321574479342,
            0.0007009299006313086,
            0.000721875810995698,
            0.000700521981343627,
            0.0007379401940852404,
            0.000699393916875124,
            0.000687197083607316,
            0.0006759909447282553,
            0.000688039930537343,
            0.0007029129192233086,
            0.0007020579650998116,
            0.0006261209491640329,
            0.0006660767830908298,
            0.0006637049373239279,
            0.0006558459717780352,
            0.0006661158986389637,
            0.0006764670833945274,
            0.0006587740499526262,
            0.0006773748900741339,
            0.0006350348703563213,
            0.0006233288440853357,
            0.0006472368258982897,
            0.0006075729615986347,
            0.0006453709211200476,
            0.0006508668884634972,
            0.0006400838028639555,
            0.0006421119906008244,
            0.0006464000325649977,
            0.0006453259848058224,
            0.0006782119162380695,
            0.0006554380524903536,
            0.0005918168462812901,
            0.0006313719786703587,
            0.0006197788752615452,
            0.0006235099863260984,
            0.0006606010720133781,
            0.0006504049524664879,
            0.0007023429498076439,
            0.0006403611041605473,
            0.0006349768955260515,
            0.0006585540249943733
          ],
          "mean_seconds": 0.0007697468670085073,
          "tracked_read_bytes": {
            "/wc1/batch/qa-cli-lineage-perf-45563276ac4c/plastic-bundling/composed-c013f199/climate/wepp_cli.parquet": 6553600
          },
          "hash_checks": {},
          "process_rchar_delta": 6553728,
          "process_physical_read_bytes_delta": 0
        },
        {
          "name": "composed_readiness_helper_cold",
          "repeats": 1,
          "seconds": [
            0.012009380850940943
          ],
          "mean_seconds": 0.012009380850940943,
          "tracked_read_bytes": {
            "/wc1/batch/qa-cli-lineage-perf-45563276ac4c/plastic-bundling/wepp.cli": 3112776,
            "/wc1/batch/qa-cli-lineage-perf-45563276ac4c/plastic-bundling/composed-c013f199/climate/wepp_cli.parquet": 65536
          },
          "hash_checks": {
            "/wc1/batch/qa-cli-lineage-perf-45563276ac4c/plastic-bundling/wepp.cli": 1
          },
          "process_rchar_delta": 3178440,
          "process_physical_read_bytes_delta": 0
        },
        {
          "name": "composed_readiness_during_admission",
          "repeats": 2,
          "seconds": [
            0.011950077023357153,
            0.012292027939110994
          ],
          "mean_seconds": 0.012121052481234074,
          "tracked_read_bytes": {
            "/wc1/batch/qa-cli-lineage-perf-45563276ac4c/plastic-bundling/wepp.cli": 6225552,
            "/wc1/batch/qa-cli-lineage-perf-45563276ac4c/plastic-bundling/composed-c013f199/climate/wepp_cli.parquet": 131072
          },
          "hash_checks": {
            "/wc1/batch/qa-cli-lineage-perf-45563276ac4c/plastic-bundling/wepp.cli": 2
          },
          "process_rchar_delta": 6356752,
          "process_physical_read_bytes_delta": 0
        },
        {
          "name": "composed_readiness_admitting",
          "repeats": 1,
          "seconds": [
            0.02268429403193295
          ],
          "mean_seconds": 0.02268429403193295,
          "tracked_read_bytes": {
            "/wc1/batch/qa-cli-lineage-perf-45563276ac4c/plastic-bundling/wepp.cli": 3112776,
            "/wc1/batch/qa-cli-lineage-perf-45563276ac4c/plastic-bundling/composed-c013f199/climate/wepp_cli.parquet": 65536
          },
          "hash_checks": {
            "/wc1/batch/qa-cli-lineage-perf-45563276ac4c/plastic-bundling/wepp.cli": 1
          },
          "process_rchar_delta": 3178440,
          "process_physical_read_bytes_delta": 0
        },
        {
          "name": "composed_readiness_settled",
          "repeats": 100,
          "seconds": [
            0.0016827969811856747,
            0.001671481179073453,
            0.0016033309511840343,
            0.001626205863431096,
            0.001580362906679511,
            0.0016019840259104967,
            0.0015876740217208862,
            0.00158164300955832,
            0.0016282538417726755,
            0.001615114975720644,
            0.0015837110113352537,
            0.0015108489897102118,
            0.0015358789823949337,
            0.001550666056573391,
            0.0016672038473188877,
            0.0015571131370961666,
            0.0015809820033609867,
            0.001541484147310257,
            0.001544275088235736,
            0.0015460660215467215,
            0.0015182390343397856,
            0.0015461910516023636,
            0.001507841981947422,
            0.0015323080588132143,
            0.001520414836704731,
            0.001550505869090557,
            0.0015448518097400665,
            0.0015770040918141603,
            0.00153031712397933,
            0.0015353979542851448,
            0.001439252169802785,
            0.0014363720547407866,
            0.001410790951922536,
            0.0014549798797816038,
            0.001447648974135518,
            0.0013692870270460844,
            0.0013721608556807041,
            0.0013521471992135048,
            0.0013740190770477057,
            0.0013688020408153534,
            0.0013781089801341295,
            0.0012924219481647015,
            0.001298028975725174,
            0.0013061030767858028,
            0.001260977005586028,
            0.0013017458841204643,
            0.001228309003636241,
            0.001249311026185751,
            0.0012365172151476145,
            0.0012287150602787733,
            0.0012280610390007496,
            0.0012530959211289883,
            0.0011811819858849049,
            0.0011993290390819311,
            0.0011791451834142208,
            0.0011792359873652458,
            0.0011793121229857206,
            0.0011837040074169636,
            0.0010993578471243382,
            0.0012041730806231499,
            0.0012633830774575472,
            0.0011504839640110731,
            0.0010870280675590038,
            0.0010961189400404692,
            0.001079451059922576,
            0.0010532750748097897,
            0.0011334752198308706,
            0.0010470598936080933,
            0.0010381790343672037,
            0.0010431231930851936,
            0.0010438680183142424,
            0.0010382530745118856,
            0.0010523139499127865,
            0.0010015950538218021,
            0.000995971029624343,
            0.0010176869109272957,
            0.0009972290135920048,
            0.0009999938774853945,
            0.0009874708484858274,
            0.000969011103734374,
            0.000968526815995574,
            0.0009628999978303909,
            0.0009693130850791931,
            0.0009660990908741951,
            0.0009707228746265173,
            0.0009359989780932665,
            0.0009376639500260353,
            0.0009096041321754456,
            0.0009252661839127541,
            0.0009379340335726738,
            0.0009150849655270576,
            0.0008956040255725384,
            0.0008979728445410728,
            0.0009046299383044243,
            0.0008994780946522951,
            0.0009028289932757616,
            0.0008925360161811113,
            0.000863752095028758,
            0.0008756490424275398,
            0.0008462360128760338
          ],
          "mean_seconds": 0.00125325215049088,
          "tracked_read_bytes": {
            "/wc1/batch/qa-cli-lineage-perf-45563276ac4c/plastic-bundling/composed-c013f199/climate/wepp_cli.parquet": 6553600
          },
          "hash_checks": {
            "/wc1/batch/qa-cli-lineage-perf-45563276ac4c/plastic-bundling/wepp.cli": 100
          },
          "process_rchar_delta": 6553728,
          "process_physical_read_bytes_delta": 0
        }
      ],
      "rows": 43829,
      "years": 120,
      "parsed_columns": [
        "da",
        "mo",
        "year",
        "prcp",
        "dur",
        "tp",
        "ip",
        "tmax",
        "tmin",
        "rad",
        "w-vl",
        "w-dir",
        "tdew",
        "10-min Peak Rainfall Intensity (mm/hour)",
        "15-min Peak Rainfall Intensity (mm/hour)",
        "30-min Peak Rainfall Intensity (mm/hour)",
        "60-min Peak Rainfall Intensity (mm/hour)",
        "peak_intensity_10",
        "peak_intensity_15",
        "peak_intensity_30",
        "peak_intensity_60"
      ],
      "service_output_bytes": 2438520,
      "both_producers_equal_rows_and_types": true,
      "legacy_fast_path_unchanged": true,
      "composed_rows_and_types_equal": true,
      "annotated_bytes": 2439094,
      "prototype_metadata_is_not_production_contract": true,
      "named_generation_unchanged": true,
      "named_bytes_unchanged": true,
      "retained_file_bytes": {
        "wepp.cli": 3112776,
        "composed-224a05e2/source.cli": 3112776,
        "snapshot-d7e9cd3c/source.cli": 3112776,
        "composed-1a33925a/source.cli": 3112776,
        "composed-c013f199/source.cli": 3112776,
        "snapshot-7bbe6712/source.cli": 3112776,
        "snapshot-366eea25/source.cli": 3112776,
        "composed-224a05e2/climate/wepp_cli.parquet": 2439094,
        "interchange-403d174d/climate/wepp_cli.parquet": 2438520,
        "interchange-1dc443af/climate/wepp_cli.parquet": 2438520,
        "interchange-a772f294/climate/wepp_cli.parquet": 2438520,
        "service-6da3ebd6/climate/wepp_cli.parquet": 2438520,
        "composed-1a33925a/climate/wepp_cli.parquet": 2439094,
        "composed-c013f199/climate/wepp_cli.parquet": 2439094,
        "service-7a4fa20e/climate/wepp_cli.parquet": 2438520,
        "service-fdbdd4dc/climate/wepp_cli.parquet": 2438520
      },
      "snapshot_modes": {
        "composed-224a05e2/source.cli": "0o600",
        "snapshot-d7e9cd3c/source.cli": "0o600",
        "composed-1a33925a/source.cli": "0o600",
        "composed-c013f199/source.cli": "0o600",
        "snapshot-7bbe6712/source.cli": "0o600",
        "snapshot-366eea25/source.cli": "0o600"
      }
    }
  },
  "scope": "Actual existing Climate and interchange exports; probe-only coherent snapshot and metadata/readiness composition on disposable copies",
  "cache_note": "No OS cache drop; copying inputs primes page cache. Helper-cold does not mean cold storage.",
  "module_hashes": {
    "/workdir/wepppy/wepppy/nodb/core/climate_artifact_export_service.py": "436e26344956d233794f976717e7cf032db097376ff00f266425bb43893cda34",
    "/workdir/wepppy/wepppy/wepp/interchange/_utils.py": "7cd34191f538e52a2196f0ca5548375a66b95a2269723bd062fc2f9eb66f3eeb"
  }
}
