INFO:wctl2:docker compose exec weppcloud bash -lc cd /workdir/wepppy && PYTHONPATH=/workdir/wepppy MYPY_CACHE_DIR=/tmp/mypy_cache /opt/venv/bin/pytest docs/work-packages/20260916_file_dependency_freshness/artifacts/cli_lineage_archive_permissions_probe.py -v -s --maxfail=1 -k characterize
============================= test session starts ==============================
platform linux -- Python 3.12.14, pytest-9.0.3, pluggy-1.6.0 -- /opt/venv/bin/python3
cachedir: .pytest_cache
rootdir: /workdir/wepppy
configfile: pyproject.toml
plugins: reportlog-0.4.0, timeout-2.4.0, cov-7.0.0, libtmux-0.47.0, dash-4.2.0, anyio-4.14.2
collecting ... collected 2 items / 1 deselected / 1 selected

docs/work-packages/20260916_file_dependency_freshness/artifacts/cli_lineage_archive_permissions_probe.py::test_characterize_restored_snapshot_modes 2026-09-17 04:41:24 [INFO] wepppy.run.test_characterize_restored_sna0.disturbed: disturbed.on(TriggerEvents.ON_INIT_FINISH)
2026-09-17 04:41:24 [INFO] wepppy.run.test_characterize_restored_sna0.soils: soils.dump_soils_parquet()
2026-09-17 04:41:25 [INFO] wepppy.run.test_characterize_restored_sna0.climate: Exported CLI parquet with peak intensities
2026-09-17 04:41:25 [INFO] wepppy.run.test_characterize_restored_sna0.climate: Exported CLI parquet with peak intensities
Removing _query_engine/
Removing ash.nodb
Removing ash/
Removing ashpost.nodb
Removing debris_flow.nodb
Removing dem/dem.tif
Removing dem/wbt/bound.tif
Removing disturbed/disturbed_lookup_audit.jsonl
Removing disturbed/sbs_4class.tif
Removing export/
Removing observed.nodb
Removing observed/
Removing polaris/
Removing rusle/
Removing soils/123.sol
Removing sources/
Removing treatments.nodb
Removing treatments/
Removing wepp/flowpaths/
Removing wepp/plots/
Removing wepp/runs/
Removing wepp/stats/
ARCHIVE_SNAPSHOT_ACCESS {"before": {"directory": "0o700", "snapshot": "0o600", "source": "0o600"}, "after": {"directory": "0o755", "snapshot": "0o600"}}
FAILED

=================================== FAILURES ===================================
__________________ test_characterize_restored_snapshot_modes ___________________

owner_project = (PosixPath('/tmp/pytest-of-unknown/pytest-96/test_characterize_restored_sna0'), <wepppy.nodb.redis_prep.RedisPrep object at 0x7da43a324b60>)

    def test_characterize_restored_snapshot_modes(owner_project):
        root, _ = owner_project
        owner = Climate.getInstance(str(root))
        source = root / 'climate' / owner.cli_fn
        source.chmod(0o600)
        assert owner._export_cli_parquet() is not None
        attempts = list(root.glob('climate_artifacts/cli_parquet/attempts/*'))
        selected = max(attempts, key=lambda path: path.stat().st_mtime_ns)
        snapshot = selected / 'source.cli'
        before = {'directory': oct(stat.S_IMODE(selected.stat().st_mode)),
                  'snapshot': oct(stat.S_IMODE(snapshot.stat().st_mode)),
                  'source': oct(stat.S_IMODE(source.stat().st_mode))}
        # The existing actual workflow covers cleanup, skeletonization, ArchiveRuntime,
        # ZIP members and restore_archive_rq; it checks all retained bytes too.
        test_cleanup_skeleton_archive_restore_keep_history(owner_project)
        after = {'directory': oct(stat.S_IMODE(selected.stat().st_mode)),
                 'snapshot': oct(stat.S_IMODE(snapshot.stat().st_mode))}
        print('ARCHIVE_SNAPSHOT_ACCESS ' + json.dumps({'before': before, 'after': after}))
        assert before['directory'] == '0o700' and before['source'] == '0o600'
>       assert after['directory'] == '0o755' and after['snapshot'] == '0o644'
E       AssertionError: assert ('0o755' == '0o755'
E         
E           0o755 and '0o600' == '0o644'
E         
E         - 0o644
E         + 0o600)

docs/work-packages/20260916_file_dependency_freshness/artifacts/cli_lineage_archive_permissions_probe.py:33: AssertionError
=============================== warnings summary ===============================
../../opt/venv/lib/python3.12/site-packages/pytz/tzinfo.py:27
  /opt/venv/lib/python3.12/site-packages/pytz/tzinfo.py:27: DeprecationWarning: datetime.datetime.utcfromtimestamp() is deprecated and scheduled for removal in a future version. Use timezone-aware objects to represent datetimes in UTC: datetime.datetime.fromtimestamp(timestamp, datetime.UTC).
    _epoch = datetime.utcfromtimestamp(0)

../../opt/venv/lib/python3.12/site-packages/pyparsing.py:108
  /opt/venv/lib/python3.12/site-packages/pyparsing.py:108: DeprecationWarning: module 'sre_constants' is deprecated
    import sre_constants

tests/nodb/mods/test_postfire_debris_flow_production.py:6
  /workdir/wepppy/tests/nodb/mods/test_postfire_debris_flow_production.py:6: PytestUnknownMarkWarning: Unknown pytest.mark.unit - is this a typo?  You can register custom marks to avoid this warning - for details, see https://docs.pytest.org/en/stable/how-to/mark.html
    pytestmark = pytest.mark.unit

tests/nodb/test_climate_artifact_export_service.py:12
  /workdir/wepppy/tests/nodb/test_climate_artifact_export_service.py:12: PytestUnknownMarkWarning: Unknown pytest.mark.unit - is this a typo?  You can register custom marks to avoid this warning - for details, see https://docs.pytest.org/en/stable/how-to/mark.html
    pytestmark = pytest.mark.unit

tests/nodb/test_cli_parquet_lineage.py:22
  /workdir/wepppy/tests/nodb/test_cli_parquet_lineage.py:22: PytestUnknownMarkWarning: Unknown pytest.mark.integration - is this a typo?  You can register custom marks to avoid this warning - for details, see https://docs.pytest.org/en/stable/how-to/mark.html
    pytestmark = pytest.mark.integration

docs/work-packages/20260916_file_dependency_freshness/artifacts/cli_lineage_archive_permissions_probe.py:11
  /workdir/wepppy/docs/work-packages/20260916_file_dependency_freshness/artifacts/cli_lineage_archive_permissions_probe.py:11: PytestUnknownMarkWarning: Unknown pytest.mark.integration - is this a typo?  You can register custom marks to avoid this warning - for details, see https://docs.pytest.org/en/stable/how-to/mark.html
    pytestmark = pytest.mark.integration

docs/work-packages/20260916_file_dependency_freshness/artifacts/cli_lineage_archive_permissions_probe.py::test_characterize_restored_snapshot_modes
  /workdir/wepppy/tests/nodb/mods/test_postfire_debris_flow_integration.py:16: PytestUnknownMarkWarning: Unknown pytest.mark.integration - is this a typo?  You can register custom marks to avoid this warning - for details, see https://docs.pytest.org/en/stable/how-to/mark.html
    pytestmark = pytest.mark.integration

docs/work-packages/20260916_file_dependency_freshness/artifacts/cli_lineage_archive_permissions_probe.py::test_characterize_restored_snapshot_modes
  /opt/venv/lib/python3.12/site-packages/awesome_codename/data/__init__.py:1: DeprecationWarning: pkg_resources is deprecated as an API. See https://setuptools.pypa.io/en/latest/pkg_resources.html
    from pkg_resources import resource_string

docs/work-packages/20260916_file_dependency_freshness/artifacts/cli_lineage_archive_permissions_probe.py::test_characterize_restored_snapshot_modes
  /opt/venv/lib/python3.12/site-packages/passlib/utils/__init__.py:854: DeprecationWarning: 'crypt' is deprecated and slated for removal in Python 3.13
    from crypt import crypt as _crypt

docs/work-packages/20260916_file_dependency_freshness/artifacts/cli_lineage_archive_permissions_probe.py::test_characterize_restored_snapshot_modes
  /opt/venv/lib/python3.12/site-packages/flask_security/core.py:1426: DeprecationWarning: The ConfirmRegisterForm and the confirm_register_form option are deprecated as of version 5.6.0 and will be removed in a future release.
    self.init_app(app, datastore, register_blueprint=register_blueprint)

docs/work-packages/20260916_file_dependency_freshness/artifacts/cli_lineage_archive_permissions_probe.py::test_characterize_restored_snapshot_modes
  /opt/venv/lib/python3.12/site-packages/flask_security/core.py:1426: DeprecationWarning: The RegisterForm is deprecated as of version 5.6.0 and will be removed in a future release. The form RegisterFormV2 should be sub-classed instead.
    self.init_app(app, datastore, register_blueprint=register_blueprint)

docs/work-packages/20260916_file_dependency_freshness/artifacts/cli_lineage_archive_permissions_probe.py::test_characterize_restored_snapshot_modes
docs/work-packages/20260916_file_dependency_freshness/artifacts/cli_lineage_archive_permissions_probe.py::test_characterize_restored_snapshot_modes
  /opt/venv/lib/python3.12/site-packages/starlette/applications.py:239: DeprecationWarning: The `middleware` decorator is deprecated, and will be removed in version 1.0.0. Refer to https://starlette.dev/middleware/#using-middleware for recommended approach.
    warnings.warn(

docs/work-packages/20260916_file_dependency_freshness/artifacts/cli_lineage_archive_permissions_probe.py::test_characterize_restored_snapshot_modes
  /workdir/wepppy/wepppy/rq/project_rq_archive.py:282: DeprecationWarning: datetime.datetime.utcnow() is deprecated and scheduled for removal in a future version. Use timezone-aware objects to represent datetimes in UTC: datetime.datetime.now(datetime.UTC).
    timestamp = datetime.utcnow().strftime("%Y%m%dT%H%M%SZ")

-- Docs: https://docs.pytest.org/en/stable/how-to/capture-warnings.html
=========================== short test summary info ============================
FAILED docs/work-packages/20260916_file_dependency_freshness/artifacts/cli_lineage_archive_permissions_probe.py::test_characterize_restored_snapshot_modes
!!!!!!!!!!!!!!!!!!!!!!!!!! stopping after 1 failures !!!!!!!!!!!!!!!!!!!!!!!!!!!
================ 1 failed, 1 deselected, 14 warnings in 15.08s =================
