INFO:wctl2:docker compose exec weppcloud bash -lc cd /workdir/wepppy && PYTHONPATH=/workdir/wepppy MYPY_CACHE_DIR=/tmp/mypy_cache /opt/venv/bin/pytest docs/work-packages/20260916_file_dependency_freshness/artifacts/cli_lineage_parent_reuse_security_probe.py -q
.........                                                                [100%]
=============================== warnings summary ===============================
../../opt/venv/lib/python3.12/site-packages/pytz/tzinfo.py:27
  /opt/venv/lib/python3.12/site-packages/pytz/tzinfo.py:27: DeprecationWarning: datetime.datetime.utcfromtimestamp() is deprecated and scheduled for removal in a future version. Use timezone-aware objects to represent datetimes in UTC: datetime.datetime.fromtimestamp(timestamp, datetime.UTC).
    _epoch = datetime.utcfromtimestamp(0)

../../opt/venv/lib/python3.12/site-packages/pyparsing.py:108
  /opt/venv/lib/python3.12/site-packages/pyparsing.py:108: DeprecationWarning: module 'sre_constants' is deprecated
    import sre_constants

tests/nodb/mods/test_postfire_debris_flow_production.py:6
  /workdir/wepppy/tests/nodb/mods/test_postfire_debris_flow_production.py:6: PytestUnknownMarkWarning: Unknown pytest.mark.unit - is this a typo?  You can register custom marks to avoid this warning - for details, see https://docs.pytest.org/en/stable/how-to/mark.html
    pytestmark = pytest.mark.unit

docs/work-packages/20260916_file_dependency_freshness/artifacts/cli_lineage_parent_reuse_security_probe.py:11
  /workdir/wepppy/docs/work-packages/20260916_file_dependency_freshness/artifacts/cli_lineage_parent_reuse_security_probe.py:11: PytestUnknownMarkWarning: Unknown pytest.mark.integration - is this a typo?  You can register custom marks to avoid this warning - for details, see https://docs.pytest.org/en/stable/how-to/mark.html
    pytestmark = pytest.mark.integration

docs/work-packages/20260916_file_dependency_freshness/artifacts/cli_lineage_parent_reuse_security_probe.py::test_parent_replacement_hardlinks_cannot_keep_lineage_current[False]
  /workdir/wepppy/tests/nodb/mods/test_postfire_debris_flow_integration.py:16: PytestUnknownMarkWarning: Unknown pytest.mark.integration - is this a typo?  You can register custom marks to avoid this warning - for details, see https://docs.pytest.org/en/stable/how-to/mark.html
    pytestmark = pytest.mark.integration

docs/work-packages/20260916_file_dependency_freshness/artifacts/cli_lineage_parent_reuse_security_probe.py::test_parent_replacement_hardlinks_cannot_keep_lineage_current[False]
  /opt/venv/lib/python3.12/site-packages/awesome_codename/data/__init__.py:1: DeprecationWarning: pkg_resources is deprecated as an API. See https://setuptools.pypa.io/en/latest/pkg_resources.html
    from pkg_resources import resource_string

docs/work-packages/20260916_file_dependency_freshness/artifacts/cli_lineage_parent_reuse_security_probe.py::test_parent_replacement_hardlinks_cannot_keep_lineage_current[False]
  /opt/venv/lib/python3.12/site-packages/passlib/utils/__init__.py:854: DeprecationWarning: 'crypt' is deprecated and slated for removal in Python 3.13
    from crypt import crypt as _crypt

docs/work-packages/20260916_file_dependency_freshness/artifacts/cli_lineage_parent_reuse_security_probe.py::test_parent_replacement_hardlinks_cannot_keep_lineage_current[False]
  /opt/venv/lib/python3.12/site-packages/flask_security/core.py:1426: DeprecationWarning: The ConfirmRegisterForm and the confirm_register_form option are deprecated as of version 5.6.0 and will be removed in a future release.
    self.init_app(app, datastore, register_blueprint=register_blueprint)

docs/work-packages/20260916_file_dependency_freshness/artifacts/cli_lineage_parent_reuse_security_probe.py::test_parent_replacement_hardlinks_cannot_keep_lineage_current[False]
  /opt/venv/lib/python3.12/site-packages/flask_security/core.py:1426: DeprecationWarning: The RegisterForm is deprecated as of version 5.6.0 and will be removed in a future release. The form RegisterFormV2 should be sub-classed instead.
    self.init_app(app, datastore, register_blueprint=register_blueprint)

docs/work-packages/20260916_file_dependency_freshness/artifacts/cli_lineage_parent_reuse_security_probe.py::test_parent_replacement_hardlinks_cannot_keep_lineage_current[False]
docs/work-packages/20260916_file_dependency_freshness/artifacts/cli_lineage_parent_reuse_security_probe.py::test_parent_replacement_hardlinks_cannot_keep_lineage_current[False]
  /opt/venv/lib/python3.12/site-packages/starlette/applications.py:239: DeprecationWarning: The `middleware` decorator is deprecated, and will be removed in version 1.0.0. Refer to https://starlette.dev/middleware/#using-middleware for recommended approach.
    warnings.warn(

docs/work-packages/20260916_file_dependency_freshness/artifacts/cli_lineage_parent_reuse_security_probe.py::test_parent_replacement_hardlinks_cannot_keep_lineage_current[False]
  /workdir/wepppy/tests/nodb/test_climate_artifact_export_service.py:12: PytestUnknownMarkWarning: Unknown pytest.mark.unit - is this a typo?  You can register custom marks to avoid this warning - for details, see https://docs.pytest.org/en/stable/how-to/mark.html
    pytestmark = pytest.mark.unit

-- Docs: https://docs.pytest.org/en/stable/how-to/capture-warnings.html
9 passed, 12 warnings in 17.65s
