INFO:wctl2:docker compose exec weppcloud bash -lc cd /workdir/wepppy && PYTHONPATH=/workdir/wepppy MYPY_CACHE_DIR=/tmp/mypy_cache /opt/venv/bin/pytest tests/nodb/mods/test_postfire_debris_flow_freshness.py tests/nodb/mods/test_postfire_debris_flow_production.py tests/nodb/mods/test_postfire_debris_flow_runtime_m3.py tests/microservices/test_rq_engine_postfire_debris_flow.py --maxfail=1
============================= test session starts ==============================
platform linux -- Python 3.12.14, pytest-9.0.3, pluggy-1.6.0
rootdir: /workdir/wepppy
configfile: pyproject.toml
plugins: reportlog-0.4.0, timeout-2.4.0, cov-7.0.0, libtmux-0.47.0, dash-4.2.0, anyio-4.14.2
collected 140 items

tests/nodb/mods/test_postfire_debris_flow_freshness.py ............F

=================================== FAILURES ===================================
___________________ test_source_snapshots_legacy_and_content ___________________

tmp_path = PosixPath('/tmp/pytest-of-unknown/pytest-15/test_source_snapshots_legacy_a0')

    def test_source_snapshots_legacy_and_content(tmp_path):
        from copy import deepcopy
        path = tmp_path/'source'
        path.write_bytes(b'before')
        accepted = snapshot(tmp_path, path)
        legacy = {key: value for key, value in accepted.items() if key != 'content_sha256'}
        assert p._source_snapshots_current(legacy, accepted)
        os.link(path, tmp_path/'linked')
        current = snapshot(tmp_path, path)
        assert p._source_snapshots_current(accepted, current)
>       assert not p._source_snapshots_current(legacy, current)
E       AssertionError: assert not True
E        +  where True = <function _source_snapshots_current at 0x723b14439ee0>({'files': {'cli': ['source', 6, 1789608988044967216, 1789608988044967216]}, 'selections': {'model': 'M3'}}, {'content_sha256': {'cli': '6db7d803e74f1ffa7d8f5adc0bf95b3e15bf4c8373fffadf546227cc6c6742cb'}, 'files': {'cli': ['source', 6, 1789608988044967216, 1789608988044967216]}, 'selections': {'model': 'M3'}})
E        +    where <function _source_snapshots_current at 0x723b14439ee0> = p._source_snapshots_current

tests/nodb/mods/test_postfire_debris_flow_freshness.py:64: AssertionError
=============================== warnings summary ===============================
../../opt/venv/lib/python3.12/site-packages/pytz/tzinfo.py:27
  /opt/venv/lib/python3.12/site-packages/pytz/tzinfo.py:27: DeprecationWarning: datetime.datetime.utcfromtimestamp() is deprecated and scheduled for removal in a future version. Use timezone-aware objects to represent datetimes in UTC: datetime.datetime.fromtimestamp(timestamp, datetime.UTC).
    _epoch = datetime.utcfromtimestamp(0)

../../opt/venv/lib/python3.12/site-packages/pyparsing.py:108
  /opt/venv/lib/python3.12/site-packages/pyparsing.py:108: DeprecationWarning: module 'sre_constants' is deprecated
    import sre_constants

../../opt/venv/lib/python3.12/site-packages/starlette/applications.py:239
../../opt/venv/lib/python3.12/site-packages/starlette/applications.py:239
  /opt/venv/lib/python3.12/site-packages/starlette/applications.py:239: DeprecationWarning: The `middleware` decorator is deprecated, and will be removed in version 1.0.0. Refer to https://starlette.dev/middleware/#using-middleware for recommended approach.
    warnings.warn(

../../opt/venv/lib/python3.12/site-packages/passlib/utils/__init__.py:854
  /opt/venv/lib/python3.12/site-packages/passlib/utils/__init__.py:854: DeprecationWarning: 'crypt' is deprecated and slated for removal in Python 3.13
    from crypt import crypt as _crypt

../../opt/venv/lib/python3.12/site-packages/passlib/pwd.py:16
  /opt/venv/lib/python3.12/site-packages/passlib/pwd.py:16: DeprecationWarning: pkg_resources is deprecated as an API. See https://setuptools.pypa.io/en/latest/pkg_resources.html
    import pkg_resources

-- Docs: https://docs.pytest.org/en/stable/how-to/capture-warnings.html
=========================== short test summary info ============================
FAILED tests/nodb/mods/test_postfire_debris_flow_freshness.py::test_source_snapshots_legacy_and_content
!!!!!!!!!!!!!!!!!!!!!!!!!! stopping after 1 failures !!!!!!!!!!!!!!!!!!!!!!!!!!!
=================== 1 failed, 12 passed, 6 warnings in 1.39s ===================
