INFO:wctl2:docker compose exec weppcloud bash -lc cd /workdir/wepppy && PYTHONPATH=/workdir/wepppy MYPY_CACHE_DIR=/tmp/mypy_cache /opt/venv/bin/pytest docs/work-packages/20260916_file_dependency_freshness/artifacts/geneva_failure_security_probe_revision2.py -v -s
============================= test session starts ==============================
platform linux -- Python 3.12.14, pytest-9.0.3, pluggy-1.6.0 -- /opt/venv/bin/python3
cachedir: .pytest_cache
rootdir: /workdir/wepppy
configfile: pyproject.toml
plugins: reportlog-0.4.0, timeout-2.4.0, cov-7.0.0, libtmux-0.47.0, dash-4.2.0, anyio-4.14.2
collecting ... collected 5 items

docs/work-packages/20260916_file_dependency_freshness/artifacts/geneva_failure_security_probe_revision2.py::test_orphan_mask_native_and_candidate_publication {"old_native": {"pixels": [[3, 3], [3, 3]], "mask": [[0, 0], [0, 0]]}, "current": {"pixels": [[3, 3], [3, 3]], "mask": [[0, 0], [0, 0]]}, "statuses": [{"attempt_id": "29e5acc21f454424b1d5e49cbb12b096", "compatibility_native_overwrite": true, "dependencies": {"bound": ["/tmp/pytest-of-unknown/pytest-151/test_orphan_mask_native_and_ca0/sources/bound.tif", "/tmp/pytest-of-unknown/pytest-151/test_orphan_mask_native_and_ca0/sources/bound.tif", {"blockysize": 2, "crs": "EPSG:32611", "height": 2, "interleave": "band", "tiled": false, "transform": [30.0, 0.0, 500000.0, 0.0, -30.0, 5000000.0, 0.0, 0.0, 1.0], "width": 2}], "source": ["local-raster-v1", ["/tmp/pytest-of-unknown/pytest-151/test_orphan_mask_native_and_ca0/sources/source.tif"], [["/tmp/pytest-of-unknown/pytest-151/test_orphan_mask_native_and_ca0/sources/source.tif", [["/tmp/pytest-of-unknown/pytest-151/test_orphan_mask_native_and_ca0/sources/source.tif"], []]]], [["/tmp/pytest-of-unknown/pytest-151/test_orphan_mask_native_and_ca0/sources/source.tif", "/tmp/pytest-of-unknown/pytest-151/test_orphan_mask_native_and_ca0/sources/source.tif", "9266d0aa1321590fee1626d75705afb27b0549fc86b4ebbdadbdb3654718cb7f"]]]}, "error": null, "kind": "aligned_burn", "status": "complete", "target": "inputs/burn_severity_4class.tif"}]}
PASSED
docs/work-packages/20260916_file_dependency_freshness/artifacts/geneva_failure_security_probe_revision2.py::test_postcommit_status_path_failure_does_not_reverse_success {"error": null, "output": {"pixels": [[3, 3], [3, 3]], "mask": [[255, 255], [255, 255]]}, "outside": "private unrelated record"}
PASSED
docs/work-packages/20260916_file_dependency_freshness/artifacts/geneva_failure_security_probe_revision2.py::test_denied_existing_native_cache_read_keeps_prior_bytes {"error": "GenevaValidationError", "prior_preserved": true}
PASSED
docs/work-packages/20260916_file_dependency_freshness/artifacts/geneva_failure_security_probe_revision2.py::test_readonly_json_target_keeps_original_inode_authorization {"error": "PermissionError", "prior_preserved": true}
PASSED
docs/work-packages/20260916_file_dependency_freshness/artifacts/geneva_failure_security_probe_revision2.py::test_cached_json_target_disappears_after_read_returns_changed_source {"error": {"type": "GenevaKernelError", "code": "changed_source"}, "input_checks": 2}
PASSED

=============================== warnings summary ===============================
../../opt/venv/lib/python3.12/site-packages/pytz/tzinfo.py:27
  /opt/venv/lib/python3.12/site-packages/pytz/tzinfo.py:27: DeprecationWarning: datetime.datetime.utcfromtimestamp() is deprecated and scheduled for removal in a future version. Use timezone-aware objects to represent datetimes in UTC: datetime.datetime.fromtimestamp(timestamp, datetime.UTC).
    _epoch = datetime.utcfromtimestamp(0)

../../opt/venv/lib/python3.12/site-packages/pyparsing.py:108
  /opt/venv/lib/python3.12/site-packages/pyparsing.py:108: DeprecationWarning: module 'sre_constants' is deprecated
    import sre_constants

-- Docs: https://docs.pytest.org/en/stable/how-to/capture-warnings.html
======================== 5 passed, 2 warnings in 9.28s =========================
