INFO:wctl2:docker compose exec weppcloud bash -lc cd /workdir/wepppy && PYTHONPATH=/workdir/wepppy MYPY_CACHE_DIR=/tmp/mypy_cache /opt/venv/bin/pytest docs/work-packages/20260916_file_dependency_freshness/artifacts/geneva_failure_security_probe.py -v -s
============================= test session starts ==============================
platform linux -- Python 3.12.14, pytest-9.0.3, pluggy-1.6.0 -- /opt/venv/bin/python3
cachedir: .pytest_cache
rootdir: /workdir/wepppy
configfile: pyproject.toml
plugins: reportlog-0.4.0, timeout-2.4.0, cov-7.0.0, libtmux-0.47.0, dash-4.2.0, anyio-4.14.2
collecting ... collected 4 items

docs/work-packages/20260916_file_dependency_freshness/artifacts/geneva_failure_security_probe.py::test_orphan_mask_native_and_candidate_publication {"old_native": {"pixels": [[3, 3], [3, 3]], "mask": [[0, 0], [0, 0]]}, "current": {"pixels": [[3, 3], [3, 3]], "mask": [[0, 0], [0, 0]]}, "statuses": [{"attempt_id": "1a9cf04953ed4a8a9a9627f166efa512", "compatibility_native_overwrite": false, "dependencies": {"bound": ["/tmp/pytest-of-unknown/pytest-149/test_orphan_mask_native_and_ca0/sources/bound.tif", "/tmp/pytest-of-unknown/pytest-149/test_orphan_mask_native_and_ca0/sources/bound.tif", {"blockysize": 2, "crs": "EPSG:32611", "height": 2, "interleave": "band", "tiled": false, "transform": [30.0, 0.0, 500000.0, 0.0, -30.0, 5000000.0, 0.0, 0.0, 1.0], "width": 2}], "source": ["local-raster-v1", ["/tmp/pytest-of-unknown/pytest-149/test_orphan_mask_native_and_ca0/sources/source.tif"], [["/tmp/pytest-of-unknown/pytest-149/test_orphan_mask_native_and_ca0/sources/source.tif", [["/tmp/pytest-of-unknown/pytest-149/test_orphan_mask_native_and_ca0/sources/source.tif"], []]]], [["/tmp/pytest-of-unknown/pytest-149/test_orphan_mask_native_and_ca0/sources/source.tif", "/tmp/pytest-of-unknown/pytest-149/test_orphan_mask_native_and_ca0/sources/source.tif", "9266d0aa1321590fee1626d75705afb27b0549fc86b4ebbdadbdb3654718cb7f"]]]}, "error": null, "kind": "aligned_burn", "status": "complete", "target": "inputs/burn_severity_4class.tif"}]}
FAILED
docs/work-packages/20260916_file_dependency_freshness/artifacts/geneva_failure_security_probe.py::test_postcommit_status_path_failure_does_not_reverse_success {"error": {"type": "GenevaValidationError", "message": "Failed to align auto-discovered burn-severity raster to the Geneva canonical grid.", "code": "invalid_input"}, "output": {"pixels": [[3, 3], [3, 3]], "mask": [[255, 255], [255, 255]]}, "outside": "private unrelated record"}
FAILED
docs/work-packages/20260916_file_dependency_freshness/artifacts/geneva_failure_security_probe.py::test_denied_existing_native_cache_read_keeps_prior_bytes {"error": "GenevaValidationError", "prior_preserved": true}
PASSED
docs/work-packages/20260916_file_dependency_freshness/artifacts/geneva_failure_security_probe.py::test_readonly_json_target_keeps_original_inode_authorization {"error": "PermissionError", "prior_preserved": true}
PASSED

=================================== FAILURES ===================================
______________ test_orphan_mask_native_and_candidate_publication _______________

tmp_path = PosixPath('/tmp/pytest-of-unknown/pytest-149/test_orphan_mask_native_and_ca0')

    def test_orphan_mask_native_and_candidate_publication(tmp_path):
        geneva, root, source, bound = fixtures.fixture(tmp_path)
        direct = tmp_path / 'direct.tif'
        target = root / 'inputs/burn_severity_4class.tif'
        for path in (direct, target):
            fixtures.raster(path, 1)
            fixtures.mask(path)
            path.unlink()
        raster_stacker(source, bound, direct, resample='near')
        fixtures.align(geneva, source, bound)
        statuses = [json.loads(path.read_text()) for path in (root / 'cache_attempts').glob('*/status.json')]
        record('orphan_mask', old_native=fixtures.state(direct), current=fixtures.state(target), statuses=statuses)
        assert fixtures.state(target) == fixtures.state(direct)
>       assert statuses[-1]['compatibility_native_overwrite'] is True
E       assert False is True

docs/work-packages/20260916_file_dependency_freshness/artifacts/geneva_failure_security_probe.py:37: AssertionError
_________ test_postcommit_status_path_failure_does_not_reverse_success _________

tmp_path = PosixPath('/tmp/pytest-of-unknown/pytest-149/test_postcommit_status_path_fa0')
monkeypatch = <_pytest.monkeypatch.MonkeyPatch object at 0x7b28c00c61b0>

    def test_postcommit_status_path_failure_does_not_reverse_success(tmp_path, monkeypatch):
        geneva, root, source, bound = fixtures.fixture(tmp_path)
        target = root / 'inputs/burn_severity_4class.tif'
        outside = tmp_path / 'outside.json'
        outside.write_text('private unrelated record')
        replace = os.replace
    
        def replace_then_change_status(source_path, destination, *args, **kwargs):
            result = replace(source_path, destination, *args, **kwargs)
            if Path(destination) == target:
                status = Path(source_path).parent / 'status.json'
                status.unlink()
                status.symlink_to(outside)
            return result
    
        monkeypatch.setattr(freshness.os, 'replace', replace_then_change_status)
        error = None
        try:
            fixtures.align(geneva, source, bound)
        except Exception as exc:
            error = {'type': type(exc).__name__, 'message': str(exc), 'code': getattr(exc, 'code', None)}
        record('postcommit_status_escape', error=error, output=fixtures.state(target), outside=outside.read_text())
>       assert error is None
E       AssertionError: assert {'code': 'invalid_input', 'message': 'Failed to align auto-discovered burn-severity raster to the Geneva canonical grid.', 'type': 'GenevaValidationError'} is None

docs/work-packages/20260916_file_dependency_freshness/artifacts/geneva_failure_security_probe.py:62: AssertionError
=============================== warnings summary ===============================
../../opt/venv/lib/python3.12/site-packages/pytz/tzinfo.py:27
  /opt/venv/lib/python3.12/site-packages/pytz/tzinfo.py:27: DeprecationWarning: datetime.datetime.utcfromtimestamp() is deprecated and scheduled for removal in a future version. Use timezone-aware objects to represent datetimes in UTC: datetime.datetime.fromtimestamp(timestamp, datetime.UTC).
    _epoch = datetime.utcfromtimestamp(0)

../../opt/venv/lib/python3.12/site-packages/pyparsing.py:108
  /opt/venv/lib/python3.12/site-packages/pyparsing.py:108: DeprecationWarning: module 'sre_constants' is deprecated
    import sre_constants

-- Docs: https://docs.pytest.org/en/stable/how-to/capture-warnings.html
=========================== short test summary info ============================
FAILED docs/work-packages/20260916_file_dependency_freshness/artifacts/geneva_failure_security_probe.py::test_orphan_mask_native_and_candidate_publication
FAILED docs/work-packages/20260916_file_dependency_freshness/artifacts/geneva_failure_security_probe.py::test_postcommit_status_path_failure_does_not_reverse_success
=================== 2 failed, 2 passed, 2 warnings in 9.44s ====================
