INFO:wctl2:docker compose exec weppcloud bash -lc cd /workdir/wepppy && PYTHONPATH=/workdir/wepppy MYPY_CACHE_DIR=/tmp/mypy_cache /opt/venv/bin/pytest docs/work-packages/20260916_file_dependency_freshness/artifacts/omni_sbs_implementation_security_probe_revision2.py -v -s
============================= test session starts ==============================
platform linux -- Python 3.12.14, pytest-9.0.3, pluggy-1.6.0 -- /opt/venv/bin/python3
cachedir: .pytest_cache
rootdir: /workdir/wepppy
configfile: pyproject.toml
plugins: reportlog-0.4.0, timeout-2.4.0, cov-7.0.0, libtmux-0.47.0, dash-4.2.0, anyio-4.14.2
collecting ... collected 10 items

docs/work-packages/20260916_file_dependency_freshness/artifacts/omni_sbs_implementation_security_probe_revision2.py::test_child_change_during_replacement_upload_observation_rejects {"joint_guard": {"error": {"type": "OSError", "errno": 116, "message": "[Errno 116] Omni SBS input changed during scenario execution"}, "mutated": true, "child": "native child changed after last child guard"}}
PASSED
docs/work-packages/20260916_file_dependency_freshness/artifacts/omni_sbs_implementation_security_probe_revision2.py::test_actual_mode_same_inode_rejects_before_source_truncation FAILED
docs/work-packages/20260916_file_dependency_freshness/artifacts/omni_sbs_implementation_security_probe_revision2.py::test_newer_upload_is_preserved_at_copy_verification FAILED
docs/work-packages/20260916_file_dependency_freshness/artifacts/omni_sbs_implementation_security_probe_revision2.py::test_source_and_destination_alias_modes_follow_existing_copy_authority FAILED
docs/work-packages/20260916_file_dependency_freshness/artifacts/omni_sbs_implementation_security_probe_revision2.py::test_readonly_copy_target_preserves_prior_bytes_and_source FAILED
docs/work-packages/20260916_file_dependency_freshness/artifacts/omni_sbs_implementation_security_probe_revision2.py::test_consumed_receipt_denied_present_upload_cannot_reuse_child FAILED
docs/work-packages/20260916_file_dependency_freshness/artifacts/omni_sbs_implementation_security_probe_revision2.py::test_changed_then_restored_child_rejects_and_normal_siblings_do_not FAILED
docs/work-packages/20260916_file_dependency_freshness/artifacts/omni_sbs_implementation_security_probe_revision2.py::test_real_locked_admission_refreshes_durable_fields_and_uses_one_lock FAILED
docs/work-packages/20260916_file_dependency_freshness/artifacts/omni_sbs_implementation_security_probe_revision2.py::test_destination_alias_retarget_at_open_rejects_before_truncation FAILED
docs/work-packages/20260916_file_dependency_freshness/artifacts/omni_sbs_implementation_security_probe_revision2.py::test_pathlib_selected_input_preserves_programmatic_compatibility FAILED

=================================== FAILURES ===================================
_________ test_actual_mode_same_inode_rejects_before_source_truncation _________

tmp_path = PosixPath('/tmp/pytest-of-unknown/pytest-168/test_actual_mode_same_inode_re0')

    def test_actual_mode_same_inode_rejects_before_source_truncation(tmp_path):
        source = tmp_path / 'upload.tif'
        source.write_bytes(b'only copy of the uploaded bytes')
        child_dir = tmp_path / 'disturbed'
        child_dir.mkdir()
        child = child_dir / source.name
        os.link(source, child)
        before = source.read_bytes()
        with pytest.raises(shutil.SameFileError):
            shutil.copyfile(source, child)
        assert source.read_bytes() == before
        owner = SimpleNamespace(logger=logging.getLogger(__name__), timed=lambda _: nullcontext(),
                                rq_job_pool_max_worker_per_scenario_task=1)
        error = capture_error(lambda: mode.OmniModeBuildServices().apply_scenario_mode(
            owner, scenario_name='sbs_map_probe', scenario=OmniScenario.SBSmap,
            scenario_def=definition(source), new_wd=str(tmp_path),
            disturbed=SimpleNamespace(disturbed_dir=str(child_dir), validate=lambda *a, **k: None),
            landuse=SimpleNamespace(build=lambda: None), soils=SimpleNamespace(build=lambda **kwargs: None),
            omni_base_scenario_name=None))
>       record('same_inode', {'error': error, 'source_bytes': source.read_text(),
                              'old_copy_preserved': before.decode()})

docs/work-packages/20260916_file_dependency_freshness/artifacts/omni_sbs_implementation_security_probe_revision2.py:89: 
_ _ _ _ _ _ _ _ _ _ _ _ _ _ _ _ _ _ _ _ _ _ _ _ _ _ _ _ _ _ _ _ _ _ _ _ _ _ _ _ 
docs/work-packages/20260916_file_dependency_freshness/artifacts/omni_sbs_implementation_security_probe_revision2.py:25: in record
    Path(__file__).with_suffix('.json').write_text(json.dumps(RESULTS, indent=2) + '\n')
                                                   ^^^^^^^^^^^^^^^^^^^^^^^^^^^^^
/usr/local/lib/python3.12/json/__init__.py:238: in dumps
    **kw).encode(obj)
          ^^^^^^^^^^^
/usr/local/lib/python3.12/json/encoder.py:202: in encode
    chunks = list(chunks)
             ^^^^^^^^^^^^
/usr/local/lib/python3.12/json/encoder.py:432: in _iterencode
    yield from _iterencode_dict(o, _current_indent_level)
/usr/local/lib/python3.12/json/encoder.py:406: in _iterencode_dict
    yield from chunks
/usr/local/lib/python3.12/json/encoder.py:406: in _iterencode_dict
    yield from chunks
/usr/local/lib/python3.12/json/encoder.py:406: in _iterencode_dict
    yield from chunks
/usr/local/lib/python3.12/json/encoder.py:439: in _iterencode
    o = _default(o)
        ^^^^^^^^^^^
_ _ _ _ _ _ _ _ _ _ _ _ _ _ _ _ _ _ _ _ _ _ _ _ _ _ _ _ _ _ _ _ _ _ _ _ _ _ _ _ 

self = <json.encoder.JSONEncoder object at 0x737b213d5550>
o = PosixPath('/tmp/pytest-of-unknown/pytest-168/test_actual_mode_same_inode_re0/upload.tif')

    def default(self, o):
        """Implement this method in a subclass such that it returns
        a serializable object for ``o``, or calls the base implementation
        (to raise a ``TypeError``).
    
        For example, to support arbitrary iterators, you could
        implement default like this::
    
            def default(self, o):
                try:
                    iterable = iter(o)
                except TypeError:
                    pass
                else:
                    return list(iterable)
                # Let the base class default method raise the TypeError
                return super().default(o)
    
        """
>       raise TypeError(f'Object of type {o.__class__.__name__} '
                        f'is not JSON serializable')
E       TypeError: Object of type PosixPath is not JSON serializable

/usr/local/lib/python3.12/json/encoder.py:180: TypeError
_____________ test_newer_upload_is_preserved_at_copy_verification ______________

tmp_path = PosixPath('/tmp/pytest-of-unknown/pytest-168/test_newer_upload_is_preserved0')
monkeypatch = <_pytest.monkeypatch.MonkeyPatch object at 0x737b213dbf50>

    def test_newer_upload_is_preserved_at_copy_verification(tmp_path, monkeypatch):
        source = tmp_path / 'upload.tif'
        source.write_bytes(b'old uploaded main')
        target = tmp_path / 'child.tif'
        execution = fresh.SbsExecution.capture(definition(source))
        original = fresh.sha256_file
        changed = []
    
        def digest(path):
            result = original(path)
            if Path(path) == target and not changed:
                pending = tmp_path / 'replacement'
                pending.write_bytes(b'new uploaded main')
                pending.replace(source)
                changed.append(True)
            return result
    
        monkeypatch.setattr(fresh, 'sha256_file', digest)
        error = capture_error(lambda: execution.copy_to(target))
>       record('newer_upload', {'error': error, 'source': source.read_text(), 'child': target.read_text()})

docs/work-packages/20260916_file_dependency_freshness/artifacts/omni_sbs_implementation_security_probe_revision2.py:114: 
_ _ _ _ _ _ _ _ _ _ _ _ _ _ _ _ _ _ _ _ _ _ _ _ _ _ _ _ _ _ _ _ _ _ _ _ _ _ _ _ 
docs/work-packages/20260916_file_dependency_freshness/artifacts/omni_sbs_implementation_security_probe_revision2.py:25: in record
    Path(__file__).with_suffix('.json').write_text(json.dumps(RESULTS, indent=2) + '\n')
                                                   ^^^^^^^^^^^^^^^^^^^^^^^^^^^^^
/usr/local/lib/python3.12/json/__init__.py:238: in dumps
    **kw).encode(obj)
          ^^^^^^^^^^^
/usr/local/lib/python3.12/json/encoder.py:202: in encode
    chunks = list(chunks)
             ^^^^^^^^^^^^
/usr/local/lib/python3.12/json/encoder.py:432: in _iterencode
    yield from _iterencode_dict(o, _current_indent_level)
/usr/local/lib/python3.12/json/encoder.py:406: in _iterencode_dict
    yield from chunks
/usr/local/lib/python3.12/json/encoder.py:406: in _iterencode_dict
    yield from chunks
/usr/local/lib/python3.12/json/encoder.py:406: in _iterencode_dict
    yield from chunks
/usr/local/lib/python3.12/json/encoder.py:439: in _iterencode
    o = _default(o)
        ^^^^^^^^^^^
_ _ _ _ _ _ _ _ _ _ _ _ _ _ _ _ _ _ _ _ _ _ _ _ _ _ _ _ _ _ _ _ _ _ _ _ _ _ _ _ 

self = <json.encoder.JSONEncoder object at 0x737b213db380>
o = PosixPath('/tmp/pytest-of-unknown/pytest-168/test_actual_mode_same_inode_re0/upload.tif')

    def default(self, o):
        """Implement this method in a subclass such that it returns
        a serializable object for ``o``, or calls the base implementation
        (to raise a ``TypeError``).
    
        For example, to support arbitrary iterators, you could
        implement default like this::
    
            def default(self, o):
                try:
                    iterable = iter(o)
                except TypeError:
                    pass
                else:
                    return list(iterable)
                # Let the base class default method raise the TypeError
                return super().default(o)
    
        """
>       raise TypeError(f'Object of type {o.__class__.__name__} '
                        f'is not JSON serializable')
E       TypeError: Object of type PosixPath is not JSON serializable

/usr/local/lib/python3.12/json/encoder.py:180: TypeError
____ test_source_and_destination_alias_modes_follow_existing_copy_authority ____

tmp_path = PosixPath('/tmp/pytest-of-unknown/pytest-168/test_source_and_destination_al0')

    def test_source_and_destination_alias_modes_follow_existing_copy_authority(tmp_path):
        physical_source = tmp_path / 'source.data'
        physical_source.write_bytes(b'alias supported bytes')
        selected = tmp_path / 'selected.tif'
        selected.symlink_to(physical_source)
        physical_target = tmp_path / 'output.data'
        physical_target.write_bytes(b'prior')
        physical_target.chmod(0o640)
        target = tmp_path / 'child.tif'
        target.symlink_to(physical_target)
        execution = fresh.SbsExecution.capture(definition(selected))
        execution.copy_to(target)
        execution.validate_admission(SimpleNamespace(scenarios=[definition(selected)]))
        assert not selected.is_symlink() and physical_source.read_bytes() == b'alias supported bytes'
        assert target.is_symlink() and physical_target.read_bytes() == b'alias supported bytes'
        assert stat.S_IMODE(physical_target.stat().st_mode) == 0o640
>       record('aliases', {'source_target_retained': True, 'destination_alias_retained': True, 'mode': 0o640})

docs/work-packages/20260916_file_dependency_freshness/artifacts/omni_sbs_implementation_security_probe_revision2.py:136: 
_ _ _ _ _ _ _ _ _ _ _ _ _ _ _ _ _ _ _ _ _ _ _ _ _ _ _ _ _ _ _ _ _ _ _ _ _ _ _ _ 
docs/work-packages/20260916_file_dependency_freshness/artifacts/omni_sbs_implementation_security_probe_revision2.py:25: in record
    Path(__file__).with_suffix('.json').write_text(json.dumps(RESULTS, indent=2) + '\n')
                                                   ^^^^^^^^^^^^^^^^^^^^^^^^^^^^^
/usr/local/lib/python3.12/json/__init__.py:238: in dumps
    **kw).encode(obj)
          ^^^^^^^^^^^
/usr/local/lib/python3.12/json/encoder.py:202: in encode
    chunks = list(chunks)
             ^^^^^^^^^^^^
/usr/local/lib/python3.12/json/encoder.py:432: in _iterencode
    yield from _iterencode_dict(o, _current_indent_level)
/usr/local/lib/python3.12/json/encoder.py:406: in _iterencode_dict
    yield from chunks
/usr/local/lib/python3.12/json/encoder.py:406: in _iterencode_dict
    yield from chunks
/usr/local/lib/python3.12/json/encoder.py:406: in _iterencode_dict
    yield from chunks
/usr/local/lib/python3.12/json/encoder.py:439: in _iterencode
    o = _default(o)
        ^^^^^^^^^^^
_ _ _ _ _ _ _ _ _ _ _ _ _ _ _ _ _ _ _ _ _ _ _ _ _ _ _ _ _ _ _ _ _ _ _ _ _ _ _ _ 

self = <json.encoder.JSONEncoder object at 0x737b213d51c0>
o = PosixPath('/tmp/pytest-of-unknown/pytest-168/test_actual_mode_same_inode_re0/upload.tif')

    def default(self, o):
        """Implement this method in a subclass such that it returns
        a serializable object for ``o``, or calls the base implementation
        (to raise a ``TypeError``).
    
        For example, to support arbitrary iterators, you could
        implement default like this::
    
            def default(self, o):
                try:
                    iterable = iter(o)
                except TypeError:
                    pass
                else:
                    return list(iterable)
                # Let the base class default method raise the TypeError
                return super().default(o)
    
        """
>       raise TypeError(f'Object of type {o.__class__.__name__} '
                        f'is not JSON serializable')
E       TypeError: Object of type PosixPath is not JSON serializable

/usr/local/lib/python3.12/json/encoder.py:180: TypeError
__________ test_readonly_copy_target_preserves_prior_bytes_and_source __________

tmp_path = PosixPath('/tmp/pytest-of-unknown/pytest-168/test_readonly_copy_target_pres0')

    def test_readonly_copy_target_preserves_prior_bytes_and_source(tmp_path):
        source = tmp_path / 'upload.tif'
        source.write_bytes(b'new bytes')
        target = tmp_path / 'child.tif'
        target.write_bytes(b'prior bytes')
        target.chmod(0o444)
        execution = fresh.SbsExecution.capture(definition(source))
        error = capture_error(lambda: execution.copy_to(target))
>       record('readonly_target', {'uid': os.geteuid(), 'error': error})

docs/work-packages/20260916_file_dependency_freshness/artifacts/omni_sbs_implementation_security_probe_revision2.py:147: 
_ _ _ _ _ _ _ _ _ _ _ _ _ _ _ _ _ _ _ _ _ _ _ _ _ _ _ _ _ _ _ _ _ _ _ _ _ _ _ _ 
docs/work-packages/20260916_file_dependency_freshness/artifacts/omni_sbs_implementation_security_probe_revision2.py:25: in record
    Path(__file__).with_suffix('.json').write_text(json.dumps(RESULTS, indent=2) + '\n')
                                                   ^^^^^^^^^^^^^^^^^^^^^^^^^^^^^
/usr/local/lib/python3.12/json/__init__.py:238: in dumps
    **kw).encode(obj)
          ^^^^^^^^^^^
/usr/local/lib/python3.12/json/encoder.py:202: in encode
    chunks = list(chunks)
             ^^^^^^^^^^^^
/usr/local/lib/python3.12/json/encoder.py:432: in _iterencode
    yield from _iterencode_dict(o, _current_indent_level)
/usr/local/lib/python3.12/json/encoder.py:406: in _iterencode_dict
    yield from chunks
/usr/local/lib/python3.12/json/encoder.py:406: in _iterencode_dict
    yield from chunks
/usr/local/lib/python3.12/json/encoder.py:406: in _iterencode_dict
    yield from chunks
/usr/local/lib/python3.12/json/encoder.py:439: in _iterencode
    o = _default(o)
        ^^^^^^^^^^^
_ _ _ _ _ _ _ _ _ _ _ _ _ _ _ _ _ _ _ _ _ _ _ _ _ _ _ _ _ _ _ _ _ _ _ _ _ _ _ _ 

self = <json.encoder.JSONEncoder object at 0x737b215e2f90>
o = PosixPath('/tmp/pytest-of-unknown/pytest-168/test_actual_mode_same_inode_re0/upload.tif')

    def default(self, o):
        """Implement this method in a subclass such that it returns
        a serializable object for ``o``, or calls the base implementation
        (to raise a ``TypeError``).
    
        For example, to support arbitrary iterators, you could
        implement default like this::
    
            def default(self, o):
                try:
                    iterable = iter(o)
                except TypeError:
                    pass
                else:
                    return list(iterable)
                # Let the base class default method raise the TypeError
                return super().default(o)
    
        """
>       raise TypeError(f'Object of type {o.__class__.__name__} '
                        f'is not JSON serializable')
E       TypeError: Object of type PosixPath is not JSON serializable

/usr/local/lib/python3.12/json/encoder.py:180: TypeError
________ test_consumed_receipt_denied_present_upload_cannot_reuse_child ________

tmp_path = PosixPath('/tmp/pytest-of-unknown/pytest-168/test_consumed_receipt_denied_p0')

    def test_consumed_receipt_denied_present_upload_cannot_reuse_child(tmp_path):
        source = tmp_path / 'denied' / 'upload.tif'
        source.parent.mkdir()
        source.write_bytes(b'accepted')
        selected = definition(source)
        owner = SimpleNamespace(wd=str(tmp_path), scenario_dependency_tree={})
        signature = fresh.scenario_signature(owner, selected)
        child = fresh.child_source(owner, selected)
        child.parent.mkdir(parents=True)
        child.write_bytes(source.read_bytes())
        owner.scenario_dependency_tree[_scenario_name_from_scenario_definition(selected)] = {'signature': signature}
        source.parent.chmod(0o000)
        try:
            error = capture_error(lambda: fresh.scenario_signature(owner, selected))
        finally:
            source.parent.chmod(0o700)
>       record('denied_present', {'error': error})

docs/work-packages/20260916_file_dependency_freshness/artifacts/omni_sbs_implementation_security_probe_revision2.py:168: 
_ _ _ _ _ _ _ _ _ _ _ _ _ _ _ _ _ _ _ _ _ _ _ _ _ _ _ _ _ _ _ _ _ _ _ _ _ _ _ _ 
docs/work-packages/20260916_file_dependency_freshness/artifacts/omni_sbs_implementation_security_probe_revision2.py:25: in record
    Path(__file__).with_suffix('.json').write_text(json.dumps(RESULTS, indent=2) + '\n')
                                                   ^^^^^^^^^^^^^^^^^^^^^^^^^^^^^
/usr/local/lib/python3.12/json/__init__.py:238: in dumps
    **kw).encode(obj)
          ^^^^^^^^^^^
/usr/local/lib/python3.12/json/encoder.py:202: in encode
    chunks = list(chunks)
             ^^^^^^^^^^^^
/usr/local/lib/python3.12/json/encoder.py:432: in _iterencode
    yield from _iterencode_dict(o, _current_indent_level)
/usr/local/lib/python3.12/json/encoder.py:406: in _iterencode_dict
    yield from chunks
/usr/local/lib/python3.12/json/encoder.py:406: in _iterencode_dict
    yield from chunks
/usr/local/lib/python3.12/json/encoder.py:406: in _iterencode_dict
    yield from chunks
/usr/local/lib/python3.12/json/encoder.py:439: in _iterencode
    o = _default(o)
        ^^^^^^^^^^^
_ _ _ _ _ _ _ _ _ _ _ _ _ _ _ _ _ _ _ _ _ _ _ _ _ _ _ _ _ _ _ _ _ _ _ _ _ _ _ _ 

self = <json.encoder.JSONEncoder object at 0x737b212cfc50>
o = PosixPath('/tmp/pytest-of-unknown/pytest-168/test_actual_mode_same_inode_re0/upload.tif')

    def default(self, o):
        """Implement this method in a subclass such that it returns
        a serializable object for ``o``, or calls the base implementation
        (to raise a ``TypeError``).
    
        For example, to support arbitrary iterators, you could
        implement default like this::
    
            def default(self, o):
                try:
                    iterable = iter(o)
                except TypeError:
                    pass
                else:
                    return list(iterable)
                # Let the base class default method raise the TypeError
                return super().default(o)
    
        """
>       raise TypeError(f'Object of type {o.__class__.__name__} '
                        f'is not JSON serializable')
E       TypeError: Object of type PosixPath is not JSON serializable

/usr/local/lib/python3.12/json/encoder.py:180: TypeError
_____ test_changed_then_restored_child_rejects_and_normal_siblings_do_not ______

tmp_path = PosixPath('/tmp/pytest-of-unknown/pytest-168/test_changed_then_restored_chi0')

    def test_changed_then_restored_child_rejects_and_normal_siblings_do_not(tmp_path):
        source, child, selected, execution = make_execution(tmp_path)
        owner = SimpleNamespace(scenarios=[selected])
        (tmp_path / 'normal_native_output').write_bytes(b'allowed sibling')
        execution.validate_admission(owner)
        accepted = child.read_bytes()
        other = tmp_path / 'other-generation'
        other.write_bytes(b'intermediate native generation')
        other.replace(child)
        child.write_bytes(accepted)
        error = capture_error(lambda: execution.validate_admission(owner))
>       record('child_aba', {'error': error, 'original_bytes_restored': child.read_bytes() == accepted})

docs/work-packages/20260916_file_dependency_freshness/artifacts/omni_sbs_implementation_security_probe_revision2.py:185: 
_ _ _ _ _ _ _ _ _ _ _ _ _ _ _ _ _ _ _ _ _ _ _ _ _ _ _ _ _ _ _ _ _ _ _ _ _ _ _ _ 
docs/work-packages/20260916_file_dependency_freshness/artifacts/omni_sbs_implementation_security_probe_revision2.py:25: in record
    Path(__file__).with_suffix('.json').write_text(json.dumps(RESULTS, indent=2) + '\n')
                                                   ^^^^^^^^^^^^^^^^^^^^^^^^^^^^^
/usr/local/lib/python3.12/json/__init__.py:238: in dumps
    **kw).encode(obj)
          ^^^^^^^^^^^
/usr/local/lib/python3.12/json/encoder.py:202: in encode
    chunks = list(chunks)
             ^^^^^^^^^^^^
/usr/local/lib/python3.12/json/encoder.py:432: in _iterencode
    yield from _iterencode_dict(o, _current_indent_level)
/usr/local/lib/python3.12/json/encoder.py:406: in _iterencode_dict
    yield from chunks
/usr/local/lib/python3.12/json/encoder.py:406: in _iterencode_dict
    yield from chunks
/usr/local/lib/python3.12/json/encoder.py:406: in _iterencode_dict
    yield from chunks
/usr/local/lib/python3.12/json/encoder.py:439: in _iterencode
    o = _default(o)
        ^^^^^^^^^^^
_ _ _ _ _ _ _ _ _ _ _ _ _ _ _ _ _ _ _ _ _ _ _ _ _ _ _ _ _ _ _ _ _ _ _ _ _ _ _ _ 

self = <json.encoder.JSONEncoder object at 0x737b212cf1a0>
o = PosixPath('/tmp/pytest-of-unknown/pytest-168/test_actual_mode_same_inode_re0/upload.tif')

    def default(self, o):
        """Implement this method in a subclass such that it returns
        a serializable object for ``o``, or calls the base implementation
        (to raise a ``TypeError``).
    
        For example, to support arbitrary iterators, you could
        implement default like this::
    
            def default(self, o):
                try:
                    iterable = iter(o)
                except TypeError:
                    pass
                else:
                    return list(iterable)
                # Let the base class default method raise the TypeError
                return super().default(o)
    
        """
>       raise TypeError(f'Object of type {o.__class__.__name__} '
                        f'is not JSON serializable')
E       TypeError: Object of type PosixPath is not JSON serializable

/usr/local/lib/python3.12/json/encoder.py:180: TypeError
____ test_real_locked_admission_refreshes_durable_fields_and_uses_one_lock _____

tmp_path = PosixPath('/tmp/pytest-of-unknown/pytest-168/test_real_locked_admission_ref0')
monkeypatch = <_pytest.monkeypatch.MonkeyPatch object at 0x737b212cf9e0>

    def test_real_locked_admission_refreshes_durable_fields_and_uses_one_lock(tmp_path, monkeypatch):
        run = tmp_path / ('security-omni-' + uuid.uuid4().hex)
        run.mkdir()
        source = run / 'upload.tif'
        source.write_bytes(b'accepted bytes')
        selected = definition(source)
        owner = Omni(str(run), '0.cfg')
        with owner.locked():
            owner._scenarios = [selected]
            owner._scenario_dependency_tree = {'unrelated': {'value': 'original'}}
            owner._security_probe_marker = 'original'
        execution = fresh.SbsExecution.capture(selected, require_selection=True)
        target = run / 'child.tif'
        execution.copy_to(target)
        newer = Omni.load_detached(str(run))
        with newer.locked():
            newer._security_probe_marker = 'new durable value'
            newer._scenario_dependency_tree['unrelated'] = {'value': 'new durable value'}
        original_lock = Omni.lock
        locks = []
    
        def observed_lock(self, *args, **kwargs):
            locks.append(self.wd)
            return original_lock(self, *args, **kwargs)
    
        monkeypatch.setattr(Omni, 'lock', observed_lock)
        name = _scenario_name_from_scenario_definition(selected)
        fresh.admit_sbs_association(owner, execution, name,
            {'signature': json.dumps({**json.loads(fresh.definition_json(selected)),
                                      '_sbs_content': execution.receipt}, sort_keys=True)},
            {'scenario': name, 'status': 'ran'})
        loaded = Omni.load_detached(str(run))
>       record('locked_admission', {'locks': len(locks), 'marker': loaded._security_probe_marker,
                                   'unrelated': loaded.scenario_dependency_tree['unrelated'],
                                   'run_state': loaded.scenario_run_state})

docs/work-packages/20260916_file_dependency_freshness/artifacts/omni_sbs_implementation_security_probe_revision2.py:221: 
_ _ _ _ _ _ _ _ _ _ _ _ _ _ _ _ _ _ _ _ _ _ _ _ _ _ _ _ _ _ _ _ _ _ _ _ _ _ _ _ 
docs/work-packages/20260916_file_dependency_freshness/artifacts/omni_sbs_implementation_security_probe_revision2.py:25: in record
    Path(__file__).with_suffix('.json').write_text(json.dumps(RESULTS, indent=2) + '\n')
                                                   ^^^^^^^^^^^^^^^^^^^^^^^^^^^^^
/usr/local/lib/python3.12/json/__init__.py:238: in dumps
    **kw).encode(obj)
          ^^^^^^^^^^^
/usr/local/lib/python3.12/json/encoder.py:202: in encode
    chunks = list(chunks)
             ^^^^^^^^^^^^
/usr/local/lib/python3.12/json/encoder.py:432: in _iterencode
    yield from _iterencode_dict(o, _current_indent_level)
/usr/local/lib/python3.12/json/encoder.py:406: in _iterencode_dict
    yield from chunks
/usr/local/lib/python3.12/json/encoder.py:406: in _iterencode_dict
    yield from chunks
/usr/local/lib/python3.12/json/encoder.py:406: in _iterencode_dict
    yield from chunks
/usr/local/lib/python3.12/json/encoder.py:439: in _iterencode
    o = _default(o)
        ^^^^^^^^^^^
_ _ _ _ _ _ _ _ _ _ _ _ _ _ _ _ _ _ _ _ _ _ _ _ _ _ _ _ _ _ _ _ _ _ _ _ _ _ _ _ 

self = <json.encoder.JSONEncoder object at 0x737a8e625c10>
o = PosixPath('/tmp/pytest-of-unknown/pytest-168/test_actual_mode_same_inode_re0/upload.tif')

    def default(self, o):
        """Implement this method in a subclass such that it returns
        a serializable object for ``o``, or calls the base implementation
        (to raise a ``TypeError``).
    
        For example, to support arbitrary iterators, you could
        implement default like this::
    
            def default(self, o):
                try:
                    iterable = iter(o)
                except TypeError:
                    pass
                else:
                    return list(iterable)
                # Let the base class default method raise the TypeError
                return super().default(o)
    
        """
>       raise TypeError(f'Object of type {o.__class__.__name__} '
                        f'is not JSON serializable')
E       TypeError: Object of type PosixPath is not JSON serializable

/usr/local/lib/python3.12/json/encoder.py:180: TypeError
______ test_destination_alias_retarget_at_open_rejects_before_truncation _______

tmp_path = PosixPath('/tmp/pytest-of-unknown/pytest-168/test_destination_alias_retarge0')
monkeypatch = <_pytest.monkeypatch.MonkeyPatch object at 0x737a8dd555b0>

    def test_destination_alias_retarget_at_open_rejects_before_truncation(tmp_path, monkeypatch):
        source = tmp_path / 'upload.tif'
        source.write_bytes(b'only uploaded copy')
        physical_target = tmp_path / 'output.data'
        physical_target.write_bytes(b'prior output')
        selected_target = tmp_path / 'child.tif'
        selected_target.symlink_to(physical_target)
        execution = fresh.SbsExecution.capture(definition(source))
        original = os.open
        changed = []
    
        def switched_open(path, flags, *args, **kwargs):
            if Path(path) == selected_target and flags & os.O_WRONLY:
                selected_target.unlink()
                selected_target.symlink_to(source)
                changed.append(True)
            return original(path, flags, *args, **kwargs)
    
        monkeypatch.setattr(os, 'open', switched_open)
        error = capture_error(lambda: execution.copy_to(selected_target))
>       record('late_same_inode', {'error': error, 'source': source.read_text(),
                                  'prior_output': physical_target.read_text()})

docs/work-packages/20260916_file_dependency_freshness/artifacts/omni_sbs_implementation_security_probe_revision2.py:251: 
_ _ _ _ _ _ _ _ _ _ _ _ _ _ _ _ _ _ _ _ _ _ _ _ _ _ _ _ _ _ _ _ _ _ _ _ _ _ _ _ 
docs/work-packages/20260916_file_dependency_freshness/artifacts/omni_sbs_implementation_security_probe_revision2.py:25: in record
    Path(__file__).with_suffix('.json').write_text(json.dumps(RESULTS, indent=2) + '\n')
                                                   ^^^^^^^^^^^^^^^^^^^^^^^^^^^^^
/usr/local/lib/python3.12/json/__init__.py:238: in dumps
    **kw).encode(obj)
          ^^^^^^^^^^^
/usr/local/lib/python3.12/json/encoder.py:202: in encode
    chunks = list(chunks)
             ^^^^^^^^^^^^
/usr/local/lib/python3.12/json/encoder.py:432: in _iterencode
    yield from _iterencode_dict(o, _current_indent_level)
/usr/local/lib/python3.12/json/encoder.py:406: in _iterencode_dict
    yield from chunks
/usr/local/lib/python3.12/json/encoder.py:406: in _iterencode_dict
    yield from chunks
/usr/local/lib/python3.12/json/encoder.py:406: in _iterencode_dict
    yield from chunks
/usr/local/lib/python3.12/json/encoder.py:439: in _iterencode
    o = _default(o)
        ^^^^^^^^^^^
_ _ _ _ _ _ _ _ _ _ _ _ _ _ _ _ _ _ _ _ _ _ _ _ _ _ _ _ _ _ _ _ _ _ _ _ _ _ _ _ 

self = <json.encoder.JSONEncoder object at 0x737a8dd55760>
o = PosixPath('/tmp/pytest-of-unknown/pytest-168/test_actual_mode_same_inode_re0/upload.tif')

    def default(self, o):
        """Implement this method in a subclass such that it returns
        a serializable object for ``o``, or calls the base implementation
        (to raise a ``TypeError``).
    
        For example, to support arbitrary iterators, you could
        implement default like this::
    
            def default(self, o):
                try:
                    iterable = iter(o)
                except TypeError:
                    pass
                else:
                    return list(iterable)
                # Let the base class default method raise the TypeError
                return super().default(o)
    
        """
>       raise TypeError(f'Object of type {o.__class__.__name__} '
                        f'is not JSON serializable')
E       TypeError: Object of type PosixPath is not JSON serializable

/usr/local/lib/python3.12/json/encoder.py:180: TypeError
_______ test_pathlib_selected_input_preserves_programmatic_compatibility _______

tmp_path = PosixPath('/tmp/pytest-of-unknown/pytest-168/test_pathlib_selected_input_pr0')

    def test_pathlib_selected_input_preserves_programmatic_compatibility(tmp_path):
        source = tmp_path / 'upload.tif'
        source.write_bytes(b'pathlike supported bytes')
        selected = {'type': OmniScenario.SBSmap, 'sbs_file_path': source}
        # Both old name derivation and copy accepted this standard path-like input.
        name = _scenario_name_from_scenario_definition(selected)
        shutil.copyfile(source, tmp_path / 'old-copy-control')
        owner = SimpleNamespace(wd=str(tmp_path), scenarios=[selected], scenario_dependency_tree={})
        signature = fresh.scenario_signature(owner, selected)
        execution = fresh.SbsExecution.capture(selected, signature, require_selection=True)
        execution.before_reset(owner)
        child = fresh.child_source(owner, selected)
        child.parent.mkdir(parents=True)
        execution.copy_to(child)
        execution.validate_admission(owner)
        owner.scenario_dependency_tree[name] = {'signature': signature}
        assert fresh.scenario_signature(owner, selected) == signature
>       record('pathlike', {'name': name, 'receipt_source_type': type(execution.receipt['source_path']).__name__,
                            'copied_bytes': child.read_text()})

docs/work-packages/20260916_file_dependency_freshness/artifacts/omni_sbs_implementation_security_probe_revision2.py:275: 
_ _ _ _ _ _ _ _ _ _ _ _ _ _ _ _ _ _ _ _ _ _ _ _ _ _ _ _ _ _ _ _ _ _ _ _ _ _ _ _ 
docs/work-packages/20260916_file_dependency_freshness/artifacts/omni_sbs_implementation_security_probe_revision2.py:25: in record
    Path(__file__).with_suffix('.json').write_text(json.dumps(RESULTS, indent=2) + '\n')
                                                   ^^^^^^^^^^^^^^^^^^^^^^^^^^^^^
/usr/local/lib/python3.12/json/__init__.py:238: in dumps
    **kw).encode(obj)
          ^^^^^^^^^^^
/usr/local/lib/python3.12/json/encoder.py:202: in encode
    chunks = list(chunks)
             ^^^^^^^^^^^^
/usr/local/lib/python3.12/json/encoder.py:432: in _iterencode
    yield from _iterencode_dict(o, _current_indent_level)
/usr/local/lib/python3.12/json/encoder.py:406: in _iterencode_dict
    yield from chunks
/usr/local/lib/python3.12/json/encoder.py:406: in _iterencode_dict
    yield from chunks
/usr/local/lib/python3.12/json/encoder.py:406: in _iterencode_dict
    yield from chunks
/usr/local/lib/python3.12/json/encoder.py:439: in _iterencode
    o = _default(o)
        ^^^^^^^^^^^
_ _ _ _ _ _ _ _ _ _ _ _ _ _ _ _ _ _ _ _ _ _ _ _ _ _ _ _ _ _ _ _ _ _ _ _ _ _ _ _ 

self = <json.encoder.JSONEncoder object at 0x737a8deef8f0>
o = PosixPath('/tmp/pytest-of-unknown/pytest-168/test_actual_mode_same_inode_re0/upload.tif')

    def default(self, o):
        """Implement this method in a subclass such that it returns
        a serializable object for ``o``, or calls the base implementation
        (to raise a ``TypeError``).
    
        For example, to support arbitrary iterators, you could
        implement default like this::
    
            def default(self, o):
                try:
                    iterable = iter(o)
                except TypeError:
                    pass
                else:
                    return list(iterable)
                # Let the base class default method raise the TypeError
                return super().default(o)
    
        """
>       raise TypeError(f'Object of type {o.__class__.__name__} '
                        f'is not JSON serializable')
E       TypeError: Object of type PosixPath is not JSON serializable

/usr/local/lib/python3.12/json/encoder.py:180: TypeError
=============================== warnings summary ===============================
../../opt/venv/lib/python3.12/site-packages/pytz/tzinfo.py:27
  /opt/venv/lib/python3.12/site-packages/pytz/tzinfo.py:27: DeprecationWarning: datetime.datetime.utcfromtimestamp() is deprecated and scheduled for removal in a future version. Use timezone-aware objects to represent datetimes in UTC: datetime.datetime.fromtimestamp(timestamp, datetime.UTC).
    _epoch = datetime.utcfromtimestamp(0)

../../opt/venv/lib/python3.12/site-packages/pyparsing.py:108
  /opt/venv/lib/python3.12/site-packages/pyparsing.py:108: DeprecationWarning: module 'sre_constants' is deprecated
    import sre_constants

docs/work-packages/20260916_file_dependency_freshness/artifacts/omni_sbs_implementation_security_probe_revision2.py::test_real_locked_admission_refreshes_durable_fields_and_uses_one_lock
  /opt/venv/lib/python3.12/site-packages/awesome_codename/data/__init__.py:1: DeprecationWarning: pkg_resources is deprecated as an API. See https://setuptools.pypa.io/en/latest/pkg_resources.html
    from pkg_resources import resource_string

docs/work-packages/20260916_file_dependency_freshness/artifacts/omni_sbs_implementation_security_probe_revision2.py::test_real_locked_admission_refreshes_durable_fields_and_uses_one_lock
  /opt/venv/lib/python3.12/site-packages/passlib/utils/__init__.py:854: DeprecationWarning: 'crypt' is deprecated and slated for removal in Python 3.13
    from crypt import crypt as _crypt

docs/work-packages/20260916_file_dependency_freshness/artifacts/omni_sbs_implementation_security_probe_revision2.py::test_real_locked_admission_refreshes_durable_fields_and_uses_one_lock
  /opt/venv/lib/python3.12/site-packages/flask_security/core.py:1426: DeprecationWarning: The ConfirmRegisterForm and the confirm_register_form option are deprecated as of version 5.6.0 and will be removed in a future release.
    self.init_app(app, datastore, register_blueprint=register_blueprint)

docs/work-packages/20260916_file_dependency_freshness/artifacts/omni_sbs_implementation_security_probe_revision2.py::test_real_locked_admission_refreshes_durable_fields_and_uses_one_lock
  /opt/venv/lib/python3.12/site-packages/flask_security/core.py:1426: DeprecationWarning: The RegisterForm is deprecated as of version 5.6.0 and will be removed in a future release. The form RegisterFormV2 should be sub-classed instead.
    self.init_app(app, datastore, register_blueprint=register_blueprint)

docs/work-packages/20260916_file_dependency_freshness/artifacts/omni_sbs_implementation_security_probe_revision2.py::test_real_locked_admission_refreshes_durable_fields_and_uses_one_lock
docs/work-packages/20260916_file_dependency_freshness/artifacts/omni_sbs_implementation_security_probe_revision2.py::test_real_locked_admission_refreshes_durable_fields_and_uses_one_lock
  /opt/venv/lib/python3.12/site-packages/starlette/applications.py:239: DeprecationWarning: The `middleware` decorator is deprecated, and will be removed in version 1.0.0. Refer to https://starlette.dev/middleware/#using-middleware for recommended approach.
    warnings.warn(

-- Docs: https://docs.pytest.org/en/stable/how-to/capture-warnings.html
=========================== short test summary info ============================
FAILED docs/work-packages/20260916_file_dependency_freshness/artifacts/omni_sbs_implementation_security_probe_revision2.py::test_actual_mode_same_inode_rejects_before_source_truncation
FAILED docs/work-packages/20260916_file_dependency_freshness/artifacts/omni_sbs_implementation_security_probe_revision2.py::test_newer_upload_is_preserved_at_copy_verification
FAILED docs/work-packages/20260916_file_dependency_freshness/artifacts/omni_sbs_implementation_security_probe_revision2.py::test_source_and_destination_alias_modes_follow_existing_copy_authority
FAILED docs/work-packages/20260916_file_dependency_freshness/artifacts/omni_sbs_implementation_security_probe_revision2.py::test_readonly_copy_target_preserves_prior_bytes_and_source
FAILED docs/work-packages/20260916_file_dependency_freshness/artifacts/omni_sbs_implementation_security_probe_revision2.py::test_consumed_receipt_denied_present_upload_cannot_reuse_child
FAILED docs/work-packages/20260916_file_dependency_freshness/artifacts/omni_sbs_implementation_security_probe_revision2.py::test_changed_then_restored_child_rejects_and_normal_siblings_do_not
FAILED docs/work-packages/20260916_file_dependency_freshness/artifacts/omni_sbs_implementation_security_probe_revision2.py::test_real_locked_admission_refreshes_durable_fields_and_uses_one_lock
FAILED docs/work-packages/20260916_file_dependency_freshness/artifacts/omni_sbs_implementation_security_probe_revision2.py::test_destination_alias_retarget_at_open_rejects_before_truncation
FAILED docs/work-packages/20260916_file_dependency_freshness/artifacts/omni_sbs_implementation_security_probe_revision2.py::test_pathlib_selected_input_preserves_programmatic_compatibility
=================== 9 failed, 1 passed, 8 warnings in 13.83s ===================
