INFO:wctl2:docker compose exec weppcloud bash -lc cd /workdir/wepppy && PYTHONPATH=/workdir/wepppy MYPY_CACHE_DIR=/tmp/mypy_cache /opt/venv/bin/pytest docs/work-packages/20260916_file_dependency_freshness/artifacts/omni_sbs_implementation_correctness_probe.py -v -s
============================= test session starts ==============================
platform linux -- Python 3.12.14, pytest-9.0.3, pluggy-1.6.0 -- /opt/venv/bin/python3
cachedir: .pytest_cache
rootdir: /workdir/wepppy
configfile: pyproject.toml
plugins: reportlog-0.4.0, timeout-2.4.0, cov-7.0.0, libtmux-0.47.0, dash-4.2.0, anyio-4.14.2
collecting ... collected 6 items

docs/work-packages/20260916_file_dependency_freshness/artifacts/omni_sbs_implementation_correctness_probe.py::test_legacy_invalidated_between_skip_decision_and_admission_is_not_resurrected 2026-09-17 07:13:20 [INFO] wepppy.run.batch;;qa-omni-correctness-f9210653f2f1;;test_legacy_invalidated_between_skip_decision_and_admission_is_not_res-88c37c.omni: omni.scenarios -> [{'type': 'sbs_map', 'sbs_file_path': '/wc1/batch/qa-omni-correctness-f9210653f2f1/runs/test_legacy_invalidated_between_skip_decision_and_admission_is_not_res-88c37c/omni/_limbo/0/same.tif'}]
2026-09-17 07:13:20 [INFO] wepppy.run.batch;;qa-omni-correctness-f9210653f2f1;;test_legacy_invalidated_between_skip_decision_and_admission_is_not_res-88c37c.omni: omni.scenario_dependency_tree -> {'sbs_map_c2FtZS50aWY': {'dependency_target': 'undisturbed', 'dependency_path': '/wc1/batch/qa-omni-correctness-f9210653f2f1/runs/test_legacy_invalidated_between_skip_decision_and_admission_is_not_res-88c37c/base-loss.txt', 'dependency_sha1': '18848ae530440cd0546b35dbca88170210f26299', 'signature': '{"sbs_file_path": "/wc1/batch/qa-omni-correctness-f9210653f2f1/runs/test_legacy_invalidated_between_skip_decision_and_admission_is_not_res-88c37c/omni/_limbo/0/same.tif", "type": "sbs_map"}', 'timestamp': 1}}
OMNI_CORRECTNESS legacy_invalidated {"association_resurrected": false, "error": 116, "states": []}
PASSED
docs/work-packages/20260916_file_dependency_freshness/artifacts/omni_sbs_implementation_correctness_probe.py::test_direct_native_upload_change_consumed_reuse_and_touch 2026-09-17 07:13:20 [INFO] wepppy.run.batch;;qa-omni-correctness-f9210653f2f1;;test_direct_native_upload_change_consumed_reuse_and_touch-5d90bc.omni: omni.scenarios -> [{'type': 'sbs_map', 'sbs_file_path': '/wc1/batch/qa-omni-correctness-f9210653f2f1/runs/test_direct_native_upload_change_consumed_reuse_and_touch-5d90bc/omni/_limbo/0/same.tif'}]
2026-09-17 07:13:20 [INFO] wepppy.run.batch;;qa-omni-correctness-f9210653f2f1;;test_direct_native_upload_change_consumed_reuse_and_touch-5d90bc.omni: run_omni_scenarios
2026-09-17 07:13:20 [INFO] wepppy.run.batch;;qa-omni-correctness-f9210653f2f1;;test_direct_native_upload_change_consumed_reuse_and_touch-5d90bc.omni: omni.scenario_run_state -> []
2026-09-17 07:13:20 [INFO] wepppy.run.batch;;qa-omni-correctness-f9210653f2f1;;test_direct_native_upload_change_consumed_reuse_and_touch-5d90bc.omni:   run_omni_scenarios: sbs_map_c2FtZS50aWY
2026-09-17 07:13:21 [INFO] wepppy.run.batch;;qa-omni-correctness-f9210653f2f1;;test_direct_native_upload_change_consumed_reuse_and_touch-5d90bc.omni:   run_omni_scenarios: compiling hillslope summaries
2026-09-17 07:13:21 [INFO] wepppy.run.batch;;qa-omni-correctness-f9210653f2f1;;test_direct_native_upload_change_consumed_reuse_and_touch-5d90bc.omni:   run_omni_scenarios: compiling channel summaries
2026-09-17 07:13:21 [INFO] wepppy.run.batch;;qa-omni-correctness-f9210653f2f1;;test_direct_native_upload_change_consumed_reuse_and_touch-5d90bc.omni:   run_omni_scenarios: compiling scenario report
2026-09-17 07:13:21 [INFO] wepppy.run.batch;;qa-omni-correctness-f9210653f2f1;;test_direct_native_upload_change_consumed_reuse_and_touch-5d90bc.omni: run_omni_scenarios
2026-09-17 07:13:21 [INFO] wepppy.run.batch;;qa-omni-correctness-f9210653f2f1;;test_direct_native_upload_change_consumed_reuse_and_touch-5d90bc.omni: omni.scenario_run_state -> []
2026-09-17 07:13:21 [INFO] wepppy.run.batch;;qa-omni-correctness-f9210653f2f1;;test_direct_native_upload_change_consumed_reuse_and_touch-5d90bc.omni:   run_omni_scenarios: sbs_map_c2FtZS50aWY dependency unchanged, skipping
2026-09-17 07:13:21 [INFO] wepppy.run.batch;;qa-omni-correctness-f9210653f2f1;;test_direct_native_upload_change_consumed_reuse_and_touch-5d90bc.omni:   run_omni_scenarios: compiling hillslope summaries
2026-09-17 07:13:21 [INFO] wepppy.run.batch;;qa-omni-correctness-f9210653f2f1;;test_direct_native_upload_change_consumed_reuse_and_touch-5d90bc.omni:   run_omni_scenarios: compiling channel summaries
2026-09-17 07:13:21 [INFO] wepppy.run.batch;;qa-omni-correctness-f9210653f2f1;;test_direct_native_upload_change_consumed_reuse_and_touch-5d90bc.omni:   run_omni_scenarios: compiling scenario report
2026-09-17 07:13:21 [INFO] wepppy.run.batch;;qa-omni-correctness-f9210653f2f1;;test_direct_native_upload_change_consumed_reuse_and_touch-5d90bc.omni: run_omni_scenarios
2026-09-17 07:13:21 [INFO] wepppy.run.batch;;qa-omni-correctness-f9210653f2f1;;test_direct_native_upload_change_consumed_reuse_and_touch-5d90bc.omni: omni.scenario_run_state -> []
2026-09-17 07:13:21 [INFO] wepppy.run.batch;;qa-omni-correctness-f9210653f2f1;;test_direct_native_upload_change_consumed_reuse_and_touch-5d90bc.omni:   run_omni_scenarios: sbs_map_c2FtZS50aWY
2026-09-17 07:13:22 [INFO] wepppy.run.batch;;qa-omni-correctness-f9210653f2f1;;test_direct_native_upload_change_consumed_reuse_and_touch-5d90bc.omni:   run_omni_scenarios: compiling hillslope summaries
2026-09-17 07:13:22 [INFO] wepppy.run.batch;;qa-omni-correctness-f9210653f2f1;;test_direct_native_upload_change_consumed_reuse_and_touch-5d90bc.omni:   run_omni_scenarios: compiling channel summaries
2026-09-17 07:13:22 [INFO] wepppy.run.batch;;qa-omni-correctness-f9210653f2f1;;test_direct_native_upload_change_consumed_reuse_and_touch-5d90bc.omni:   run_omni_scenarios: compiling scenario report
2026-09-17 07:13:22 [INFO] wepppy.run.batch;;qa-omni-correctness-f9210653f2f1;;test_direct_native_upload_change_consumed_reuse_and_touch-5d90bc.omni: run_omni_scenarios
2026-09-17 07:13:22 [INFO] wepppy.run.batch;;qa-omni-correctness-f9210653f2f1;;test_direct_native_upload_change_consumed_reuse_and_touch-5d90bc.omni: omni.scenario_run_state -> []
2026-09-17 07:13:22 [INFO] wepppy.run.batch;;qa-omni-correctness-f9210653f2f1;;test_direct_native_upload_change_consumed_reuse_and_touch-5d90bc.omni:   run_omni_scenarios: sbs_map_c2FtZS50aWY dependency unchanged, skipping
2026-09-17 07:13:22 [INFO] wepppy.run.batch;;qa-omni-correctness-f9210653f2f1;;test_direct_native_upload_change_consumed_reuse_and_touch-5d90bc.omni:   run_omni_scenarios: compiling hillslope summaries
2026-09-17 07:13:22 [INFO] wepppy.run.batch;;qa-omni-correctness-f9210653f2f1;;test_direct_native_upload_change_consumed_reuse_and_touch-5d90bc.omni:   run_omni_scenarios: compiling channel summaries
2026-09-17 07:13:22 [INFO] wepppy.run.batch;;qa-omni-correctness-f9210653f2f1;;test_direct_native_upload_change_consumed_reuse_and_touch-5d90bc.omni:   run_omni_scenarios: compiling scenario report
OMNI_CORRECTNESS direct_generations {"final_pixels": [[3, 3], [3, 3]], "native_pixels": [["sbs_map_c2FtZS50aWY", [[1, 1], [1, 1]]], ["sbs_map_c2FtZS50aWY", [[3, 3], [3, 3]]]], "source_consumed": true, "states": ["executed", "skipped", "executed", "skipped"]}
PASSED
docs/work-packages/20260916_file_dependency_freshness/artifacts/omni_sbs_implementation_correctness_probe.py::test_direct_native_admission_preserves_concurrent_unrelated_fields 2026-09-17 07:13:22 [INFO] wepppy.run.batch;;qa-omni-correctness-f9210653f2f1;;test_direct_native_admission_preserves_concurrent_unrelated_fields-d0608e.omni: omni.scenarios -> [{'type': 'sbs_map', 'sbs_file_path': '/wc1/batch/qa-omni-correctness-f9210653f2f1/runs/test_direct_native_admission_preserves_concurrent_unrelated_fields-d0608e/omni/_limbo/0/same.tif'}]
2026-09-17 07:13:22 [INFO] wepppy.run.batch;;qa-omni-correctness-f9210653f2f1;;test_direct_native_admission_preserves_concurrent_unrelated_fields-d0608e.omni: run_omni_scenarios
2026-09-17 07:13:22 [INFO] wepppy.run.batch;;qa-omni-correctness-f9210653f2f1;;test_direct_native_admission_preserves_concurrent_unrelated_fields-d0608e.omni: omni.scenario_run_state -> []
2026-09-17 07:13:22 [INFO] wepppy.run.batch;;qa-omni-correctness-f9210653f2f1;;test_direct_native_admission_preserves_concurrent_unrelated_fields-d0608e.omni:   run_omni_scenarios: sbs_map_c2FtZS50aWY
2026-09-17 07:13:22 [INFO] wepppy.run.batch;;qa-omni-correctness-f9210653f2f1;;test_direct_native_admission_preserves_concurrent_unrelated_fields-d0608e.omni:   run_omni_scenarios: compiling hillslope summaries
2026-09-17 07:13:22 [INFO] wepppy.run.batch;;qa-omni-correctness-f9210653f2f1;;test_direct_native_admission_preserves_concurrent_unrelated_fields-d0608e.omni:   run_omni_scenarios: compiling channel summaries
2026-09-17 07:13:22 [INFO] wepppy.run.batch;;qa-omni-correctness-f9210653f2f1;;test_direct_native_admission_preserves_concurrent_unrelated_fields-d0608e.omni:   run_omni_scenarios: compiling scenario report
OMNI_CORRECTNESS durable_fields {"states": [{"scenario": "other", "status": "executed"}, {"dependency_path": "/wc1/batch/qa-omni-correctness-f9210653f2f1/runs/test_direct_native_admission_preserves_concurrent_unrelated_fields-d0608e/base-loss.txt", "dependency_sha1": "18848ae530440cd0546b35dbca88170210f26299", "dependency_target": "undisturbed", "reason": "dependency_changed", "scenario": "sbs_map_c2FtZS50aWY", "status": "executed", "timestamp": 1789629202.8173606}], "unrelated": "concurrent-durable-value"}
PASSED
docs/work-packages/20260916_file_dependency_freshness/artifacts/omni_sbs_implementation_correctness_probe.py::test_mixed_direct_order_remains_sbs_uniform_then_mulch 2026-09-17 07:13:23 [INFO] wepppy.run.batch;;qa-omni-correctness-f9210653f2f1;;test_mixed_direct_order_remains_sbs_uniform_then_mulch-13fbc7.omni: omni.scenarios -> [{'type': 'sbs_map', 'sbs_file_path': '/wc1/batch/qa-omni-correctness-f9210653f2f1/runs/test_mixed_direct_order_remains_sbs_uniform_then_mulch-13fbc7/omni/_limbo/0/same.tif'}]
2026-09-17 07:13:23 [INFO] wepppy.run.batch;;qa-omni-correctness-f9210653f2f1;;test_mixed_direct_order_remains_sbs_uniform_then_mulch-13fbc7.omni: omni.scenarios -> [{'type': 'mulch', 'base_scenario': 'uniform_low', 'ground_cover_increase': '30'}, {'type': 'sbs_map', 'sbs_file_path': '/wc1/batch/qa-omni-correctness-f9210653f2f1/runs/test_mixed_direct_order_remains_sbs_uniform_then_mulch-13fbc7/omni/_limbo/0/same.tif'}, {'type': 'uniform_low'}]
2026-09-17 07:13:23 [INFO] wepppy.run.batch;;qa-omni-correctness-f9210653f2f1;;test_mixed_direct_order_remains_sbs_uniform_then_mulch-13fbc7.omni: run_omni_scenarios
2026-09-17 07:13:23 [INFO] wepppy.run.batch;;qa-omni-correctness-f9210653f2f1;;test_mixed_direct_order_remains_sbs_uniform_then_mulch-13fbc7.omni: omni.scenario_run_state -> []
2026-09-17 07:13:23 [INFO] wepppy.run.batch;;qa-omni-correctness-f9210653f2f1;;test_mixed_direct_order_remains_sbs_uniform_then_mulch-13fbc7.omni:   run_omni_scenarios: sbs_map_c2FtZS50aWY
2026-09-17 07:13:23 [INFO] wepppy.run.batch;;qa-omni-correctness-f9210653f2f1;;test_mixed_direct_order_remains_sbs_uniform_then_mulch-13fbc7.omni:   run_omni_scenarios: uniform_low
2026-09-17 07:13:23 [INFO] wepppy.run.batch;;qa-omni-correctness-f9210653f2f1;;test_mixed_direct_order_remains_sbs_uniform_then_mulch-13fbc7.omni: omni.scenario_dependency_tree -> {'sbs_map_c2FtZS50aWY': {'dependency_target': 'undisturbed', 'dependency_path': '/wc1/batch/qa-omni-correctness-f9210653f2f1/runs/test_mixed_direct_order_remains_sbs_uniform_then_mulch-13fbc7/base-loss.txt', 'dependency_sha1': '18848ae530440cd0546b35dbca88170210f26299', 'signature': '{"_sbs_content": {"sha256": "3b45b1ed0e4392c52e15c066d6a53c06105ff7d110af7a8b449bb75751333d3e", "source_path": "/wc1/batch/qa-omni-correctness-f9210653f2f1/runs/test_mixed_direct_order_remains_sbs_uniform_then_mulch-13fbc7/omni/_limbo/0/same.tif", "version": 1}, "sbs_file_path": "/wc1/batch/qa-omni-correctness-f9210653f2f1/runs/test_mixed_direct_order_remains_sbs_uniform_then_mulch-13fbc7/omni/_limbo/0/same.tif", "type": "sbs_map"}', 'timestamp': 1789629203.2765026}, 'uniform_low': {'dependency_target': 'undisturbed', 'dependency_path': '/wc1/batch/qa-omni-correctness-f9210653f2f1/runs/test_mixed_direct_order_remains_sbs_uniform_then_mulch-13fbc7/base-loss.txt', 'dependency_sha1': '18848ae530440cd0546b35dbca88170210f26299', 'signature': '{"type": "uniform_low"}', 'timestamp': 1789629203.333108}}
2026-09-17 07:13:23 [INFO] wepppy.run.batch;;qa-omni-correctness-f9210653f2f1;;test_mixed_direct_order_remains_sbs_uniform_then_mulch-13fbc7.omni: omni.scenario_run_state -> [{'scenario': 'sbs_map_c2FtZS50aWY', 'status': 'executed', 'reason': 'dependency_changed', 'dependency_target': 'undisturbed', 'dependency_path': '/wc1/batch/qa-omni-correctness-f9210653f2f1/runs/test_mixed_direct_order_remains_sbs_uniform_then_mulch-13fbc7/base-loss.txt', 'dependency_sha1': '18848ae530440cd0546b35dbca88170210f26299', 'timestamp': 1789629203.2765026}, {'scenario': 'uniform_low', 'status': 'executed', 'reason': 'dependency_changed', 'dependency_target': 'undisturbed', 'dependency_path': '/wc1/batch/qa-omni-correctness-f9210653f2f1/runs/test_mixed_direct_order_remains_sbs_uniform_then_mulch-13fbc7/base-loss.txt', 'dependency_sha1': '18848ae530440cd0546b35dbca88170210f26299', 'timestamp': 1789629203.333108}]
2026-09-17 07:13:23 [INFO] wepppy.run.batch;;qa-omni-correctness-f9210653f2f1;;test_mixed_direct_order_remains_sbs_uniform_then_mulch-13fbc7.omni:   run_omni_scenarios: mulch_30_uniform_low
2026-09-17 07:13:23 [INFO] wepppy.run.batch;;qa-omni-correctness-f9210653f2f1;;test_mixed_direct_order_remains_sbs_uniform_then_mulch-13fbc7.omni: omni.scenario_dependency_tree -> {'sbs_map_c2FtZS50aWY': {'dependency_target': 'undisturbed', 'dependency_path': '/wc1/batch/qa-omni-correctness-f9210653f2f1/runs/test_mixed_direct_order_remains_sbs_uniform_then_mulch-13fbc7/base-loss.txt', 'dependency_sha1': '18848ae530440cd0546b35dbca88170210f26299', 'signature': '{"_sbs_content": {"sha256": "3b45b1ed0e4392c52e15c066d6a53c06105ff7d110af7a8b449bb75751333d3e", "source_path": "/wc1/batch/qa-omni-correctness-f9210653f2f1/runs/test_mixed_direct_order_remains_sbs_uniform_then_mulch-13fbc7/omni/_limbo/0/same.tif", "version": 1}, "sbs_file_path": "/wc1/batch/qa-omni-correctness-f9210653f2f1/runs/test_mixed_direct_order_remains_sbs_uniform_then_mulch-13fbc7/omni/_limbo/0/same.tif", "type": "sbs_map"}', 'timestamp': 1789629203.2765026}, 'uniform_low': {'dependency_target': 'undisturbed', 'dependency_path': '/wc1/batch/qa-omni-correctness-f9210653f2f1/runs/test_mixed_direct_order_remains_sbs_uniform_then_mulch-13fbc7/base-loss.txt', 'dependency_sha1': '18848ae530440cd0546b35dbca88170210f26299', 'signature': '{"type": "uniform_low"}', 'timestamp': 1789629203.333108}, 'mulch_30_uniform_low': {'dependency_target': 'uniform_low', 'dependency_path': '/wc1/batch/qa-omni-correctness-f9210653f2f1/runs/test_mixed_direct_order_remains_sbs_uniform_then_mulch-13fbc7/base-loss.txt', 'dependency_sha1': '18848ae530440cd0546b35dbca88170210f26299', 'signature': '{"base_scenario": "uniform_low", "ground_cover_increase": "30", "type": "mulch"}', 'timestamp': 1789629203.4480326}}
2026-09-17 07:13:23 [INFO] wepppy.run.batch;;qa-omni-correctness-f9210653f2f1;;test_mixed_direct_order_remains_sbs_uniform_then_mulch-13fbc7.omni: omni.scenario_run_state -> [{'scenario': 'sbs_map_c2FtZS50aWY', 'status': 'executed', 'reason': 'dependency_changed', 'dependency_target': 'undisturbed', 'dependency_path': '/wc1/batch/qa-omni-correctness-f9210653f2f1/runs/test_mixed_direct_order_remains_sbs_uniform_then_mulch-13fbc7/base-loss.txt', 'dependency_sha1': '18848ae530440cd0546b35dbca88170210f26299', 'timestamp': 1789629203.2765026}, {'scenario': 'uniform_low', 'status': 'executed', 'reason': 'dependency_changed', 'dependency_target': 'undisturbed', 'dependency_path': '/wc1/batch/qa-omni-correctness-f9210653f2f1/runs/test_mixed_direct_order_remains_sbs_uniform_then_mulch-13fbc7/base-loss.txt', 'dependency_sha1': '18848ae530440cd0546b35dbca88170210f26299', 'timestamp': 1789629203.333108}, {'scenario': 'mulch_30_uniform_low', 'status': 'executed', 'reason': 'dependency_changed', 'dependency_target': 'uniform_low', 'dependency_path': '/wc1/batch/qa-omni-correctness-f9210653f2f1/runs/test_mixed_direct_order_remains_sbs_uniform_then_mulch-13fbc7/base-loss.txt', 'dependency_sha1': '18848ae530440cd0546b35dbca88170210f26299', 'timestamp': 1789629203.4480326}]
2026-09-17 07:13:23 [INFO] wepppy.run.batch;;qa-omni-correctness-f9210653f2f1;;test_mixed_direct_order_remains_sbs_uniform_then_mulch-13fbc7.omni:   run_omni_scenarios: compiling hillslope summaries
2026-09-17 07:13:23 [INFO] wepppy.run.batch;;qa-omni-correctness-f9210653f2f1;;test_mixed_direct_order_remains_sbs_uniform_then_mulch-13fbc7.omni:   run_omni_scenarios: compiling channel summaries
2026-09-17 07:13:23 [INFO] wepppy.run.batch;;qa-omni-correctness-f9210653f2f1;;test_mixed_direct_order_remains_sbs_uniform_then_mulch-13fbc7.omni:   run_omni_scenarios: compiling scenario report
OMNI_CORRECTNESS direct_order {"executions": ["sbs_map_c2FtZS50aWY", "uniform_low", "mulch_30_uniform_low"], "states": ["sbs_map_c2FtZS50aWY", "uniform_low", "mulch_30_uniform_low"]}
PASSED
docs/work-packages/20260916_file_dependency_freshness/artifacts/omni_sbs_implementation_correctness_probe.py::test_failed_destructive_rerun_keeps_partial_without_old_association 2026-09-17 07:13:23 [INFO] wepppy.run.batch;;qa-omni-correctness-f9210653f2f1;;test_failed_destructive_rerun_keeps_partial_without_old_association-64fd72.omni: omni.scenarios -> [{'type': 'sbs_map', 'sbs_file_path': '/wc1/batch/qa-omni-correctness-f9210653f2f1/runs/test_failed_destructive_rerun_keeps_partial_without_old_association-64fd72/omni/_limbo/0/same.tif'}]
2026-09-17 07:13:23 [INFO] wepppy.run.batch;;qa-omni-correctness-f9210653f2f1;;test_failed_destructive_rerun_keeps_partial_without_old_association-64fd72.omni: omni.scenario_dependency_tree -> {'sbs_map_c2FtZS50aWY': {'dependency_target': 'undisturbed', 'dependency_path': '/wc1/batch/qa-omni-correctness-f9210653f2f1/runs/test_failed_destructive_rerun_keeps_partial_without_old_association-64fd72/base-loss.txt', 'dependency_sha1': '18848ae530440cd0546b35dbca88170210f26299', 'signature': '{"sbs_file_path": "/wc1/batch/qa-omni-correctness-f9210653f2f1/runs/test_failed_destructive_rerun_keeps_partial_without_old_association-64fd72/omni/_limbo/0/same.tif", "type": "sbs_map"}', 'timestamp': 1}}
2026-09-17 07:13:23 [INFO] wepppy.run.batch;;qa-omni-correctness-f9210653f2f1;;test_failed_destructive_rerun_keeps_partial_without_old_association-64fd72.omni: run_omni_scenarios
2026-09-17 07:13:23 [INFO] wepppy.run.batch;;qa-omni-correctness-f9210653f2f1;;test_failed_destructive_rerun_keeps_partial_without_old_association-64fd72.omni: omni.scenario_run_state -> []
2026-09-17 07:13:23 [INFO] wepppy.run.batch;;qa-omni-correctness-f9210653f2f1;;test_failed_destructive_rerun_keeps_partial_without_old_association-64fd72.omni:   run_omni_scenarios: sbs_map_c2FtZS50aWY
OMNI_CORRECTNESS failed_reset {"association_present": false, "old_child_present": false, "partial_retained": true}
PASSED
docs/work-packages/20260916_file_dependency_freshness/artifacts/omni_sbs_implementation_correctness_probe.py::test_rq_worker_queued_drift_rejects_before_clone_and_preserves_prior 2026-09-17 07:13:24 [INFO] wepppy.run.batch;;qa-omni-correctness-f9210653f2f1;;test_rq_worker_queued_drift_rejects_before_clone_and_preserves_prior-39ea5a.omni: omni.scenarios -> [{'type': 'sbs_map', 'sbs_file_path': '/wc1/batch/qa-omni-correctness-f9210653f2f1/runs/test_rq_worker_queued_drift_rejects_before_clone_and_preserves_prior-39ea5a/omni/_limbo/0/same.tif'}]
2026-09-17 07:13:25 [INFO] wepppy.run.batch;;qa-omni-correctness-f9210653f2f1;;test_rq_worker_queued_drift_rejects_before_clone_and_preserves_prior-39ea5a.omni: omni.scenario_dependency_tree -> {'sbs_map_c2FtZS50aWY': {'dependency_target': 'undisturbed', 'dependency_path': '/wc1/batch/qa-omni-correctness-f9210653f2f1/runs/test_rq_worker_queued_drift_rejects_before_clone_and_preserves_prior-39ea5a/base-loss.txt', 'dependency_sha1': '18848ae530440cd0546b35dbca88170210f26299', 'signature': '{"_sbs_content": {"sha256": "3b45b1ed0e4392c52e15c066d6a53c06105ff7d110af7a8b449bb75751333d3e", "source_path": "/wc1/batch/qa-omni-correctness-f9210653f2f1/runs/test_rq_worker_queued_drift_rejects_before_clone_and_preserves_prior-39ea5a/omni/_limbo/0/same.tif", "version": 1}, "sbs_file_path": "/wc1/batch/qa-omni-correctness-f9210653f2f1/runs/test_rq_worker_queued_drift_rejects_before_clone_and_preserves_prior-39ea5a/omni/_limbo/0/same.tif", "type": "sbs_map"}', 'timestamp': 1}}
OMNI_CORRECTNESS queued_drift {"error": 116, "no_native": true, "prior_child_preserved": true, "prior_tree_preserved": true}
PASSED

=============================== warnings summary ===============================
../../opt/venv/lib/python3.12/site-packages/pytz/tzinfo.py:27
  /opt/venv/lib/python3.12/site-packages/pytz/tzinfo.py:27: DeprecationWarning: datetime.datetime.utcfromtimestamp() is deprecated and scheduled for removal in a future version. Use timezone-aware objects to represent datetimes in UTC: datetime.datetime.fromtimestamp(timestamp, datetime.UTC).
    _epoch = datetime.utcfromtimestamp(0)

../../opt/venv/lib/python3.12/site-packages/pyparsing.py:108
  /opt/venv/lib/python3.12/site-packages/pyparsing.py:108: DeprecationWarning: module 'sre_constants' is deprecated
    import sre_constants

docs/work-packages/20260916_file_dependency_freshness/artifacts/omni_sbs_implementation_correctness_probe.py::test_legacy_invalidated_between_skip_decision_and_admission_is_not_resurrected
  /opt/venv/lib/python3.12/site-packages/awesome_codename/data/__init__.py:1: DeprecationWarning: pkg_resources is deprecated as an API. See https://setuptools.pypa.io/en/latest/pkg_resources.html
    from pkg_resources import resource_string

docs/work-packages/20260916_file_dependency_freshness/artifacts/omni_sbs_implementation_correctness_probe.py::test_legacy_invalidated_between_skip_decision_and_admission_is_not_resurrected
  /opt/venv/lib/python3.12/site-packages/passlib/utils/__init__.py:854: DeprecationWarning: 'crypt' is deprecated and slated for removal in Python 3.13
    from crypt import crypt as _crypt

docs/work-packages/20260916_file_dependency_freshness/artifacts/omni_sbs_implementation_correctness_probe.py::test_legacy_invalidated_between_skip_decision_and_admission_is_not_resurrected
  /opt/venv/lib/python3.12/site-packages/flask_security/core.py:1426: DeprecationWarning: The ConfirmRegisterForm and the confirm_register_form option are deprecated as of version 5.6.0 and will be removed in a future release.
    self.init_app(app, datastore, register_blueprint=register_blueprint)

docs/work-packages/20260916_file_dependency_freshness/artifacts/omni_sbs_implementation_correctness_probe.py::test_legacy_invalidated_between_skip_decision_and_admission_is_not_resurrected
  /opt/venv/lib/python3.12/site-packages/flask_security/core.py:1426: DeprecationWarning: The RegisterForm is deprecated as of version 5.6.0 and will be removed in a future release. The form RegisterFormV2 should be sub-classed instead.
    self.init_app(app, datastore, register_blueprint=register_blueprint)

docs/work-packages/20260916_file_dependency_freshness/artifacts/omni_sbs_implementation_correctness_probe.py::test_legacy_invalidated_between_skip_decision_and_admission_is_not_resurrected
docs/work-packages/20260916_file_dependency_freshness/artifacts/omni_sbs_implementation_correctness_probe.py::test_legacy_invalidated_between_skip_decision_and_admission_is_not_resurrected
  /opt/venv/lib/python3.12/site-packages/starlette/applications.py:239: DeprecationWarning: The `middleware` decorator is deprecated, and will be removed in version 1.0.0. Refer to https://starlette.dev/middleware/#using-middleware for recommended approach.
    warnings.warn(

docs/work-packages/20260916_file_dependency_freshness/artifacts/omni_sbs_implementation_correctness_probe.py::test_rq_worker_queued_drift_rejects_before_clone_and_preserves_prior
  /workdir/wepppy/wepppy/rq/exception_logging.py:35: DeprecationWarning: datetime.datetime.utcnow() is deprecated and scheduled for removal in a future version. Use timezone-aware objects to represent datetimes in UTC: datetime.datetime.now(datetime.UTC).
    timestamp = datetime.utcnow().isoformat() + "Z"

-- Docs: https://docs.pytest.org/en/stable/how-to/capture-warnings.html
======================== 6 passed, 9 warnings in 18.01s ========================
