INFO:wctl2:docker compose exec weppcloud bash -lc cd /workdir/wepppy && PYTHONPATH=/workdir/wepppy MYPY_CACHE_DIR=/tmp/mypy_cache /opt/venv/bin/pytest docs/work-packages/20260916_file_dependency_freshness/artifacts/omni_sbs_implementation_correctness_probe.py -k legacy_consumed -v -s
============================= test session starts ==============================
platform linux -- Python 3.12.14, pytest-9.0.3, pluggy-1.6.0 -- /opt/venv/bin/python3
cachedir: .pytest_cache
rootdir: /workdir/wepppy
configfile: pyproject.toml
plugins: reportlog-0.4.0, timeout-2.4.0, cov-7.0.0, libtmux-0.47.0, dash-4.2.0, anyio-4.14.2
collecting ... collected 10 items / 9 deselected / 1 selected

docs/work-packages/20260916_file_dependency_freshness/artifacts/omni_sbs_implementation_correctness_probe.py::test_legacy_consumed_source_needed_for_year_rerun_keeps_missing_error 2026-09-17 07:17:03 [INFO] wepppy.run.batch;;qa-omni-correctness-6ee471498343;;test_legacy_consumed_source_needed_for_year_rerun_keeps_missing_error-8331b7.omni: omni.scenarios -> [{'type': 'sbs_map', 'sbs_file_path': '/wc1/batch/qa-omni-correctness-6ee471498343/runs/test_legacy_consumed_source_needed_for_year_rerun_keeps_missing_error-8331b7/omni/_limbo/0/same.tif'}]
2026-09-17 07:17:03 [INFO] wepppy.run.batch;;qa-omni-correctness-6ee471498343;;test_legacy_consumed_source_needed_for_year_rerun_keeps_missing_error-8331b7.omni: omni.scenario_dependency_tree -> {'sbs_map_c2FtZS50aWY': {'dependency_target': 'undisturbed', 'dependency_path': '/wc1/batch/qa-omni-correctness-6ee471498343/runs/test_legacy_consumed_source_needed_for_year_rerun_keeps_missing_error-8331b7/base-loss.txt', 'dependency_sha1': '18848ae530440cd0546b35dbca88170210f26299', 'signature': '{"sbs_file_path": "/wc1/batch/qa-omni-correctness-6ee471498343/runs/test_legacy_consumed_source_needed_for_year_rerun_keeps_missing_error-8331b7/omni/_limbo/0/same.tif", "type": "sbs_map"}', 'timestamp': 1}}
2026-09-17 07:17:03 [INFO] wepppy.run.batch;;qa-omni-correctness-6ee471498343;;test_legacy_consumed_source_needed_for_year_rerun_keeps_missing_error-8331b7.omni: run_omni_scenarios
2026-09-17 07:17:03 [INFO] wepppy.run.batch;;qa-omni-correctness-6ee471498343;;test_legacy_consumed_source_needed_for_year_rerun_keeps_missing_error-8331b7.omni: omni.scenario_run_state -> []
2026-09-17 07:17:03 [INFO] wepppy.run.batch;;qa-omni-correctness-6ee471498343;;test_legacy_consumed_source_needed_for_year_rerun_keeps_missing_error-8331b7.omni:   run_omni_scenarios: sbs_map_c2FtZS50aWY year set mismatch vs base scenario, rerunning
OMNI_CORRECTNESS legacy_year_rerun {"error_type": "FileNotFoundError", "message": "[Errno 2] No such file or directory: '/wc1/batch/qa-omni-correctness-6ee471498343/runs/test_legacy_consumed_source_needed_for_year_rerun_keeps_missing_error-8331b7/omni/_limbo/0/same.tif'", "no_native": true, "prior_association_preserved": true}
PASSED

=============================== warnings summary ===============================
../../opt/venv/lib/python3.12/site-packages/pytz/tzinfo.py:27
  /opt/venv/lib/python3.12/site-packages/pytz/tzinfo.py:27: DeprecationWarning: datetime.datetime.utcfromtimestamp() is deprecated and scheduled for removal in a future version. Use timezone-aware objects to represent datetimes in UTC: datetime.datetime.fromtimestamp(timestamp, datetime.UTC).
    _epoch = datetime.utcfromtimestamp(0)

../../opt/venv/lib/python3.12/site-packages/pyparsing.py:108
  /opt/venv/lib/python3.12/site-packages/pyparsing.py:108: DeprecationWarning: module 'sre_constants' is deprecated
    import sre_constants

docs/work-packages/20260916_file_dependency_freshness/artifacts/omni_sbs_implementation_correctness_probe.py::test_legacy_consumed_source_needed_for_year_rerun_keeps_missing_error
  /opt/venv/lib/python3.12/site-packages/awesome_codename/data/__init__.py:1: DeprecationWarning: pkg_resources is deprecated as an API. See https://setuptools.pypa.io/en/latest/pkg_resources.html
    from pkg_resources import resource_string

docs/work-packages/20260916_file_dependency_freshness/artifacts/omni_sbs_implementation_correctness_probe.py::test_legacy_consumed_source_needed_for_year_rerun_keeps_missing_error
  /opt/venv/lib/python3.12/site-packages/passlib/utils/__init__.py:854: DeprecationWarning: 'crypt' is deprecated and slated for removal in Python 3.13
    from crypt import crypt as _crypt

docs/work-packages/20260916_file_dependency_freshness/artifacts/omni_sbs_implementation_correctness_probe.py::test_legacy_consumed_source_needed_for_year_rerun_keeps_missing_error
  /opt/venv/lib/python3.12/site-packages/flask_security/core.py:1426: DeprecationWarning: The ConfirmRegisterForm and the confirm_register_form option are deprecated as of version 5.6.0 and will be removed in a future release.
    self.init_app(app, datastore, register_blueprint=register_blueprint)

docs/work-packages/20260916_file_dependency_freshness/artifacts/omni_sbs_implementation_correctness_probe.py::test_legacy_consumed_source_needed_for_year_rerun_keeps_missing_error
  /opt/venv/lib/python3.12/site-packages/flask_security/core.py:1426: DeprecationWarning: The RegisterForm is deprecated as of version 5.6.0 and will be removed in a future release. The form RegisterFormV2 should be sub-classed instead.
    self.init_app(app, datastore, register_blueprint=register_blueprint)

docs/work-packages/20260916_file_dependency_freshness/artifacts/omni_sbs_implementation_correctness_probe.py::test_legacy_consumed_source_needed_for_year_rerun_keeps_missing_error
docs/work-packages/20260916_file_dependency_freshness/artifacts/omni_sbs_implementation_correctness_probe.py::test_legacy_consumed_source_needed_for_year_rerun_keeps_missing_error
  /opt/venv/lib/python3.12/site-packages/starlette/applications.py:239: DeprecationWarning: The `middleware` decorator is deprecated, and will be removed in version 1.0.0. Refer to https://starlette.dev/middleware/#using-middleware for recommended approach.
    warnings.warn(

-- Docs: https://docs.pytest.org/en/stable/how-to/capture-warnings.html
================= 1 passed, 9 deselected, 8 warnings in 12.52s =================
