INFO:wctl2:docker compose exec weppcloud bash -lc cd /workdir/wepppy && PYTHONPATH=/workdir/wepppy MYPY_CACHE_DIR=/tmp/mypy_cache /opt/venv/bin/pytest docs/work-packages/20260916_file_dependency_freshness/artifacts/omni_sbs_implementation_correctness_probe.py -k actual_dispatcher -v -s
============================= test session starts ==============================
platform linux -- Python 3.12.14, pytest-9.0.3, pluggy-1.6.0 -- /opt/venv/bin/python3
cachedir: .pytest_cache
rootdir: /workdir/wepppy
configfile: pyproject.toml
plugins: reportlog-0.4.0, timeout-2.4.0, cov-7.0.0, libtmux-0.47.0, dash-4.2.0, anyio-4.14.2
collecting ... collected 9 items / 6 deselected / 3 selected

docs/work-packages/20260916_file_dependency_freshness/artifacts/omni_sbs_implementation_correctness_probe.py::test_actual_dispatcher_worker_and_consumed_skip[string] 2026-09-17 07:15:04 [INFO] wepppy.run.batch;;qa-omni-correctness-97a30493a58b;;test_actual_dispatcher_worker_and_consumed_skip[string]-e4a74c.omni: omni.scenarios -> [{'type': 'sbs_map', 'sbs_file_path': '/wc1/batch/qa-omni-correctness-97a30493a58b/runs/test_actual_dispatcher_worker_and_consumed_skip[string]-e4a74c/omni/_limbo/0/same.tif'}]
2026-09-17 07:15:04 [INFO] wepppy.run.batch;;qa-omni-correctness-97a30493a58b;;test_actual_dispatcher_worker_and_consumed_skip[string]-e4a74c.omni: omni.scenario_run_state -> []
2026-09-17 07:15:04 [INFO] wepppy.run.batch;;qa-omni-correctness-97a30493a58b;;test_actual_dispatcher_worker_and_consumed_skip[string]-e4a74c.omni:   run_omni_scenarios: queue sbs_map_c2FtZS50aWY
2026-09-17 07:15:06 [INFO] wepppy.run.batch;;qa-omni-correctness-97a30493a58b;;test_actual_dispatcher_worker_and_consumed_skip[string]-e4a74c.omni: omni.scenario_run_state -> []
2026-09-17 07:15:06 [INFO] wepppy.run.batch;;qa-omni-correctness-97a30493a58b;;test_actual_dispatcher_worker_and_consumed_skip[string]-e4a74c.omni:   run_omni_scenarios: sbs_map_c2FtZS50aWY dependency unchanged, skipping
2026-09-17 07:15:06 [INFO] wepppy.run.batch;;qa-omni-correctness-97a30493a58b;;test_actual_dispatcher_worker_and_consumed_skip[string]-e4a74c.omni:   run_omni_scenarios: All scenarios up to date, nothing to run
OMNI_CORRECTNESS rq_type_sbs_map {"error": null, "native_calls": [["sbs_map_c2FtZS50aWY", [[1, 1], [1, 1]]]], "second_queued_functions": ["_compile_hillslope_summaries_rq", "_finalize_omni_scenarios_rq"], "states": [{"dependency_path": "/wc1/batch/qa-omni-correctness-97a30493a58b/runs/test_actual_dispatcher_worker_and_consumed_skip[string]-e4a74c/base-loss.txt", "dependency_sha1": "18848ae530440cd0546b35dbca88170210f26299", "dependency_target": "undisturbed", "reason": "dependency_unchanged", "scenario": "sbs_map_c2FtZS50aWY", "status": "skipped", "timestamp": 1789629306.4869025}]}
PASSED
docs/work-packages/20260916_file_dependency_freshness/artifacts/omni_sbs_implementation_correctness_probe.py::test_actual_dispatcher_worker_and_consumed_skip[integer] 2026-09-17 07:15:06 [INFO] wepppy.run.batch;;qa-omni-correctness-97a30493a58b;;test_actual_dispatcher_worker_and_consumed_skip[integer]-b4198f.omni: omni.scenarios -> [{'type': 'sbs_map', 'sbs_file_path': '/wc1/batch/qa-omni-correctness-97a30493a58b/runs/test_actual_dispatcher_worker_and_consumed_skip[integer]-b4198f/omni/_limbo/0/same.tif'}]
2026-09-17 07:15:07 [INFO] wepppy.run.batch;;qa-omni-correctness-97a30493a58b;;test_actual_dispatcher_worker_and_consumed_skip[integer]-b4198f.omni: omni.scenario_run_state -> []
2026-09-17 07:15:07 [INFO] wepppy.run.batch;;qa-omni-correctness-97a30493a58b;;test_actual_dispatcher_worker_and_consumed_skip[integer]-b4198f.omni:   run_omni_scenarios: queue sbs_map_c2FtZS50aWY
2026-09-17 07:15:08 [INFO] wepppy.run.batch;;qa-omni-correctness-97a30493a58b;;test_actual_dispatcher_worker_and_consumed_skip[integer]-b4198f.omni: omni.scenario_run_state -> []
2026-09-17 07:15:08 [INFO] wepppy.run.batch;;qa-omni-correctness-97a30493a58b;;test_actual_dispatcher_worker_and_consumed_skip[integer]-b4198f.omni:   run_omni_scenarios: sbs_map_c2FtZS50aWY dependency unchanged, skipping
2026-09-17 07:15:08 [INFO] wepppy.run.batch;;qa-omni-correctness-97a30493a58b;;test_actual_dispatcher_worker_and_consumed_skip[integer]-b4198f.omni:   run_omni_scenarios: All scenarios up to date, nothing to run
OMNI_CORRECTNESS rq_type_8 {"error": null, "native_calls": [["sbs_map_c2FtZS50aWY", [[1, 1], [1, 1]]]], "second_queued_functions": ["_compile_hillslope_summaries_rq", "_finalize_omni_scenarios_rq"], "states": [{"dependency_path": "/wc1/batch/qa-omni-correctness-97a30493a58b/runs/test_actual_dispatcher_worker_and_consumed_skip[integer]-b4198f/base-loss.txt", "dependency_sha1": "18848ae530440cd0546b35dbca88170210f26299", "dependency_target": "undisturbed", "reason": "dependency_unchanged", "scenario": "sbs_map_c2FtZS50aWY", "status": "skipped", "timestamp": 1789629308.915059}]}
PASSED
docs/work-packages/20260916_file_dependency_freshness/artifacts/omni_sbs_implementation_correctness_probe.py::test_actual_dispatcher_worker_and_consumed_skip[enum] 2026-09-17 07:15:09 [INFO] wepppy.run.batch;;qa-omni-correctness-97a30493a58b;;test_actual_dispatcher_worker_and_consumed_skip[enum]-e7823a.omni: omni.scenarios -> [{'type': 'sbs_map', 'sbs_file_path': '/wc1/batch/qa-omni-correctness-97a30493a58b/runs/test_actual_dispatcher_worker_and_consumed_skip[enum]-e7823a/omni/_limbo/0/same.tif'}]
2026-09-17 07:15:09 [INFO] wepppy.run.batch;;qa-omni-correctness-97a30493a58b;;test_actual_dispatcher_worker_and_consumed_skip[enum]-e7823a.omni: omni.scenario_run_state -> []
2026-09-17 07:15:09 [INFO] wepppy.run.batch;;qa-omni-correctness-97a30493a58b;;test_actual_dispatcher_worker_and_consumed_skip[enum]-e7823a.omni:   run_omni_scenarios: queue sbs_map_c2FtZS50aWY
2026-09-17 07:15:11 [INFO] wepppy.run.batch;;qa-omni-correctness-97a30493a58b;;test_actual_dispatcher_worker_and_consumed_skip[enum]-e7823a.omni: omni.scenario_run_state -> []
2026-09-17 07:15:11 [INFO] wepppy.run.batch;;qa-omni-correctness-97a30493a58b;;test_actual_dispatcher_worker_and_consumed_skip[enum]-e7823a.omni:   run_omni_scenarios: sbs_map_c2FtZS50aWY dependency unchanged, skipping
2026-09-17 07:15:11 [INFO] wepppy.run.batch;;qa-omni-correctness-97a30493a58b;;test_actual_dispatcher_worker_and_consumed_skip[enum]-e7823a.omni:   run_omni_scenarios: All scenarios up to date, nothing to run
OMNI_CORRECTNESS rq_type_sbs_map {"error": null, "native_calls": [["sbs_map_c2FtZS50aWY", [[1, 1], [1, 1]]]], "second_queued_functions": ["_compile_hillslope_summaries_rq", "_finalize_omni_scenarios_rq"], "states": [{"dependency_path": "/wc1/batch/qa-omni-correctness-97a30493a58b/runs/test_actual_dispatcher_worker_and_consumed_skip[enum]-e7823a/base-loss.txt", "dependency_sha1": "18848ae530440cd0546b35dbca88170210f26299", "dependency_target": "undisturbed", "reason": "dependency_unchanged", "scenario": "sbs_map_c2FtZS50aWY", "status": "skipped", "timestamp": 1789629311.3705535}]}
PASSED

=============================== warnings summary ===============================
../../opt/venv/lib/python3.12/site-packages/pytz/tzinfo.py:27
  /opt/venv/lib/python3.12/site-packages/pytz/tzinfo.py:27: DeprecationWarning: datetime.datetime.utcfromtimestamp() is deprecated and scheduled for removal in a future version. Use timezone-aware objects to represent datetimes in UTC: datetime.datetime.fromtimestamp(timestamp, datetime.UTC).
    _epoch = datetime.utcfromtimestamp(0)

../../opt/venv/lib/python3.12/site-packages/pyparsing.py:108
  /opt/venv/lib/python3.12/site-packages/pyparsing.py:108: DeprecationWarning: module 'sre_constants' is deprecated
    import sre_constants

docs/work-packages/20260916_file_dependency_freshness/artifacts/omni_sbs_implementation_correctness_probe.py::test_actual_dispatcher_worker_and_consumed_skip[string]
  /opt/venv/lib/python3.12/site-packages/awesome_codename/data/__init__.py:1: DeprecationWarning: pkg_resources is deprecated as an API. See https://setuptools.pypa.io/en/latest/pkg_resources.html
    from pkg_resources import resource_string

docs/work-packages/20260916_file_dependency_freshness/artifacts/omni_sbs_implementation_correctness_probe.py::test_actual_dispatcher_worker_and_consumed_skip[string]
  /opt/venv/lib/python3.12/site-packages/passlib/utils/__init__.py:854: DeprecationWarning: 'crypt' is deprecated and slated for removal in Python 3.13
    from crypt import crypt as _crypt

docs/work-packages/20260916_file_dependency_freshness/artifacts/omni_sbs_implementation_correctness_probe.py::test_actual_dispatcher_worker_and_consumed_skip[string]
  /opt/venv/lib/python3.12/site-packages/flask_security/core.py:1426: DeprecationWarning: The ConfirmRegisterForm and the confirm_register_form option are deprecated as of version 5.6.0 and will be removed in a future release.
    self.init_app(app, datastore, register_blueprint=register_blueprint)

docs/work-packages/20260916_file_dependency_freshness/artifacts/omni_sbs_implementation_correctness_probe.py::test_actual_dispatcher_worker_and_consumed_skip[string]
  /opt/venv/lib/python3.12/site-packages/flask_security/core.py:1426: DeprecationWarning: The RegisterForm is deprecated as of version 5.6.0 and will be removed in a future release. The form RegisterFormV2 should be sub-classed instead.
    self.init_app(app, datastore, register_blueprint=register_blueprint)

docs/work-packages/20260916_file_dependency_freshness/artifacts/omni_sbs_implementation_correctness_probe.py::test_actual_dispatcher_worker_and_consumed_skip[string]
docs/work-packages/20260916_file_dependency_freshness/artifacts/omni_sbs_implementation_correctness_probe.py::test_actual_dispatcher_worker_and_consumed_skip[string]
  /opt/venv/lib/python3.12/site-packages/starlette/applications.py:239: DeprecationWarning: The `middleware` decorator is deprecated, and will be removed in version 1.0.0. Refer to https://starlette.dev/middleware/#using-middleware for recommended approach.
    warnings.warn(

-- Docs: https://docs.pytest.org/en/stable/how-to/capture-warnings.html
================= 3 passed, 6 deselected, 8 warnings in 20.14s =================
