INFO:wctl2:docker compose exec weppcloud bash -lc cd /workdir/wepppy && PYTHONPATH=/workdir/wepppy MYPY_CACHE_DIR=/tmp/mypy_cache /opt/venv/bin/pytest tests/nodb/mods/test_postfire_debris_flow_dnbr.py tests/nodb/mods/test_postfire_debris_flow_encoding.py tests/nodb/mods/test_postfire_debris_flow_freshness.py tests/nodb/mods/test_postfire_debris_flow_integration.py tests/nodb/mods/test_postfire_debris_flow_kf.py tests/nodb/mods/test_postfire_debris_flow_m3_integration.py tests/nodb/mods/test_postfire_debris_flow_m3_terrain.py tests/nodb/mods/test_postfire_debris_flow_observability.py tests/nodb/mods/test_postfire_debris_flow_production.py tests/nodb/mods/test_postfire_debris_flow_production_soils.py tests/nodb/mods/test_postfire_debris_flow_publication.py tests/nodb/mods/test_postfire_debris_flow_rainfall.py tests/nodb/mods/test_postfire_debris_flow_report.py tests/nodb/mods/test_postfire_debris_flow_results.py tests/nodb/mods/test_postfire_debris_flow_run_preparation.py tests/nodb/mods/test_postfire_debris_flow_runtime_m3.py tests/nodb/mods/test_postfire_debris_flow_soil_thickness.py tests/nodb/mods/test_postfire_debris_flow_source_acquisition.py tests/nodb/mods/test_postfire_debris_flow_source_preparation.py tests/nodb/mods/test_postfire_debris_flow_source_transport.py tests/nodb/mods/test_postfire_debris_flow_staley2017.py tests/nodb/mods/test_postfire_debris_flow_wallow_fixtures.py tests/microservices/test_rq_engine_postfire_debris_flow.py tests/weppcloud/routes/test_postfire_report_bp.py --maxfail=1
============================= test session starts ==============================
platform linux -- Python 3.12.14, pytest-9.0.3, pluggy-1.6.0
rootdir: /workdir/wepppy
configfile: pyproject.toml
plugins: reportlog-0.4.0, timeout-2.4.0, cov-7.0.0, libtmux-0.47.0, dash-4.2.0, anyio-4.14.2
collected 712 items

tests/nodb/mods/test_postfire_debris_flow_dnbr.py ...................... [  3%]
.......................                                                  [  6%]
tests/nodb/mods/test_postfire_debris_flow_encoding.py .........          [  7%]
tests/nodb/mods/test_postfire_debris_flow_freshness.py ................. [  9%]
..                                                                       [ 10%]
tests/nodb/mods/test_postfire_debris_flow_integration.py ............... [ 12%]
........................................                                 [ 17%]
tests/nodb/mods/test_postfire_debris_flow_kf.py .................        [ 20%]
tests/nodb/mods/test_postfire_debris_flow_m3_integration.py ............ [ 22%]
.                                                                        [ 22%]
tests/nodb/mods/test_postfire_debris_flow_m3_terrain.py ......           [ 23%]
tests/nodb/mods/test_postfire_debris_flow_observability.py ............. [ 24%]
...........                                                              [ 26%]
tests/nodb/mods/test_postfire_debris_flow_production.py ................ [ 28%]
........................................                                 [ 34%]
tests/nodb/mods/test_postfire_debris_flow_production_soils.py .......... [ 35%]
............................                                             [ 39%]
tests/nodb/mods/test_postfire_debris_flow_publication.py ..............  [ 41%]
tests/nodb/mods/test_postfire_debris_flow_rainfall.py .................. [ 44%]
.......                                                                  [ 45%]
tests/nodb/mods/test_postfire_debris_flow_report.py ..................   [ 47%]
tests/nodb/mods/test_postfire_debris_flow_results.py ................... [ 50%]
.......................                                                  [ 53%]
tests/nodb/mods/test_postfire_debris_flow_run_preparation.py ........    [ 54%]
tests/nodb/mods/test_postfire_debris_flow_runtime_m3.py ................ [ 56%]
....................                                                     [ 59%]
tests/nodb/mods/test_postfire_debris_flow_soil_thickness.py ............ [ 61%]
.......................                                                  [ 64%]
tests/nodb/mods/test_postfire_debris_flow_source_acquisition.py ........ [ 65%]
......                                                                   [ 66%]
tests/nodb/mods/test_postfire_debris_flow_source_preparation.py ........ [ 67%]
........                                                                 [ 68%]
tests/nodb/mods/test_postfire_debris_flow_source_transport.py .......... [ 70%]
..                                                                       [ 70%]
tests/nodb/mods/test_postfire_debris_flow_staley2017.py ................ [ 72%]
........................................................................ [ 82%]
.........................................................                [ 90%]
tests/nodb/mods/test_postfire_debris_flow_wallow_fixtures.py .....       [ 91%]
tests/microservices/test_rq_engine_postfire_debris_flow.py ............. [ 93%]
.....................                                                    [ 96%]
tests/weppcloud/routes/test_postfire_report_bp.py ...................... [ 99%]
....                                                                     [100%]

=============================== warnings summary ===============================
../../opt/venv/lib/python3.12/site-packages/pytz/tzinfo.py:27
  /opt/venv/lib/python3.12/site-packages/pytz/tzinfo.py:27: DeprecationWarning: datetime.datetime.utcfromtimestamp() is deprecated and scheduled for removal in a future version. Use timezone-aware objects to represent datetimes in UTC: datetime.datetime.fromtimestamp(timestamp, datetime.UTC).
    _epoch = datetime.utcfromtimestamp(0)

../../opt/venv/lib/python3.12/site-packages/pyparsing.py:108
  /opt/venv/lib/python3.12/site-packages/pyparsing.py:108: DeprecationWarning: module 'sre_constants' is deprecated
    import sre_constants

../../opt/venv/lib/python3.12/site-packages/starlette/applications.py:239
../../opt/venv/lib/python3.12/site-packages/starlette/applications.py:239
  /opt/venv/lib/python3.12/site-packages/starlette/applications.py:239: DeprecationWarning: The `middleware` decorator is deprecated, and will be removed in version 1.0.0. Refer to https://starlette.dev/middleware/#using-middleware for recommended approach.
    warnings.warn(

../../opt/venv/lib/python3.12/site-packages/passlib/utils/__init__.py:854
  /opt/venv/lib/python3.12/site-packages/passlib/utils/__init__.py:854: DeprecationWarning: 'crypt' is deprecated and slated for removal in Python 3.13
    from crypt import crypt as _crypt

../../opt/venv/lib/python3.12/site-packages/passlib/pwd.py:16
  /opt/venv/lib/python3.12/site-packages/passlib/pwd.py:16: DeprecationWarning: pkg_resources is deprecated as an API. See https://setuptools.pypa.io/en/latest/pkg_resources.html
    import pkg_resources

tests/nodb/mods/test_postfire_debris_flow_integration.py::test_external_mask_dnbr
tests/nodb/mods/test_postfire_debris_flow_integration.py::test_external_mask_without_gdal_flag_rejected
tests/nodb/mods/test_postfire_debris_flow_production.py::test_upload_rejects_mutation_and_preserves_accepted[dem_mask_after_auto]
  /opt/venv/lib/python3.12/site-packages/rasterio/__init__.py:304: NotGeoreferencedWarning: Dataset has no geotransform, gcps, or rpcs. The identity matrix will be returned.
    dataset = DatasetReader(path, driver=driver, sharing=sharing, **kwargs)

tests/nodb/mods/test_postfire_debris_flow_integration.py::test_external_mask_without_gdal_flag_rejected
  /opt/venv/lib/python3.12/site-packages/rasterio/__init__.py:314: NotGeoreferencedWarning: Dataset has no geotransform, gcps, or rpcs. The identity matrix will be returned.
    dataset = writer(

tests/nodb/mods/test_postfire_debris_flow_kf.py: 2 warnings
tests/nodb/mods/test_postfire_debris_flow_production.py: 6 warnings
tests/nodb/mods/test_postfire_debris_flow_source_acquisition.py: 11 warnings
  /usr/local/lib/python3.12/multiprocessing/popen_fork.py:66: DeprecationWarning: This process (pid=81906) is multi-threaded, use of fork() may lead to deadlocks in the child.
    self.pid = os.fork()

tests/nodb/mods/test_postfire_debris_flow_observability.py::test_migration_preserves_payloads_and_rebases_hash_dag
  /opt/venv/lib/python3.12/site-packages/flask_security/core.py:1426: DeprecationWarning: The ConfirmRegisterForm and the confirm_register_form option are deprecated as of version 5.6.0 and will be removed in a future release.
    self.init_app(app, datastore, register_blueprint=register_blueprint)

tests/nodb/mods/test_postfire_debris_flow_observability.py::test_migration_preserves_payloads_and_rebases_hash_dag
  /opt/venv/lib/python3.12/site-packages/flask_security/core.py:1426: DeprecationWarning: The RegisterForm is deprecated as of version 5.6.0 and will be removed in a future release. The form RegisterFormV2 should be sub-classed instead.
    self.init_app(app, datastore, register_blueprint=register_blueprint)

tests/nodb/mods/test_postfire_debris_flow_production.py::test_m3_task_retains_failure_and_preserves_previous_result
  /workdir/wepppy/wepppy/rq/exception_logging.py:35: DeprecationWarning: datetime.datetime.utcnow() is deprecated and scheduled for removal in a future version. Use timezone-aware objects to represent datetimes in UTC: datetime.datetime.now(datetime.UTC).
    timestamp = datetime.utcnow().isoformat() + "Z"

-- Docs: https://docs.pytest.org/en/stable/how-to/capture-warnings.html
================= 712 passed, 32 warnings in 201.20s (0:03:21) =================
