INFO:wctl2:docker compose exec weppcloud bash -lc cd /workdir/wepppy && PYTHONPATH=/workdir/wepppy MYPY_CACHE_DIR=/tmp/mypy_cache /opt/venv/bin/pytest docs/work-packages/20260916_file_dependency_freshness/artifacts/profile_sbs_implementation_security_probe.py -v -s
============================= test session starts ==============================
platform linux -- Python 3.12.14, pytest-9.0.3, pluggy-1.6.0 -- /opt/venv/bin/python3
cachedir: .pytest_cache
rootdir: /workdir/wepppy
configfile: pyproject.toml
plugins: reportlog-0.4.0, timeout-2.4.0, cov-7.0.0, libtmux-0.47.0, dash-4.2.0, anyio-4.14.2
collecting ... collected 6 items

docs/work-packages/20260916_file_dependency_freshness/artifacts/profile_sbs_implementation_security_probe.py::test_capture_replaced_event_directory_cannot_write_outside_root {"error": {"type": "ValueError", "message": "SBS event member escapes its directory"}, "swapped": true, "outside_written": true, "retained_working_status": true}
FAILED
docs/work-packages/20260916_file_dependency_freshness/artifacts/profile_sbs_implementation_security_probe.py::test_denied_selected_controller_path_does_not_capture_fallback {"error": null, "captured": "different fallback bytes"}
FAILED
docs/work-packages/20260916_file_dependency_freshness/artifacts/profile_sbs_implementation_security_probe.py::test_initial_outside_event_alias_is_rejected_without_write PASSED
docs/work-packages/20260916_file_dependency_freshness/artifacts/profile_sbs_implementation_security_probe.py::test_completed_duplicate_is_immutable_and_wrong_bytes_rejected PASSED
docs/work-packages/20260916_file_dependency_freshness/artifacts/profile_sbs_implementation_security_probe.py::test_required_missing_seed_fails_and_unmarked_absence_is_legacy PASSED
docs/work-packages/20260916_file_dependency_freshness/artifacts/profile_sbs_implementation_security_probe.py::test_seed_payload_path_escape_rejected PASSED

=================================== FAILURES ===================================
_______ test_capture_replaced_event_directory_cannot_write_outside_root ________

tmp_path = PosixPath('/tmp/pytest-of-unknown/pytest-156/test_capture_replaced_event_di0')
monkeypatch = <_pytest.monkeypatch.MonkeyPatch object at 0x7e6b6c97f5f0>

    def test_capture_replaced_event_directory_cannot_write_outside_root(tmp_path, monkeypatch):
        uploads, outside = tmp_path / 'uploads', tmp_path / 'outside'
        uploads.mkdir()
        outside.mkdir()
        source = tmp_path / 'source.tif'
        source.write_bytes(b'ordinary disposable profile payload')
        event_id = 'capture-boundary'
        entry = uploads / 'sbs/events' / hashlib.sha256(event_id.encode()).hexdigest()
        retained = entry.with_name(entry.name + '.retained')
        target = entry / 'input_upload_sbs.tif'
        original_open = Path.open
        changed = False
    
        def replace_before_payload_open(path, *args, **kwargs):
            nonlocal changed
            if path == target and args and args[0] == 'xb' and not changed:
                changed = True
                entry.rename(retained)
                entry.symlink_to(outside, target_is_directory=True)
            return original_open(path, *args, **kwargs)
    
        monkeypatch.setattr(Path, 'open', replace_before_payload_open)
        error = None
        try:
            sbs_seed.capture_event_seed(uploads, event_id, source)
        except Exception as exc:
            error = {'type': type(exc).__name__, 'message': str(exc)}
        outside_payload = outside / 'input_upload_sbs.tif'
        record('capture_directory_swap', error=error, swapped=changed,
               outside_written=outside_payload.exists(),
               retained_working_status=(retained / 'status.json').exists())
        assert changed and error is not None
>       assert not outside_payload.exists()
E       AssertionError: assert not True
E        +  where True = exists()
E        +    where exists = PosixPath('/tmp/pytest-of-unknown/pytest-156/test_capture_replaced_event_di0/outside/input_upload_sbs.tif').exists

docs/work-packages/20260916_file_dependency_freshness/artifacts/profile_sbs_implementation_security_probe.py:51: AssertionError
________ test_denied_selected_controller_path_does_not_capture_fallback ________

tmp_path = PosixPath('/tmp/pytest-of-unknown/pytest-156/test_denied_selected_controlle0')
monkeypatch = <_pytest.monkeypatch.MonkeyPatch object at 0x7e6b6ca3ac00>

    def test_denied_selected_controller_path_does_not_capture_fallback(tmp_path, monkeypatch):
        from wepppy.nodb.mods.disturbed import Disturbed
        from wepppy.nodb.mods.baer import Baer
        run, uploads = tmp_path / 'run', tmp_path / 'uploads'
        denied = run / 'selected'
        denied.mkdir(parents=True)
        selected = denied / 'selected.tif'
        selected.write_bytes(b'selected original bytes')
        fallback = run / 'baer/fallback.tif'
        fallback.parent.mkdir()
        fallback.write_bytes(b'different fallback bytes')
        monkeypatch.setattr(Disturbed, 'getInstance', lambda *args: SimpleNamespace(disturbed_path=str(selected)))
        monkeypatch.setattr(Baer, 'getInstance', lambda *args: SimpleNamespace(baer_path=str(fallback)))
        denied.chmod(0)
        error = None
        try:
            ProfileAssembler(tmp_path / 'data')._snapshot_sbs_upload(uploads, run, event_id='denied-selection')
        except Exception as exc:
            error = {'type': type(exc).__name__, 'message': str(exc)}
        finally:
            denied.chmod(0o700)
        captured = None
        try:
            seed = sbs_seed.read_event_seed(uploads, 'denied-selection', required=True)
            captured = seed.payload.decode()
        except RequestException:
            pass
        record('denied_selection', error=error, captured=captured)
>       assert error is not None
E       assert None is not None

docs/work-packages/20260916_file_dependency_freshness/artifacts/profile_sbs_implementation_security_probe.py:82: AssertionError
=============================== warnings summary ===============================
../../opt/venv/lib/python3.12/site-packages/pytz/tzinfo.py:27
  /opt/venv/lib/python3.12/site-packages/pytz/tzinfo.py:27: DeprecationWarning: datetime.datetime.utcfromtimestamp() is deprecated and scheduled for removal in a future version. Use timezone-aware objects to represent datetimes in UTC: datetime.datetime.fromtimestamp(timestamp, datetime.UTC).
    _epoch = datetime.utcfromtimestamp(0)

../../opt/venv/lib/python3.12/site-packages/pyparsing.py:108
  /opt/venv/lib/python3.12/site-packages/pyparsing.py:108: DeprecationWarning: module 'sre_constants' is deprecated
    import sre_constants

-- Docs: https://docs.pytest.org/en/stable/how-to/capture-warnings.html
=========================== short test summary info ============================
FAILED docs/work-packages/20260916_file_dependency_freshness/artifacts/profile_sbs_implementation_security_probe.py::test_capture_replaced_event_directory_cannot_write_outside_root
FAILED docs/work-packages/20260916_file_dependency_freshness/artifacts/profile_sbs_implementation_security_probe.py::test_denied_selected_controller_path_does_not_capture_fallback
=================== 2 failed, 4 passed, 2 warnings in 8.97s ====================
