Broad exception handler changed-file enforcement

Repo root: /home/workdir/wepppy
Base ref: origin/master
Merge base: adb4f9b004459fc578460a95f30ac01ae1421f36
Path filter: wepppy, services
Allowlist source: /home/workdir/wepppy/docs/standards/broad-exception-boundary-allowlist.md
Changed Python files scanned: 28

Files:
  A wepppy/all_your_base/file_digest.py
  A wepppy/climates/cli_parquet.py
  M wepppy/microservices/rq_engine/postfire_debris_flow_routes.py
  M wepppy/microservices/rq_engine/schema_defaults_routes.py
  M wepppy/nodb/_derived_build.py
  M wepppy/nodb/_read_retry.py
  M wepppy/nodb/base.py
  M wepppy/nodb/config_builder/registry.py
  M wepppy/nodb/core/climate_artifact_export_service.py
  M wepppy/nodb/core/climate_observed_build.py
  M wepppy/nodb/core/landuse.py
  M wepppy/nodb/mods/baer/sbs_map.py
  M wepppy/nodb/mods/features_export/dependency_tracker.py
  M wepppy/nodb/mods/features_export/exporters/geodatabase.py
  M wepppy/nodb/mods/features_export/readme_builder.py
  M wepppy/nodb/mods/features_export/service.py
  M wepppy/nodb/mods/geneva/collaborators/hru_map_geometry_service.py
  M wepppy/nodb/mods/geneva/collaborators/hsg_assignment_service.py
  M wepppy/nodb/mods/postfire_debris_flow/production.py
  M wepppy/nodb/mods/postfire_debris_flow/rainfall_io.py
  M wepppy/nodb/mods/rap/rap_ts_build.py
  M wepppy/nodb/skeletonize.py
  M wepppy/webservices/dtale/dtale.py
  M wepppy/wepp/interchange/_utils.py
  A wepppy/wepp/reports/_cache_freshness.py
  M wepppy/wepp/reports/average_annuals_by_landuse.py
  M wepppy/wepp/reports/hillslope_watbal.py
  M wepppy/weppcloud/utils/assets.py

Per-file delta (unsuppressed broad catches):
  A wepppy/all_your_base/file_digest.py (base=0 current=0 delta=+0)
  A wepppy/climates/cli_parquet.py (base=0 current=0 delta=+0)
  M wepppy/microservices/rq_engine/postfire_debris_flow_routes.py (base=0 current=0 delta=+0)
  M wepppy/microservices/rq_engine/schema_defaults_routes.py (base=0 current=0 delta=+0)
  M wepppy/nodb/_derived_build.py (base=0 current=0 delta=+0)
  M wepppy/nodb/_read_retry.py (base=0 current=0 delta=+0)
  M wepppy/nodb/base.py (base=19 current=19 delta=+0)
  M wepppy/nodb/config_builder/registry.py (base=0 current=0 delta=+0)
  M wepppy/nodb/core/climate_artifact_export_service.py (base=0 current=0 delta=+0)
  M wepppy/nodb/core/climate_observed_build.py (base=0 current=0 delta=+0)
  M wepppy/nodb/core/landuse.py (base=1 current=1 delta=+0)
  M wepppy/nodb/mods/baer/sbs_map.py (base=0 current=0 delta=+0)
  M wepppy/nodb/mods/features_export/dependency_tracker.py (base=0 current=0 delta=+0)
  M wepppy/nodb/mods/features_export/exporters/geodatabase.py (base=0 current=0 delta=+0)
  M wepppy/nodb/mods/features_export/readme_builder.py (base=0 current=0 delta=+0)
  M wepppy/nodb/mods/features_export/service.py (base=1 current=1 delta=+0)
  M wepppy/nodb/mods/geneva/collaborators/hru_map_geometry_service.py (base=0 current=0 delta=+0)
  M wepppy/nodb/mods/geneva/collaborators/hsg_assignment_service.py (base=0 current=0 delta=+0)
  M wepppy/nodb/mods/postfire_debris_flow/production.py (base=0 current=0 delta=+0)
  M wepppy/nodb/mods/postfire_debris_flow/rainfall_io.py (base=0 current=0 delta=+0)
  M wepppy/nodb/mods/rap/rap_ts_build.py (base=0 current=0 delta=+0)
  M wepppy/nodb/skeletonize.py (base=0 current=0 delta=+0)
  M wepppy/webservices/dtale/dtale.py (base=6 current=6 delta=+0)
  M wepppy/wepp/interchange/_utils.py (base=0 current=0 delta=+0)
  A wepppy/wepp/reports/_cache_freshness.py (base=0 current=0 delta=+0)
  M wepppy/wepp/reports/average_annuals_by_landuse.py (base=0 current=0 delta=+0)
  M wepppy/wepp/reports/hillslope_watbal.py (base=0 current=0 delta=+0)
  M wepppy/weppcloud/utils/assets.py (base=1 current=0 delta=-1)

Net delta (all changed files): -1
Result: PASS
