INFO:wctl2:docker compose exec weppcloud bash -lc cd /workdir/wepppy && PYTHONPATH=/workdir/wepppy MYPY_CACHE_DIR=/tmp/mypy_cache /opt/venv/bin/pytest docs/work-packages/20260916_file_dependency_freshness/artifacts/raster_sibling_unknown_correctness_probe.py -q -s
{"suffix": ".tifw", "siblings": ["source.tiff", "source.tifw"], "states": [{"restricted": false, "files": ["/tmp/pytest-of-unknown/pytest-119/test_native_world_file_visibil0/source.tiff"], "transform": [0.0, 1.0, 0.0, 0.0, 0.0, 1.0]}, {"restricted": true, "files": ["/tmp/pytest-of-unknown/pytest-119/test_native_world_file_visibil0/source.tiff"], "transform": [0.0, 1.0, 0.0, 0.0, 0.0, 1.0]}]}
.{"suffix": ".tiffw", "siblings": ["source.tiff"], "states": [{"restricted": false, "files": ["/tmp/pytest-of-unknown/pytest-119/test_native_world_file_visibil1/source.tiff", "/tmp/pytest-of-unknown/pytest-119/test_native_world_file_visibil1/source.tiffw"], "transform": [500000.0, 30.0, 0.0, 5000000.0, 0.0, -30.0]}, {"restricted": true, "files": ["/tmp/pytest-of-unknown/pytest-119/test_native_world_file_visibil1/source.tiff"], "transform": [0.0, 1.0, 0.0, 0.0, 0.0, 1.0]}]}
F{"suffix": ".wld", "siblings": ["source.tiff", "source.wld"], "states": [{"restricted": false, "files": ["/tmp/pytest-of-unknown/pytest-119/test_native_world_file_visibil2/source.tiff", "/tmp/pytest-of-unknown/pytest-119/test_native_world_file_visibil2/source.wld"], "transform": [500000.0, 30.0, 0.0, 5000000.0, 0.0, -30.0]}, {"restricted": true, "files": ["/tmp/pytest-of-unknown/pytest-119/test_native_world_file_visibil2/source.tiff", "/tmp/pytest-of-unknown/pytest-119/test_native_world_file_visibil2/source.wld"], "transform": [500000.0, 30.0, 0.0, 5000000.0, 0.0, -30.0]}]}
.
=================================== FAILURES ===================================
__________________ test_native_world_file_visibility[.tiffw] ___________________

tmp_path = PosixPath('/tmp/pytest-of-unknown/pytest-119/test_native_world_file_visibil1')
suffix = '.tiffw'

    @pytest.mark.parametrize("suffix", [".tifw", ".tiffw", ".wld"])
    def test_native_world_file_visibility(tmp_path, suffix):
        source = tmp_path / "source.tiff"
        ds = gdal.GetDriverByName("GTiff").Create(str(source), 2, 2, 1, gdal.GDT_Byte)
        ds.GetRasterBand(1).Fill(1)
        ds = None
        world = tmp_path / ("source" + suffix)
        world.write_text("30\n0\n0\n-30\n500015\n4999985\n")
        siblings = [source.name, *[Path(path).name for path, kind in fresh._companions(str(source)) if kind in fresh._ORDINARY]]
        states = []
        for restricted in (False, True):
            kwargs = {"sibling_files": siblings} if restricted else {}
            ds = gdal.OpenEx(str(source), gdal.OF_RASTER | gdal.OF_READONLY,
                             allowed_drivers=["GTiff", "AAIGrid"], **kwargs)
            states.append({"restricted": restricted, "files": ds.GetFileList(), "transform": ds.GetGeoTransform()})
            ds = None
        record = {"suffix": suffix, "siblings": siblings, "states": states}
        Path(__file__).with_name("raster_sibling_unknown_" + suffix[1:] + ".json").write_text(json.dumps(record, indent=2) + "\n")
        print(json.dumps(record))
>       assert states[0]["transform"] == states[1]["transform"]
E       assert (500000.0, 30...0, 0.0, -30.0) == (0.0, 1.0, 0.0, 0.0, 0.0, 1.0)
E         
E         At index 0 diff: 500000.0 != 0.0
E         Use -v to get more diff

docs/work-packages/20260916_file_dependency_freshness/artifacts/raster_sibling_unknown_correctness_probe.py:30: AssertionError
=============================== warnings summary ===============================
docs/work-packages/20260916_file_dependency_freshness/artifacts/raster_sibling_unknown_correctness_probe.py::test_native_world_file_visibility[.tifw]
  /opt/venv/lib/python3.12/site-packages/osgeo/gdal.py:314: FutureWarning: Neither gdal.UseExceptions() nor gdal.DontUseExceptions() has been explicitly called. In GDAL 4.0, exceptions will be enabled by default.
    warnings.warn(

-- Docs: https://docs.pytest.org/en/stable/how-to/capture-warnings.html
=========================== short test summary info ============================
FAILED docs/work-packages/20260916_file_dependency_freshness/artifacts/raster_sibling_unknown_correctness_probe.py::test_native_world_file_visibility[.tiffw]
1 failed, 2 passed, 1 warning in 1.20s
