INFO:wctl2:docker compose exec weppcloud env RASTER_IMPLEMENTED_COMPANIONS=1 PYTHONPATH=/workdir/wepppy /opt/venv/bin/pytest docs/work-packages/20260916_file_dependency_freshness/artifacts/raster_sibling_unknown_correctness_probe.py docs/work-packages/20260916_file_dependency_freshness/artifacts/raster_implementation_correctness_probe.py -q -s
{"suffix": ".tifw", "siblings": ["source.tiff", "source.tifw"], "states": [{"restricted": false, "files": ["/tmp/pytest-of-unknown/pytest-129/test_native_world_file_visibil0/source.tiff"], "transform": [0.0, 1.0, 0.0, 0.0, 0.0, 1.0]}, {"restricted": true, "files": ["/tmp/pytest-of-unknown/pytest-129/test_native_world_file_visibil0/source.tiff"], "transform": [0.0, 1.0, 0.0, 0.0, 0.0, 1.0]}]}
.{"suffix": ".tiffw", "siblings": ["source.tiff", "source.tiffw"], "states": [{"restricted": false, "files": ["/tmp/pytest-of-unknown/pytest-129/test_native_world_file_visibil1/source.tiff", "/tmp/pytest-of-unknown/pytest-129/test_native_world_file_visibil1/source.tiffw"], "transform": [500000.0, 30.0, 0.0, 5000000.0, 0.0, -30.0]}, {"restricted": true, "files": ["/tmp/pytest-of-unknown/pytest-129/test_native_world_file_visibil1/source.tiff", "/tmp/pytest-of-unknown/pytest-129/test_native_world_file_visibil1/source.tiffw"], "transform": [500000.0, 30.0, 0.0, 5000000.0, 0.0, -30.0]}]}
.{"suffix": ".wld", "siblings": ["source.tiff", "source.wld"], "states": [{"restricted": false, "files": ["/tmp/pytest-of-unknown/pytest-129/test_native_world_file_visibil2/source.tiff", "/tmp/pytest-of-unknown/pytest-129/test_native_world_file_visibil2/source.wld"], "transform": [500000.0, 30.0, 0.0, 5000000.0, 0.0, -30.0]}, {"restricted": true, "files": ["/tmp/pytest-of-unknown/pytest-129/test_native_world_file_visibil2/source.tiff", "/tmp/pytest-of-unknown/pytest-129/test_native_world_file_visibil2/source.wld"], "transform": [500000.0, 30.0, 0.0, 5000000.0, 0.0, -30.0]}]}
.{"suffix": ".foow", "siblings": ["source.foo", "source.foow"], "states": [{"restricted": false, "files": ["/tmp/pytest-of-unknown/pytest-129/test_native_world_file_visibil3/source.foo", "/tmp/pytest-of-unknown/pytest-129/test_native_world_file_visibil3/source.foow"], "transform": [500000.0, 30.0, 0.0, 5000000.0, 0.0, -30.0]}, {"restricted": true, "files": ["/tmp/pytest-of-unknown/pytest-129/test_native_world_file_visibil3/source.foo", "/tmp/pytest-of-unknown/pytest-129/test_native_world_file_visibil3/source.foow"], "transform": [500000.0, 30.0, 0.0, 5000000.0, 0.0, -30.0]}]}
.{"suffix": ".fow", "siblings": ["source.foo", "source.fow"], "states": [{"restricted": false, "files": ["/tmp/pytest-of-unknown/pytest-129/test_native_world_file_visibil4/source.foo", "/tmp/pytest-of-unknown/pytest-129/test_native_world_file_visibil4/source.fow"], "transform": [500000.0, 30.0, 0.0, 5000000.0, 0.0, -30.0]}, {"restricted": true, "files": ["/tmp/pytest-of-unknown/pytest-129/test_native_world_file_visibil4/source.foo", "/tmp/pytest-of-unknown/pytest-129/test_native_world_file_visibil4/source.fow"], "transform": [500000.0, 30.0, 0.0, 5000000.0, 0.0, -30.0]}]}
.{"suffix": ".TIFFW", "siblings": ["source.tiff", "source.TIFFW"], "states": [{"restricted": false, "files": ["/tmp/pytest-of-unknown/pytest-129/test_native_world_file_visibil5/source.tiff", "/tmp/pytest-of-unknown/pytest-129/test_native_world_file_visibil5/source.TIFFW"], "transform": [500000.0, 30.0, 0.0, 5000000.0, 0.0, -30.0]}, {"restricted": true, "files": ["/tmp/pytest-of-unknown/pytest-129/test_native_world_file_visibil5/source.tiff", "/tmp/pytest-of-unknown/pytest-129/test_native_world_file_visibil5/source.TIFFW"], "transform": [500000.0, 30.0, 0.0, 5000000.0, 0.0, -30.0]}]}
.{"siblings": ["rpc.tif"], "on_disk": ["rpc.RPB", "rpc.tif"], "states": [{"restricted": false, "files": ["/tmp/pytest-of-unknown/pytest-129/test_native_rpc_sidecar_visibi0/rpc.tif", "/tmp/pytest-of-unknown/pytest-129/test_native_rpc_sidecar_visibi0/rpc.RPB"], "rpc": {"ERR_BIAS": "0.0", "ERR_RAND": "0.0", "HEIGHT_OFF": "1", "HEIGHT_SCALE": "1", "LAT_OFF": "1", "LAT_SCALE": "1", "LINE_DEN_COEFF": "1 0 0 0 0 0 0 0 0 0 0 0 0 0 0 0 0 0 0 0", "LINE_NUM_COEFF": "1 0 0 0 0 0 0 0 0 0 0 0 0 0 0 0 0 0 0 0", "LINE_OFF": "1", "LINE_SCALE": "1", "LONG_OFF": "1", "LONG_SCALE": "1", "SAMP_DEN_COEFF": "1 0 0 0 0 0 0 0 0 0 0 0 0 0 0 0 0 0 0 0", "SAMP_NUM_COEFF": "1 0 0 0 0 0 0 0 0 0 0 0 0 0 0 0 0 0 0 0", "SAMP_OFF": "1", "SAMP_SCALE": "1"}}, {"restricted": true, "files": ["/tmp/pytest-of-unknown/pytest-129/test_native_rpc_sidecar_visibi0/rpc.tif"], "rpc": {}}]}
...post-rejection native SBS summary {'srs_valid': False, 'class_count': 1, 'unique_classes': [3], 'class_counts': [(3, 4)], 'has_non_integer': False, 'has_color_table': False, 'color_table_severities': [], 'color_table_valid': False, 'sanity_status': 1, 'sanity_message': 'Map contains an invalid projection. Try reprojecting to UTM.', 'size_bytes': 246}
.....real two-OFE / three-year generated p7.man bytes 4251
.
=============================== warnings summary ===============================
../../opt/venv/lib/python3.12/site-packages/pytz/tzinfo.py:27
  /opt/venv/lib/python3.12/site-packages/pytz/tzinfo.py:27: DeprecationWarning: datetime.datetime.utcfromtimestamp() is deprecated and scheduled for removal in a future version. Use timezone-aware objects to represent datetimes in UTC: datetime.datetime.fromtimestamp(timestamp, datetime.UTC).
    _epoch = datetime.utcfromtimestamp(0)

../../opt/venv/lib/python3.12/site-packages/pyparsing.py:108
  /opt/venv/lib/python3.12/site-packages/pyparsing.py:108: DeprecationWarning: module 'sre_constants' is deprecated
    import sre_constants

-- Docs: https://docs.pytest.org/en/stable/how-to/capture-warnings.html
15 passed, 2 warnings in 15.28s
