INFO:wctl2:docker compose exec weppcloud bash -lc cd /workdir/wepppy && PYTHONPATH=/workdir/wepppy MYPY_CACHE_DIR=/tmp/mypy_cache /opt/venv/bin/pytest docs/work-packages/20260916_file_dependency_freshness/artifacts/reports_relocation_implementation_security_probe.py -v -s --maxfail=1
============================= test session starts ==============================
platform linux -- Python 3.12.14, pytest-9.0.3, pluggy-1.6.0 -- /opt/venv/bin/python3
cachedir: .pytest_cache
rootdir: /workdir/wepppy
configfile: pyproject.toml
plugins: reportlog-0.4.0, timeout-2.4.0, cov-7.0.0, libtmux-0.47.0, dash-4.2.0, anyio-4.14.2
collecting ... collected 5 items

docs/work-packages/20260916_file_dependency_freshness/artifacts/reports_relocation_implementation_security_probe.py::test_missing_catalog_changed_complete_source_rebuilds_in_one_call PASSED
docs/work-packages/20260916_file_dependency_freshness/artifacts/reports_relocation_implementation_security_probe.py::test_relocated_own_absolute_sources_use_new_root_and_keep_catalog_bytes PASSED
docs/work-packages/20260916_file_dependency_freshness/artifacts/reports_relocation_implementation_security_probe.py::test_unrelated_parent_reference_does_not_block_standalone_report PASSED
docs/work-packages/20260916_file_dependency_freshness/artifacts/reports_relocation_implementation_security_probe.py::test_missing_catalog_cannot_authorize_forged_outside_history_path PASSED
docs/work-packages/20260916_file_dependency_freshness/artifacts/reports_relocation_implementation_security_probe.py::test_missing_catalog_redirected_history_still_checks_permission PASSED

=============================== warnings summary ===============================
../../opt/venv/lib/python3.12/site-packages/pytz/tzinfo.py:27
  /opt/venv/lib/python3.12/site-packages/pytz/tzinfo.py:27: DeprecationWarning: datetime.datetime.utcfromtimestamp() is deprecated and scheduled for removal in a future version. Use timezone-aware objects to represent datetimes in UTC: datetime.datetime.fromtimestamp(timestamp, datetime.UTC).
    _epoch = datetime.utcfromtimestamp(0)

../../opt/venv/lib/python3.12/site-packages/pyparsing.py:108
  /opt/venv/lib/python3.12/site-packages/pyparsing.py:108: DeprecationWarning: module 'sre_constants' is deprecated
    import sre_constants

tests/wepp/reports/test_report_cache_freshness.py:19
  /workdir/wepppy/tests/wepp/reports/test_report_cache_freshness.py:19: PytestUnknownMarkWarning: Unknown pytest.mark.integration - is this a typo?  You can register custom marks to avoid this warning - for details, see https://docs.pytest.org/en/stable/how-to/mark.html
    pytestmark = pytest.mark.integration

-- Docs: https://docs.pytest.org/en/stable/how-to/capture-warnings.html
======================== 5 passed, 3 warnings in 9.26s =========================
