INFO:wctl2:docker compose exec weppcloud bash -lc cd /workdir/wepppy && PYTHONPATH=/workdir/wepppy MYPY_CACHE_DIR=/tmp/mypy_cache /opt/venv/bin/pytest docs/work-packages/20260916_file_dependency_freshness/artifacts/reports_implementation_security_after_probe.py docs/work-packages/20260916_file_dependency_freshness/artifacts/reports_proof_security_after_probe.py docs/work-packages/20260916_file_dependency_freshness/artifacts/reports_changed_ids_security_after_probe.py -v -s --maxfail=1
============================= test session starts ==============================
platform linux -- Python 3.12.14, pytest-9.0.3, pluggy-1.6.0 -- /opt/venv/bin/python3
cachedir: .pytest_cache
rootdir: /workdir/wepppy
configfile: pyproject.toml
plugins: reportlog-0.4.0, timeout-2.4.0, cov-7.0.0, libtmux-0.47.0, dash-4.2.0, anyio-4.14.2
collecting ... collected 12 items

docs/work-packages/20260916_file_dependency_freshness/artifacts/reports_implementation_security_after_probe.py::test_characterize_partial_mapping_absence_hides_denial[hillslopes.parquet-channels.parquet] PASSED
docs/work-packages/20260916_file_dependency_freshness/artifacts/reports_implementation_security_after_probe.py::test_characterize_partial_mapping_absence_hides_denial[channels.parquet-hillslopes.parquet] PASSED
docs/work-packages/20260916_file_dependency_freshness/artifacts/reports_implementation_security_after_probe.py::test_present_input_denial_preserves_accepted_cache[HillslopeWatbalReport-wepp/output/interchange/H.wat.parquet] PASSED
docs/work-packages/20260916_file_dependency_freshness/artifacts/reports_implementation_security_after_probe.py::test_present_input_denial_preserves_accepted_cache[AverageAnnualsByLanduseReport-landuse/landuse.parquet] PASSED
docs/work-packages/20260916_file_dependency_freshness/artifacts/reports_implementation_security_after_probe.py::test_restricted_payloads_and_publication_error_preserve_previous[384-HillslopeWatbalReport-P-wepp/output/interchange/H.wat.parquet] PASSED
docs/work-packages/20260916_file_dependency_freshness/artifacts/reports_implementation_security_after_probe.py::test_restricted_payloads_and_publication_error_preserve_previous[384-AverageAnnualsByLanduseReport-Runoff Volume-wepp/output/interchange/loss_pw0.hill.parquet] PASSED
docs/work-packages/20260916_file_dependency_freshness/artifacts/reports_implementation_security_after_probe.py::test_restricted_payloads_and_publication_error_preserve_previous[416-HillslopeWatbalReport-P-wepp/output/interchange/H.wat.parquet] PASSED
docs/work-packages/20260916_file_dependency_freshness/artifacts/reports_implementation_security_after_probe.py::test_restricted_payloads_and_publication_error_preserve_previous[416-AverageAnnualsByLanduseReport-Runoff Volume-wepp/output/interchange/loss_pw0.hill.parquet] PASSED
docs/work-packages/20260916_file_dependency_freshness/artifacts/reports_implementation_security_after_probe.py::test_same_opened_cache_generation_on_atomic_replacement PASSED
docs/work-packages/20260916_file_dependency_freshness/artifacts/reports_implementation_security_after_probe.py::test_characterize_historical_no_catalog_readonly_run PASSED
docs/work-packages/20260916_file_dependency_freshness/artifacts/reports_proof_security_after_probe.py::test_characterize_malformed_alias_proof_under_partial_archive PASSED
docs/work-packages/20260916_file_dependency_freshness/artifacts/reports_changed_ids_security_after_probe.py::test_characterize_changed_source_reuses_obsolete_ids PASSED

=============================== warnings summary ===============================
../../opt/venv/lib/python3.12/site-packages/pytz/tzinfo.py:27
  /opt/venv/lib/python3.12/site-packages/pytz/tzinfo.py:27: DeprecationWarning: datetime.datetime.utcfromtimestamp() is deprecated and scheduled for removal in a future version. Use timezone-aware objects to represent datetimes in UTC: datetime.datetime.fromtimestamp(timestamp, datetime.UTC).
    _epoch = datetime.utcfromtimestamp(0)

../../opt/venv/lib/python3.12/site-packages/pyparsing.py:108
  /opt/venv/lib/python3.12/site-packages/pyparsing.py:108: DeprecationWarning: module 'sre_constants' is deprecated
    import sre_constants

tests/wepp/reports/test_report_cache_freshness.py:19
  /workdir/wepppy/tests/wepp/reports/test_report_cache_freshness.py:19: PytestUnknownMarkWarning: Unknown pytest.mark.integration - is this a typo?  You can register custom marks to avoid this warning - for details, see https://docs.pytest.org/en/stable/how-to/mark.html
    pytestmark = pytest.mark.integration

-- Docs: https://docs.pytest.org/en/stable/how-to/capture-warnings.html
======================== 12 passed, 3 warnings in 9.95s ========================
