INFO:wctl2:docker compose exec weppcloud bash -lc cd /workdir/wepppy && PYTHONPATH=/workdir/wepppy MYPY_CACHE_DIR=/tmp/mypy_cache /opt/venv/bin/pytest tests/wepp/reports --maxfail=1
============================= test session starts ==============================
platform linux -- Python 3.12.14, pytest-9.0.3, pluggy-1.6.0
rootdir: /workdir/wepppy
configfile: pyproject.toml
plugins: reportlog-0.4.0, timeout-2.4.0, cov-7.0.0, libtmux-0.47.0, dash-4.2.0, anyio-4.14.2
collected 28 items / 1 error

==================================== ERRORS ====================================
______ ERROR collecting tests/wepp/reports/test_report_cache_freshness.py ______
ImportError while importing test module '/workdir/wepppy/tests/wepp/reports/test_report_cache_freshness.py'.
Hint: make sure your test modules/packages have valid Python names.
Traceback:
/usr/local/lib/python3.12/importlib/__init__.py:90: in import_module
    return _bootstrap._gcd_import(name[level:], package, level)
           ^^^^^^^^^^^^^^^^^^^^^^^^^^^^^^^^^^^^^^^^^^^^^^^^^^^^
tests/wepp/reports/test_report_cache_freshness.py:14: in <module>
    from wepppy.nodb.core import Watershed
wepppy/nodb/__init__.py:8: in <module>
    from .core.ron import (
wepppy/nodb/core/__init__.py:1: in <module>
    from .climate import Climate, ClimateMode, ClimateSpatialMode, NoClimateStationSelectedError, ClimateModeIsUndefinedError
wepppy/nodb/core/climate.py:88: in <module>
    from wepppy.climates.gridmet import retrieve_historical_timeseries as gridmet_retrieve_historical_timeseries
wepppy/climates/gridmet/__init__.py:1: in <module>
    from .gridmet_singlelocation_client import retrieve_historical_timeseries, retrieve_historical_precip, retrieve_historical_wind
wepppy/climates/gridmet/gridmet_singlelocation_client.py:16: in <module>
    from metpy.calc import dewpoint_from_relative_humidity
/opt/venv/lib/python3.12/site-packages/metpy/__init__.py:15: in <module>
    from .xarray import *  # noqa: F401, F403, E402
    ^^^^^^^^^^^^^^^^^^^^^
/opt/venv/lib/python3.12/site-packages/metpy/xarray.py:26: in <module>
    from pyproj import CRS, Proj
E   ImportError: cannot import name 'CRS' from 'pyproj' (unknown location)
=============================== warnings summary ===============================
../../opt/venv/lib/python3.12/site-packages/pytz/tzinfo.py:27
  /opt/venv/lib/python3.12/site-packages/pytz/tzinfo.py:27: DeprecationWarning: datetime.datetime.utcfromtimestamp() is deprecated and scheduled for removal in a future version. Use timezone-aware objects to represent datetimes in UTC: datetime.datetime.fromtimestamp(timestamp, datetime.UTC).
    _epoch = datetime.utcfromtimestamp(0)

-- Docs: https://docs.pytest.org/en/stable/how-to/capture-warnings.html
=========================== short test summary info ============================
ERROR tests/wepp/reports/test_report_cache_freshness.py
!!!!!!!!!!!!!!!!!!!!!!!!!! stopping after 1 failures !!!!!!!!!!!!!!!!!!!!!!!!!!!
========================= 1 warning, 1 error in 3.80s ==========================
