INFO:wctl2:docker compose exec weppcloud python docs/work-packages/20260916_file_dependency_freshness/artifacts/benchmark_report_dependencies.py reports_performance_baseline_revision3
hwat_digest_first_observation: 273.043 ms
hwat_digest_during_admission: 266.730 ms
hwat_digest_admitting: 284.764 ms
hwat_digest_settled: 0.224 ms
native_hwat_wepp_id_scan: 139.139 ms
watershed_detached_disk_load: 3.792 ms
actual_translator_factory: 0.204 ms
effective_mapping_for_retained_source_ids: 0.184 ms
mapping_canonical_json: 0.072 ms
c08_settled_observation_with_disk_hydration: 4.104 ms
isolated_parquet_fallback_translator: 14.878 ms
existing_c08_cached_report_first: 142.205 ms
existing_c08_cached_report_repeat: 10.317 ms
existing_c08_cached_parquet_only: 2.888 ms
native_summary_to_disposable_cache: 936.721 ms
c09_resolve_catalog_and_three_inputs: 3.547 ms
c09_resolve_catalog_inputs_and_aliases: 2.542 ms
c09_three_dependency_hashes_first: 3.911 ms
c09_three_dependency_hashes_admitting: 3.849 ms
c09_three_dependency_hashes_settled: 1.391 ms
c09_settled_provenance_observation: 4.079 ms
c09_actual_duckdb_report_query: 33.017 ms
c09_disposable_cached_report: 2.734 ms
translator_small_dependency_hashes_first: 1.358 ms
translator_small_dependency_hashes_admitting: 1.834 ms
translator_small_dependency_hashes_settled: 1.422 ms
{
  "run": "/wc1/runs/th/thespian-cleanness",
  "uid": 1000,
  "gid": 993,
  "disposable_outputs": "/workdir/wepppy/docs/work-packages/20260916_file_dependency_freshness/artifacts/reports_performance_outputs/09b0f891f7e7",
  "source_sizes": {
    "/wc1/runs/th/thespian-cleanness/nodb.version": 5,
    "/wc1/runs/th/thespian-cleanness/landuse/landuse.parquet": 13977,
    "/wc1/runs/th/thespian-cleanness/wepp/reports/cache/hillslope_watbal_summary.parquet": 292036,
    "/wc1/runs/th/thespian-cleanness/watershed/channels.parquet": 17710,
    "/wc1/runs/th/thespian-cleanness/watershed.nodb": 8994,
    "/wc1/runs/th/thespian-cleanness/wepp/reports/cache/hillslope_watbal_summary.meta.json": 20,
    "/wc1/runs/th/thespian-cleanness/watershed/hillslopes.parquet": 32414,
    "/wc1/runs/th/thespian-cleanness/wepp/output/interchange/H.wat.parquet": 81150978,
    "/wc1/runs/th/thespian-cleanness/_query_engine/catalog.json": 136693,
    "/wc1/runs/th/thespian-cleanness/wepp/output/interchange/loss_pw0.hill.parquet": 13059
  },
  "landuse_resolver_selected_inputs": {
    "wepp/output/interchange/loss_pw0.hill.parquet": "/wc1/runs/th/thespian-cleanness/wepp/output/interchange/loss_pw0.hill.parquet",
    "watershed/hillslopes.parquet": "/wc1/runs/th/thespian-cleanness/watershed/hillslopes.parquet",
    "landuse/landuse.parquet": "/wc1/runs/th/thespian-cleanness/landuse/landuse.parquet"
  },
  "translator_resolver_selected_inputs": {
    "watershed/hillslopes.parquet": "/wc1/runs/th/thespian-cleanness/watershed/hillslopes.parquet",
    "watershed/channels.parquet": "/wc1/runs/th/thespian-cleanness/watershed/channels.parquet"
  },
  "measurement_scope": "Actual native readers, actual current cached C08 constructor, detached filesystem NoDb load with process-local Redis disabled; C09 actual query with catalog activation prohibited and disposable cache",
  "filesystem_note": "No OS page-cache drop; cold means digest helper cache cold, not physical-storage cold",
  "source_modules_sha256": {
    "/workdir/wepppy/wepppy/wepp/reports/hillslope_watbal.py": "aad61a4b69985c6f89d84741cbe4a8e1b2b8cbea311982a9848d97dc0bf4f74e",
    "/workdir/wepppy/wepppy/wepp/reports/average_annuals_by_landuse.py": "0643dbc06243be3df12919664b73cec5868c1c4b9a86b311ac1beabaa280e901",
    "/workdir/wepppy/wepppy/all_your_base/file_digest.py": "d090094983c4f7575801969a1339ae3306745f6ff93aa100c037d83dd7fb9ee7"
  },
  "measurements": [
    {
      "name": "hwat_digest_first_observation",
      "repeats": 1,
      "seconds": [
        0.27304252702742815
      ],
      "mean_seconds": 0.27304252702742815,
      "hash_bytes": {
        "/wc1/runs/th/thespian-cleanness/wepp/output/interchange/H.wat.parquet": 81150978
      },
      "hash_checks": {
        "/wc1/runs/th/thespian-cleanness/wepp/output/interchange/H.wat.parquet": 1
      },
      "process_rchar_delta": 81151088,
      "process_physical_read_bytes_delta": 0
    },
    {
      "name": "hwat_digest_during_admission",
      "repeats": 2,
      "seconds": [
        0.2682980331592262,
        0.26516158296726644
      ],
      "mean_seconds": 0.2667298080632463,
      "hash_bytes": {
        "/wc1/runs/th/thespian-cleanness/wepp/output/interchange/H.wat.parquet": 162301956
      },
      "hash_checks": {
        "/wc1/runs/th/thespian-cleanness/wepp/output/interchange/H.wat.parquet": 2
      },
      "process_rchar_delta": 162302067,
      "process_physical_read_bytes_delta": 0
    },
    {
      "name": "hwat_digest_admitting",
      "repeats": 1,
      "seconds": [
        0.284764451906085
      ],
      "mean_seconds": 0.284764451906085,
      "hash_bytes": {
        "/wc1/runs/th/thespian-cleanness/wepp/output/interchange/H.wat.parquet": 81150978
      },
      "hash_checks": {
        "/wc1/runs/th/thespian-cleanness/wepp/output/interchange/H.wat.parquet": 1
      },
      "process_rchar_delta": 81151091,
      "process_physical_read_bytes_delta": 0
    },
    {
      "name": "hwat_digest_settled",
      "repeats": 100,
      "seconds": [
        0.00039709615521132946,
        0.0003037031274288893,
        0.00019066897220909595,
        0.00023128511384129524,
        0.00019719405099749565,
        0.00019362312741577625,
        0.00019553489983081818,
        0.00019717193208634853,
        0.00020428095012903214,
        0.0001905269455164671,
        0.0001924701500684023,
        0.00019161216914653778,
        0.00019005290232598782,
        0.00020104204304516315,
        0.00019228598102927208,
        0.00019196909852325916,
        0.00019132904708385468,
        0.0001916640903800726,
        0.0002043240237981081,
        0.00019205710850656033,
        0.00019098608754575253,
        0.00019152695313096046,
        0.0001931837759912014,
        0.00020033190958201885,
        0.00019281520508229733,
        0.00018919003196060658,
        0.00019108597189188004,
        0.00019034999422729015,
        0.00018984312191605568,
        0.00020541693083941936,
        0.00018959911540150642,
        0.0001916368491947651,
        0.00019050901755690575,
        0.00019018817692995071,
        0.00020204787142574787,
        0.0001883010845631361,
        0.00018855184316635132,
        0.00018967408686876297,
        0.00019084382802248,
        0.00020159408450126648,
        0.00019035488367080688,
        0.00018853717483580112,
        0.00022516283206641674,
        0.00024309777654707432,
        0.00025910791009664536,
        0.00024346192367374897,
        0.00024201790802180767,
        0.00024564703926444054,
        0.0003060509916394949,
        0.00024699000641703606,
        0.00024396111257374287,
        0.00024719792418181896,
        0.0002997289411723614,
        0.0002486058510839939,
        0.00024513318203389645,
        0.00026010116562247276,
        0.00024345004931092262,
        0.00024280603975057602,
        0.00024381396360695362,
        0.00027128797955811024,
        0.0002738621551543474,
        0.00023479899391531944,
        0.00023478385992348194,
        0.0002474309876561165,
        0.0002336448524147272,
        0.00023372797295451164,
        0.00023262202739715576,
        0.00023536104708909988,
        0.00024757091887295246,
        0.00023589283227920532,
        0.00023324298672378063,
        0.00023252214305102825,
        0.0002484540455043316,
        0.0002335358876734972,
        0.00023346091620624065,
        0.00023285811766982079,
        0.00024250708520412445,
        0.00023446790874004364,
        0.0002334390301257372,
        0.00023244693875312805,
        0.000248453114181757,
        0.00023421598598361015,
        0.0002334299497306347,
        0.00023309700191020966,
        0.00024240394122898579,
        0.0002496391534805298,
        0.00022390717640519142,
        0.0002240920439362526,
        0.00022399495355784893,
        0.00024192803539335728,
        0.0002260569017380476,
        0.00022466410882771015,
        0.0002226277720183134,
        0.00023298501037061214,
        0.00022691302001476288,
        0.00022486806847155094,
        0.00022453698329627514,
        0.00023261597380042076,
        0.00022444315254688263,
        0.00022645504213869572
      ],
      "mean_seconds": 0.00022422040579840542,
      "hash_bytes": {},
      "hash_checks": {
        "/wc1/runs/th/thespian-cleanness/wepp/output/interchange/H.wat.parquet": 100
      },
      "process_rchar_delta": 113,
      "process_physical_read_bytes_delta": 0
    },
    {
      "name": "native_hwat_wepp_id_scan",
      "repeats": 3,
      "seconds": [
        0.1416793088428676,
        0.13777289004065096,
        0.1379661550745368
      ],
      "mean_seconds": 0.1391394513193518,
      "hash_bytes": {},
      "hash_checks": {},
      "process_rchar_delta": 12770555,
      "process_physical_read_bytes_delta": 0,
      "length": 217
    },
    {
      "name": "watershed_detached_disk_load",
      "repeats": 10,
      "seconds": [
        0.00755235506221652,
        0.0033555629197508097,
        0.0034586358815431595,
        0.0033404389396309853,
        0.003369258949533105,
        0.003569534979760647,
        0.0032372809946537018,
        0.0032736610155552626,
        0.003379625966772437,
        0.0033826129510998726
      ],
      "mean_seconds": 0.00379189676605165,
      "hash_bytes": {},
      "hash_checks": {},
      "process_rchar_delta": 90103,
      "process_physical_read_bytes_delta": 0
    },
    {
      "name": "actual_translator_factory",
      "repeats": 10,
      "seconds": [
        0.00031383801251649857,
        0.0002475641667842865,
        0.0001778679434210062,
        0.00017656013369560242,
        0.00019381288439035416,
        0.00019445084035396576,
        0.0001790379174053669,
        0.00018927711062133312,
        0.00017284508794546127,
        0.0001901090145111084
      ],
      "mean_seconds": 0.00020353631116449834,
      "hash_bytes": {},
      "hash_checks": {},
      "process_rchar_delta": 113,
      "process_physical_read_bytes_delta": 0
    },
    {
      "name": "effective_mapping_for_retained_source_ids",
      "repeats": 100,
      "seconds": [
        0.00021462514996528625,
        0.00022471207194030285,
        0.00017363601364195347,
        0.00017322087660431862,
        0.00020146090537309647,
        0.00019115093164145947,
        0.00019164104014635086,
        0.00019153999164700508,
        0.00017365021631121635,
        0.0005492460913956165,
        0.0001743899192661047,
        0.00017355498857796192,
        0.0001735182013362646,
        0.00020146509632468224,
        0.0001912880688905716,
        0.00017306813970208168,
        0.00017327792011201382,
        0.0001731391530483961,
        0.00018104305490851402,
        0.00017378199845552444,
        0.00017324509099125862,
        0.000173213891685009,
        0.00017362297512590885,
        0.00017335196025669575,
        0.00019759591668844223,
        0.0001786982174962759,
        0.00019059190526604652,
        0.0001732432283461094,
        0.0001731079537421465,
        0.00018307589925825596,
        0.00017353380098938942,
        0.00018938514403998852,
        0.00017861602827906609,
        0.00017791683785617352,
        0.00018832692876458168,
        0.00018132012337446213,
        0.00017361203208565712,
        0.00017382903024554253,
        0.00017307884991168976,
        0.00017328583635389805,
        0.00018025818280875683,
        0.00019151484593749046,
        0.0001788001973181963,
        0.0001870458945631981,
        0.00017268303781747818,
        0.00017309421673417091,
        0.00021127192303538322,
        0.0001967248972505331,
        0.0001835450530052185,
        0.00018863915465772152,
        0.00017368001863360405,
        0.00018014502711594105,
        0.0001736681442707777,
        0.00017362600192427635,
        0.0001736041158437729,
        0.0001732830423861742,
        0.00017412705346941948,
        0.0001792039256542921,
        0.00017364602535963058,
        0.00017326697707176208,
        0.00019243499264121056,
        0.0001788567751646042,
        0.0001949549186974764,
        0.00017347396351397038,
        0.0001735470723360777,
        0.00017323391512036324,
        0.00017294310964643955,
        0.00017305812798440456,
        0.00017984281294047832,
        0.00017286697402596474,
        0.00017357990145683289,
        0.00017323903739452362,
        0.0001736469566822052,
        0.00017304299399256706,
        0.0001823650673031807,
        0.0001732769887894392,
        0.00017340481281280518,
        0.00017339317128062248,
        0.0001733521930873394,
        0.00017331703566014767,
        0.00018088286742568016,
        0.00017378618940711021,
        0.00017388793639838696,
        0.00017372495494782925,
        0.00017331494018435478,
        0.00017961603589355946,
        0.0001731871161609888,
        0.000173219945281744,
        0.00018767802976071835,
        0.00017811497673392296,
        0.00019057816825807095,
        0.00017990311607718468,
        0.00017341808415949345,
        0.00017358106561005116,
        0.0001894058659672737,
        0.00017832801677286625,
        0.00018502515740692616,
        0.00018808594904839993,
        0.0001906061079353094,
        0.00017826911062002182
      ],
      "mean_seconds": 0.0001838033366948366,
      "hash_bytes": {},
      "hash_checks": {},
      "process_rchar_delta": 113,
      "process_physical_read_bytes_delta": 0,
      "length": 217
    },
    {
      "name": "mapping_canonical_json",
      "repeats": 100,
      "seconds": [
        9.973510168492794e-05,
        8.447212167084217e-05,
        8.035381324589252e-05,
        9.27499495446682e-05,
        9.871483780443668e-05,
        6.743194535374641e-05,
        6.678909994661808e-05,
        6.737117655575275e-05,
        6.697489880025387e-05,
        6.684311665594578e-05,
        7.692212238907814e-05,
        8.640089072287083e-05,
        6.937491707503796e-05,
        6.905291229486465e-05,
        6.879610009491444e-05,
        8.279690518975258e-05,
        6.714090704917908e-05,
        6.668013520538807e-05,
        6.656302139163017e-05,
        8.334009908139706e-05,
        6.958399899303913e-05,
        6.881402805447578e-05,
        6.869621574878693e-05,
        8.263601921498775e-05,
        7.44799617677927e-05,
        6.843311712145805e-05,
        6.733997724950314e-05,
        6.672786548733711e-05,
        6.701587699353695e-05,
        6.692996248602867e-05,
        6.66729174554348e-05,
        6.673694588243961e-05,
        6.692507304251194e-05,
        6.65138941258192e-05,
        6.663682870566845e-05,
        6.670993752777576e-05,
        6.643799133598804e-05,
        6.666500121355057e-05,
        6.69560395181179e-05,
        7.56559893488884e-05,
        6.780005060136318e-05,
        8.303392678499222e-05,
        6.93651381880045e-05,
        6.881402805447578e-05,
        6.874813698232174e-05,
        8.227908983826637e-05,
        6.739306263625622e-05,
        6.666104309260845e-05,
        6.688712164759636e-05,
        6.698514334857464e-05,
        6.691203452646732e-05,
        6.651110015809536e-05,
        6.70610461384058e-05,
        7.553608156740665e-05,
        6.792787462472916e-05,
        6.676092743873596e-05,
        6.680306978523731e-05,
        6.67900312691927e-05,
        6.671086885035038e-05,
        6.646104156970978e-05,
        6.674299947917461e-05,
        6.649899296462536e-05,
        6.65769912302494e-05,
        6.66910782456398e-05,
        6.662402302026749e-05,
        6.666290573775768e-05,
        6.644893437623978e-05,
        6.668991409242153e-05,
        7.53940548747778e-05,
        6.814696826040745e-05,
        6.71599991619587e-05,
        6.692088209092617e-05,
        6.664404645562172e-05,
        6.664800457656384e-05,
        6.660586223006248e-05,
        6.652297452092171e-05,
        6.655906327068806e-05,
        8.267792873084545e-05,
        8.694990538060665e-05,
        8.819997310638428e-05,
        8.867401629686356e-05,
        8.339900523424149e-05,
        9.075994603335857e-05,
        8.646491914987564e-05,
        8.178991265594959e-05,
        6.70398585498333e-05,
        6.662006489932537e-05,
        6.647896952927113e-05,
        6.651598960161209e-05,
        6.653787568211555e-05,
        6.656697951257229e-05,
        6.660004146397114e-05,
        6.632204167544842e-05,
        6.695697084069252e-05,
        6.690109148621559e-05,
        9.16910357773304e-05,
        7.056491449475288e-05,
        6.870715878903866e-05,
        6.865104660391808e-05,
        8.310889825224876e-05
      ],
      "mean_seconds": 7.172228768467903e-05,
      "hash_bytes": {},
      "hash_checks": {},
      "process_rchar_delta": 113,
      "process_physical_read_bytes_delta": 0
    },
    {
      "name": "c08_settled_observation_with_disk_hydration",
      "repeats": 20,
      "seconds": [
        0.004331443225964904,
        0.003968975972384214,
        0.004143135156482458,
        0.003958471119403839,
        0.004130138084292412,
        0.00394243118353188,
        0.004036861006170511,
        0.004291548160836101,
        0.003945071017369628,
        0.004087517037987709,
        0.004173983121290803,
        0.0039768829010427,
        0.0042496249079704285,
        0.004021245054900646,
        0.004165474092587829,
        0.0042575879488140345,
        0.004008411196991801,
        0.0041931490413844585,
        0.0039521330036222935,
        0.004252626793459058
      ],
      "mean_seconds": 0.004104335501324385,
      "hash_bytes": {},
      "hash_checks": {
        "/wc1/runs/th/thespian-cleanness/wepp/output/interchange/H.wat.parquet": 20
      },
      "process_rchar_delta": 180093,
      "process_physical_read_bytes_delta": 0
    },
    {
      "name": "isolated_parquet_fallback_translator",
      "repeats": 10,
      "seconds": [
        0.02320053894072771,
        0.015547844115644693,
        0.01312991208396852,
        0.015852546086534858,
        0.013037577969953418,
        0.01525522000156343,
        0.012887002900242805,
        0.013219724874943495,
        0.013586397049948573,
        0.013064026134088635
      ],
      "mean_seconds": 0.014878079015761613,
      "hash_bytes": {},
      "hash_checks": {},
      "process_rchar_delta": 178544,
      "process_physical_read_bytes_delta": 0
    },
    {
      "name": "existing_c08_cached_report_first",
      "repeats": 1,
      "seconds": [
        0.1422052150592208
      ],
      "mean_seconds": 0.1422052150592208,
      "hash_bytes": {},
      "hash_checks": {},
      "process_rchar_delta": 413219,
      "process_physical_read_bytes_delta": 0
    },
    {
      "name": "existing_c08_cached_report_repeat",
      "repeats": 20,
      "seconds": [
        0.011320753954350948,
        0.010758755961433053,
        0.010964506072923541,
        0.010388161987066269,
        0.010251424042508006,
        0.01037104893475771,
        0.010582878952845931,
        0.009860384976491332,
        0.010640684049576521,
        0.009805353125557303,
        0.009995575062930584,
        0.009502606932073832,
        0.009985189884901047,
        0.009654836030676961,
        0.010516406036913395,
        0.009842536877840757,
        0.010572003899142146,
        0.011038450058549643,
        0.010407791938632727,
        0.009877978125587106
      ],
      "mean_seconds": 0.01031686634523794,
      "hash_bytes": {},
      "hash_checks": {},
      "process_rchar_delta": 7151875,
      "process_physical_read_bytes_delta": 0
    },
    {
      "name": "existing_c08_cached_parquet_only",
      "repeats": 20,
      "seconds": [
        0.0028769811615347862,
        0.0032718570437282324,
        0.003195948898792267,
        0.002804046031087637,
        0.002986531937494874,
        0.0031001779716461897,
        0.002854034071788192,
        0.0028723529540002346,
        0.002859008964151144,
        0.0026995709631592035,
        0.0031337281689047813,
        0.0029126100707799196,
        0.0027239578776061535,
        0.0028111061546951532,
        0.0028676330111920834,
        0.0028301719576120377,
        0.002724759979173541,
        0.0026829619891941547,
        0.002864160807803273,
        0.002694529015570879
      ],
      "mean_seconds": 0.002888306451495737,
      "hash_bytes": {},
      "hash_checks": {},
      "process_rchar_delta": 7151875,
      "process_physical_read_bytes_delta": 0,
      "shape": [
        10199,
        8
      ]
    },
    {
      "name": "native_summary_to_disposable_cache",
      "repeats": 1,
      "seconds": [
        0.9367214580997825
      ],
      "mean_seconds": 0.9367214580997825,
      "hash_bytes": {},
      "hash_checks": {},
      "process_rchar_delta": 46843041,
      "process_physical_read_bytes_delta": 0,
      "shape": [
        10199,
        8
      ]
    },
    {
      "name": "c09_resolve_catalog_and_three_inputs",
      "repeats": 20,
      "seconds": [
        0.004205170087516308,
        0.003916239831596613,
        0.0038177601527422667,
        0.00379311409778893,
        0.0038606340531259775,
        0.0038069509901106358,
        0.00380725902505219,
        0.0038767019286751747,
        0.004034593002870679,
        0.003444545902311802,
        0.0036981371231377125,
        0.0035914559848606586,
        0.0032990900799632072,
        0.003140229033306241,
        0.0032680148724466562,
        0.003253333969041705,
        0.0031262990087270737,
        0.003056130139157176,
        0.0030357420910149813,
        0.0029174790252000093
      ],
      "mean_seconds": 0.0035474440199323,
      "hash_bytes": {},
      "hash_checks": {},
      "process_rchar_delta": 2733976,
      "process_physical_read_bytes_delta": 0,
      "length": 3
    },
    {
      "name": "c09_resolve_catalog_inputs_and_aliases",
      "repeats": 20,
      "seconds": [
        0.002840766916051507,
        0.00278071197681129,
        0.002770134015008807,
        0.0026899969670921564,
        0.0027178069576621056,
        0.0026539620012044907,
        0.0025948770344257355,
        0.0025816941633820534,
        0.0024289500433951616,
        0.0024360669776797295,
        0.002603698056191206,
        0.0025126920081675053,
        0.0023834160529077053,
        0.002362803090363741,
        0.0023592680227011442,
        0.0025077711325138807,
        0.0023173310328274965,
        0.0023661789018660784,
        0.002338551916182041,
        0.002598356921225786
      ],
      "mean_seconds": 0.002542251709382981,
      "hash_bytes": {},
      "hash_checks": {},
      "process_rchar_delta": 2733976,
      "process_physical_read_bytes_delta": 0,
      "length": 3
    },
    {
      "name": "c09_three_dependency_hashes_first",
      "repeats": 1,
      "seconds": [
        0.003910903120413423
      ],
      "mean_seconds": 0.003910903120413423,
      "hash_bytes": {
        "/wc1/runs/th/thespian-cleanness/wepp/output/interchange/loss_pw0.hill.parquet": 13059,
        "/wc1/runs/th/thespian-cleanness/watershed/hillslopes.parquet": 32414,
        "/wc1/runs/th/thespian-cleanness/landuse/landuse.parquet": 13977
      },
      "hash_checks": {
        "/wc1/runs/th/thespian-cleanness/wepp/output/interchange/loss_pw0.hill.parquet": 1,
        "/wc1/runs/th/thespian-cleanness/watershed/hillslopes.parquet": 1,
        "/wc1/runs/th/thespian-cleanness/landuse/landuse.parquet": 1
      },
      "process_rchar_delta": 59567,
      "process_physical_read_bytes_delta": 0,
      "length": 3
    },
    {
      "name": "c09_three_dependency_hashes_admitting",
      "repeats": 1,
      "seconds": [
        0.0038488591089844704
      ],
      "mean_seconds": 0.0038488591089844704,
      "hash_bytes": {
        "/wc1/runs/th/thespian-cleanness/wepp/output/interchange/loss_pw0.hill.parquet": 13059,
        "/wc1/runs/th/thespian-cleanness/watershed/hillslopes.parquet": 32414,
        "/wc1/runs/th/thespian-cleanness/landuse/landuse.parquet": 13977
      },
      "hash_checks": {
        "/wc1/runs/th/thespian-cleanness/wepp/output/interchange/loss_pw0.hill.parquet": 1,
        "/wc1/runs/th/thespian-cleanness/watershed/hillslopes.parquet": 1,
        "/wc1/runs/th/thespian-cleanness/landuse/landuse.parquet": 1
      },
      "process_rchar_delta": 59567,
      "process_physical_read_bytes_delta": 0,
      "length": 3
    },
    {
      "name": "c09_three_dependency_hashes_settled",
      "repeats": 100,
      "seconds": [
        0.0018200869672000408,
        0.0016634671483188868,
        0.0017102500423789024,
        0.001549500972032547,
        0.0015342340338975191,
        0.0016059670597314835,
        0.0015385199803858995,
        0.0014861200470477343,
        0.001544157974421978,
        0.001605066005140543,
        0.001498259836807847,
        0.001513392897322774,
        0.0015346009749919176,
        0.0015118098817765713,
        0.0015606218948960304,
        0.0016426700167357922,
        0.0015035560354590416,
        0.001506169093772769,
        0.0015132189728319645,
        0.001506312983110547,
        0.001518873032182455,
        0.0014661320019513369,
        0.0015396468807011843,
        0.0014564180746674538,
        0.001490818103775382,
        0.001535526942461729,
        0.0015239890199154615,
        0.0015751270111650229,
        0.0016074408777058125,
        0.0014883559197187424,
        0.0015056240372359753,
        0.0015378862153738737,
        0.0014590481296181679,
        0.0015521510504186153,
        0.001613084925338626,
        0.0016249839682132006,
        0.001461600884795189,
        0.00147433509118855,
        0.00153800705447793,
        0.0019598589278757572,
        0.0016237201634794474,
        0.0016051051206886768,
        0.0015887729823589325,
        0.0015578239690512419,
        0.0015705381520092487,
        0.001542464131489396,
        0.0015464900061488152,
        0.0014397830236703157,
        0.0014586481265723705,
        0.0014622379094362259,
        0.001459605060517788,
        0.0014524990692734718,
        0.0014106668531894684,
        0.001476737903431058,
        0.0014510878827422857,
        0.0014355580788105726,
        0.0014338979963213205,
        0.0013948429841548204,
        0.001308484934270382,
        0.0014364880044013262,
        0.0013731520157307386,
        0.0014996891841292381,
        0.001347903860732913,
        0.0013074909802526236,
        0.001347704092040658,
        0.0013509830459952354,
        0.001274431124329567,
        0.0012583571951836348,
        0.001279069110751152,
        0.001269832020625472,
        0.0011894309427589178,
        0.001239116070792079,
        0.0012496761046350002,
        0.001225471030920744,
        0.0011336139868944883,
        0.001211120979860425,
        0.0012510321103036404,
        0.0012486199848353863,
        0.001189257949590683,
        0.0010557582136243582,
        0.0011325001250952482,
        0.0011833820026367903,
        0.0011788951233029366,
        0.0011313660070300102,
        0.0011382519733160734,
        0.0012185550294816494,
        0.0012127130758017302,
        0.001188748050481081,
        0.001140868989750743,
        0.001006623962894082,
        0.0009773680940270424,
        0.001028141938149929,
        0.001084987074136734,
        0.0009882408194243908,
        0.0010178019292652607,
        0.0009853229857981205,
        0.0010218839161098003,
        0.0010613689664751291,
        0.0010524881072342396,
        0.0010722179431468248
      ],
      "mean_seconds": 0.0013905577943660319,
      "hash_bytes": {},
      "hash_checks": {
        "/wc1/runs/th/thespian-cleanness/wepp/output/interchange/loss_pw0.hill.parquet": 100,
        "/wc1/runs/th/thespian-cleanness/watershed/hillslopes.parquet": 100,
        "/wc1/runs/th/thespian-cleanness/landuse/landuse.parquet": 100
      },
      "process_rchar_delta": 117,
      "process_physical_read_bytes_delta": 0,
      "length": 3
    },
    {
      "name": "c09_settled_provenance_observation",
      "repeats": 20,
      "seconds": [
        0.005742681911215186,
        0.005023373058065772,
        0.005253515904769301,
        0.004902672953903675,
        0.004605010850355029,
        0.004514744970947504,
        0.004378744168207049,
        0.004309036070480943,
        0.004108174936845899,
        0.0039662630297243595,
        0.003867998020723462,
        0.0038072511088103056,
        0.0036542718298733234,
        0.0035428700502961874,
        0.003475975012406707,
        0.0034430648665875196,
        0.003293554065749049,
        0.003213759046047926,
        0.0030896759126335382,
        0.0033831100445240736
      ],
      "mean_seconds": 0.00407878739060834,
      "hash_bytes": {},
      "hash_checks": {
        "/wc1/runs/th/thespian-cleanness/wepp/output/interchange/loss_pw0.hill.parquet": 20,
        "/wc1/runs/th/thespian-cleanness/watershed/hillslopes.parquet": 20,
        "/wc1/runs/th/thespian-cleanness/landuse/landuse.parquet": 20
      },
      "process_rchar_delta": 2733977,
      "process_physical_read_bytes_delta": 0
    },
    {
      "name": "c09_actual_duckdb_report_query",
      "repeats": 5,
      "seconds": [
        0.038082933984696865,
        0.030769928824156523,
        0.03298264415934682,
        0.03115304419770837,
        0.03209852916188538
      ],
      "mean_seconds": 0.03301741606555879,
      "hash_bytes": {},
      "hash_checks": {},
      "process_rchar_delta": 849687,
      "process_physical_read_bytes_delta": 0,
      "shape": [
        9,
        9
      ]
    },
    {
      "name": "c09_disposable_cached_report",
      "repeats": 20,
      "seconds": [
        0.0033912351354956627,
        0.0030438778921961784,
        0.002794457832351327,
        0.002732877852395177,
        0.0025864639319479465,
        0.0026971958577632904,
        0.0025961510837078094,
        0.002632010029628873,
        0.0027729112189263105,
        0.0026466608978807926,
        0.002689407905563712,
        0.0024995298590511084,
        0.0030989088118076324,
        0.002714178990572691,
        0.002663224935531616,
        0.0026521990075707436,
        0.002581257838755846,
        0.002540089888498187,
        0.0026316370349377394,
        0.0027231730055063963
      ],
      "mean_seconds": 0.002734372450504452,
      "hash_bytes": {},
      "hash_checks": {},
      "process_rchar_delta": 231437,
      "process_physical_read_bytes_delta": 0
    },
    {
      "name": "translator_small_dependency_hashes_first",
      "repeats": 1,
      "seconds": [
        0.0013581209350377321
      ],
      "mean_seconds": 0.0013581209350377321,
      "hash_bytes": {
        "/wc1/runs/th/thespian-cleanness/watershed.nodb": 8994,
        "/wc1/runs/th/thespian-cleanness/watershed/channels.parquet": 17710
      },
      "hash_checks": {
        "/wc1/runs/th/thespian-cleanness/watershed/hillslopes.parquet": 1,
        "/wc1/runs/th/thespian-cleanness/watershed.nodb": 1,
        "/wc1/runs/th/thespian-cleanness/watershed/channels.parquet": 1
      },
      "process_rchar_delta": 26821,
      "process_physical_read_bytes_delta": 0,
      "length": 3
    },
    {
      "name": "translator_small_dependency_hashes_admitting",
      "repeats": 1,
      "seconds": [
        0.001834003021940589
      ],
      "mean_seconds": 0.001834003021940589,
      "hash_bytes": {
        "/wc1/runs/th/thespian-cleanness/watershed.nodb": 8994,
        "/wc1/runs/th/thespian-cleanness/watershed/channels.parquet": 17710
      },
      "hash_checks": {
        "/wc1/runs/th/thespian-cleanness/watershed/hillslopes.parquet": 1,
        "/wc1/runs/th/thespian-cleanness/watershed.nodb": 1,
        "/wc1/runs/th/thespian-cleanness/watershed/channels.parquet": 1
      },
      "process_rchar_delta": 26821,
      "process_physical_read_bytes_delta": 0,
      "length": 3
    },
    {
      "name": "translator_small_dependency_hashes_settled",
      "repeats": 100,
      "seconds": [
        0.0016751030925661325,
        0.0016544919926673174,
        0.001578677911311388,
        0.0015406159218400717,
        0.0016346541233360767,
        0.0016280410345643759,
        0.001570696011185646,
        0.0015792630147188902,
        0.0015396340750157833,
        0.001609703991562128,
        0.0016130651347339153,
        0.0016189629677683115,
        0.001598837086930871,
        0.0015431218780577183,
        0.001582721946761012,
        0.0015403390862047672,
        0.0014967399183660746,
        0.0016032718122005463,
        0.0015855689998716116,
        0.00158107397146523,
        0.0015615669544786215,
        0.0015603399369865656,
        0.00153217907063663,
        0.0015185661613941193,
        0.0015186062082648277,
        0.0016087149269878864,
        0.0015855450183153152,
        0.001533295027911663,
        0.0015899059362709522,
        0.001548080937936902,
        0.0015134229324758053,
        0.001571411034092307,
        0.0016056138556450605,
        0.001510669942945242,
        0.001482966123148799,
        0.0014987778849899769,
        0.001562135061249137,
        0.0016289569903165102,
        0.0015535368584096432,
        0.0015788387972861528,
        0.0015425300225615501,
        0.001593403983861208,
        0.00156692904420197,
        0.0015898889396339655,
        0.0015895781107246876,
        0.0015097011346369982,
        0.0015756241045892239,
        0.0015658969059586525,
        0.0015618940815329552,
        0.0015132229309529066,
        0.001480592880398035,
        0.0014528108295053244,
        0.0014433229807764292,
        0.00148389907553792,
        0.00145365996286273,
        0.001424259040504694,
        0.0014721069019287825,
        0.0014576290268450975,
        0.0014771909918636084,
        0.0014707720838487148,
        0.001349780010059476,
        0.0013253490906208754,
        0.0013505329843610525,
        0.0013496398460119963,
        0.0013102979864925146,
        0.0013369591906666756,
        0.0013453420251607895,
        0.0012996417935937643,
        0.0012975570280104876,
        0.0013262638822197914,
        0.001345382072031498,
        0.0012570428662002087,
        0.0012725968845188618,
        0.0012081398162990808,
        0.0012451820075511932,
        0.00126034882850945,
        0.0012676441110670567,
        0.0012282130774110556,
        0.00123500800691545,
        0.0012604889925569296,
        0.0012587059754878283,
        0.001258766045793891,
        0.0013717531692236662,
        0.0012813149951398373,
        0.0011521379929035902,
        0.0011867431458085775,
        0.0011747281532734632,
        0.0011847179848700762,
        0.0011552541982382536,
        0.001040406059473753,
        0.0010852038394659758,
        0.0011358428746461868,
        0.0011197179555892944,
        0.001066617900505662,
        0.0011811109725385904,
        0.0010455369483679533,
        0.0012869068887084723,
        0.0011127251200377941,
        0.0010992309544235468,
        0.001071432838216424
      ],
      "mean_seconds": 0.0014220289117656648,
      "hash_bytes": {},
      "hash_checks": {
        "/wc1/runs/th/thespian-cleanness/watershed/hillslopes.parquet": 100,
        "/wc1/runs/th/thespian-cleanness/watershed.nodb": 100,
        "/wc1/runs/th/thespian-cleanness/watershed/channels.parquet": 100
      },
      "process_rchar_delta": 117,
      "process_physical_read_bytes_delta": 0,
      "length": 3
    }
  ],
  "source_wepp_id_count": 217,
  "translator_branch": "persisted_summary_keys",
  "translator_hillslopes": 217,
  "translator_channels": 87,
  "parquet_fallback_mapping_equals_actual": true,
  "native_summary_equals_existing_rows": true,
  "c09_effective_aliases": {
    "wepp/output/interchange/loss_pw0.hill.parquet": {
      "path": "/wc1/runs/th/thespian-cleanness/wepp/output/interchange/loss_pw0.hill.parquet",
      "alias_expression": "(SELECT *, CAST(wepp_id AS BIGINT) AS WeppID FROM selected_reader)"
    },
    "watershed/hillslopes.parquet": {
      "path": "/wc1/runs/th/thespian-cleanness/watershed/hillslopes.parquet",
      "alias_expression": "(SELECT *, CAST(topaz_id AS BIGINT) AS TopazID, CAST(wepp_id AS BIGINT) AS WeppID FROM selected_reader)"
    },
    "landuse/landuse.parquet": {
      "path": "/wc1/runs/th/thespian-cleanness/landuse/landuse.parquet",
      "alias_expression": "(SELECT *, CAST(topaz_id AS BIGINT) AS TopazID, CAST(wepp_id AS BIGINT) AS WeppID FROM selected_reader)"
    }
  },
  "named_generations_unchanged": {
    "/wc1/runs/th/thespian-cleanness/nodb.version": true,
    "/wc1/runs/th/thespian-cleanness/landuse/landuse.parquet": true,
    "/wc1/runs/th/thespian-cleanness/wepp/reports/cache/hillslope_watbal_summary.parquet": true,
    "/wc1/runs/th/thespian-cleanness/watershed/channels.parquet": true,
    "/wc1/runs/th/thespian-cleanness/watershed.nodb": true,
    "/wc1/runs/th/thespian-cleanness/wepp/reports/cache/hillslope_watbal_summary.meta.json": true,
    "/wc1/runs/th/thespian-cleanness/watershed/hillslopes.parquet": true,
    "/wc1/runs/th/thespian-cleanness/wepp/output/interchange/H.wat.parquet": true,
    "/wc1/runs/th/thespian-cleanness/_query_engine/catalog.json": true,
    "/wc1/runs/th/thespian-cleanness/wepp/output/interchange/loss_pw0.hill.parquet": true
  },
  "retained_output_sizes": {
    "landuse/wepp/reports/cache/average_annuals_by_landuse.parquet": 7450,
    "landuse/wepp/reports/cache/average_annuals_by_landuse.meta.json": 20,
    "hwat/wepp/reports/cache/hillslope_watbal_summary.meta.json": 20,
    "hwat/wepp/reports/cache/hillslope_watbal_summary.parquet": 292036
  }
}
