INFO:wctl2:docker compose exec weppcloud bash -lc cd /workdir/wepppy && PYTHONPATH=/workdir/wepppy MYPY_CACHE_DIR=/tmp/mypy_cache /opt/venv/bin/pytest tests/wepp/reports --maxfail=1
============================= test session starts ==============================
platform linux -- Python 3.12.14, pytest-9.0.3, pluggy-1.6.0
rootdir: /workdir/wepppy
configfile: pyproject.toml
plugins: reportlog-0.4.0, timeout-2.4.0, cov-7.0.0, libtmux-0.47.0, dash-4.2.0, anyio-4.14.2
collected 87 items

tests/wepp/reports/test_average_annuals_by_landuse.py .                  [  1%]
tests/wepp/reports/test_channel_watbal.py ...                            [  4%]
tests/wepp/reports/test_frq_flood.py .                                   [  5%]
tests/wepp/reports/test_harness_stub.py .                                [  6%]
tests/wepp/reports/test_hillslope_watbal.py ...........                  [ 19%]
tests/wepp/reports/test_loss_reports.py .......                          [ 27%]
tests/wepp/reports/test_output_scope.py ....                             [ 32%]
tests/wepp/reports/test_report_cache_freshness.py ...................... [ 57%]
....................                                                     [ 80%]
tests/wepp/reports/test_return_periods_dataset.py ......                 [ 87%]
tests/wepp/reports/test_return_periods_phase7.py ..                      [ 89%]
tests/wepp/reports/test_sediment_characteristics.py .                    [ 90%]
tests/wepp/reports/test_total_watbal.py ........                         [100%]

=============================== warnings summary ===============================
../../opt/venv/lib/python3.12/site-packages/pytz/tzinfo.py:27
  /opt/venv/lib/python3.12/site-packages/pytz/tzinfo.py:27: DeprecationWarning: datetime.datetime.utcfromtimestamp() is deprecated and scheduled for removal in a future version. Use timezone-aware objects to represent datetimes in UTC: datetime.datetime.fromtimestamp(timestamp, datetime.UTC).
    _epoch = datetime.utcfromtimestamp(0)

../../opt/venv/lib/python3.12/site-packages/pyparsing.py:108
  /opt/venv/lib/python3.12/site-packages/pyparsing.py:108: DeprecationWarning: module 'sre_constants' is deprecated
    import sre_constants

tests/wepp/reports/test_report_cache_freshness.py::test_canonical_archive_restore_keeps_report_provenance_and_failed_work
  /workdir/wepppy/wepppy/rq/project_rq_archive.py:282: DeprecationWarning: datetime.datetime.utcnow() is deprecated and scheduled for removal in a future version. Use timezone-aware objects to represent datetimes in UTC: datetime.datetime.now(datetime.UTC).
    timestamp = datetime.utcnow().strftime("%Y%m%dT%H%M%SZ")

-- Docs: https://docs.pytest.org/en/stable/how-to/capture-warnings.html
======================= 87 passed, 3 warnings in 17.89s ========================
