INFO:wctl2:docker compose exec weppcloud python docs/work-packages/20260916_file_dependency_freshness/artifacts/benchmark_sbs_receipts_profile.py
grizzly actual_controller_first_lookup: 38.726 ms, reads [0]
grizzly actual_controller_settled_lookup: 0.218 ms, reads [0, 0, 0, 0, 0, 0, 0, 0, 0, 0]
grizzly actual_definition_only_signature: 0.040 ms, reads [0, 0, 0, 0, 0, 0, 0, 0, 0, 0, 0, 0, 0, 0, 0, 0, 0, 0, 0, 0, 0, 0, 0, 0, 0, 0, 0, 0, 0, 0]
grizzly receipt_signature_cold: 5.521 ms, reads [599196, 599196, 599196, 599196, 599196]
grizzly receipt_signature_settled: 0.649 ms, reads [0, 0, 0, 0, 0, 0, 0, 0, 0, 0, 0, 0, 0, 0, 0, 0, 0, 0, 0, 0, 0, 0, 0, 0, 0, 0, 0, 0, 0, 0]
grizzly receipt_signature_actual512evicted: 2.598 ms, reads [599196, 599196, 599196]
grizzly reuse_pre_post_cold: 5.905 ms, reads [1198392, 1198392, 1198392, 1198392, 1198392]
grizzly reuse_pre_post_settled: 1.213 ms, reads [0, 0, 0, 0, 0, 0, 0, 0, 0, 0, 0, 0, 0, 0, 0, 0, 0, 0, 0, 0, 0, 0, 0, 0, 0, 0, 0, 0, 0, 0]
grizzly actual_mode_copy_consume_only: 7.916 ms, reads [0, 0, 0, 0, 0]
grizzly composed_initial_receipt_copy_consume_two_admissions: 29.275 ms, reads [3595176, 3595176, 3595176, 3595176, 3595176]
grizzly actual_assembler_first_event: 42.810 ms, reads [0]
grizzly actual_assembler_repeated_event: 14.513 ms, reads [0, 0, 0, 0, 0]
grizzly composed_assembler_event_with_verified_receipt: 32.553 ms, reads [1198392, 1198392, 1198392, 1198392, 1198392]
grizzly actual_form_and_requests_multipart: 2.360 ms, reads [599196, 599196, 599196, 599196, 599196]
grizzly composed_verified_event_multipart: 6.309 ms, reads [599196, 599196, 599196, 599196, 599196]
rattlesnake actual_controller_first_lookup: 19.117 ms, reads [0]
rattlesnake actual_controller_settled_lookup: 0.091 ms, reads [0, 0, 0, 0, 0, 0, 0, 0, 0, 0]
rattlesnake actual_definition_only_signature: 0.016 ms, reads [0, 0, 0, 0, 0, 0, 0, 0, 0, 0, 0, 0, 0, 0, 0, 0, 0, 0, 0, 0, 0, 0, 0, 0, 0, 0, 0, 0, 0, 0]
rattlesnake receipt_signature_cold: 3.425 ms, reads [747242, 747242, 747242, 747242, 747242]
rattlesnake receipt_signature_settled: 0.626 ms, reads [0, 0, 0, 0, 0, 0, 0, 0, 0, 0, 0, 0, 0, 0, 0, 0, 0, 0, 0, 0, 0, 0, 0, 0, 0, 0, 0, 0, 0, 0]
rattlesnake receipt_signature_actual512evicted: 3.282 ms, reads [747242, 747242, 747242]
rattlesnake reuse_pre_post_cold: 6.701 ms, reads [1494484, 1494484, 1494484, 1494484, 1494484]
rattlesnake reuse_pre_post_settled: 0.854 ms, reads [0, 0, 0, 0, 0, 0, 0, 0, 0, 0, 0, 0, 0, 0, 0, 0, 0, 0, 0, 0, 0, 0, 0, 0, 0, 0, 0, 0, 0, 0]
rattlesnake actual_mode_copy_consume_only: 9.168 ms, reads [0, 0, 0, 0, 0]
rattlesnake composed_initial_receipt_copy_consume_two_admissions: 34.550 ms, reads [4483452, 4483452, 4483452, 4483452, 4483452]
rattlesnake actual_assembler_first_event: 39.265 ms, reads [0]
rattlesnake actual_assembler_repeated_event: 14.148 ms, reads [0, 0, 0, 0, 0]
rattlesnake composed_assembler_event_with_verified_receipt: 32.913 ms, reads [1494484, 1494484, 1494484, 1494484, 1494484]
rattlesnake actual_form_and_requests_multipart: 1.391 ms, reads [747242, 747242, 747242, 747242, 747242]
rattlesnake composed_verified_event_multipart: 5.022 ms, reads [747242, 747242, 747242, 747242, 747242]
stress16m actual_controller_first_lookup: 22.391 ms, reads [0]
stress16m actual_controller_settled_lookup: 0.081 ms, reads [0, 0, 0, 0, 0, 0, 0, 0, 0, 0]
stress16m actual_definition_only_signature: 0.017 ms, reads [0, 0, 0, 0, 0, 0, 0, 0, 0, 0, 0, 0, 0, 0, 0, 0, 0, 0, 0, 0, 0, 0, 0, 0, 0, 0, 0, 0, 0, 0]
stress16m receipt_signature_cold: 69.107 ms, reads [16779862, 16779862, 16779862, 16779862, 16779862]
stress16m receipt_signature_settled: 0.215 ms, reads [0, 0, 0, 0, 0, 0, 0, 0, 0, 0, 0, 0, 0, 0, 0, 0, 0, 0, 0, 0, 0, 0, 0, 0, 0, 0, 0, 0, 0, 0]
stress16m receipt_signature_actual512evicted: 60.762 ms, reads [16779862, 16779862, 16779862]
stress16m reuse_pre_post_cold: 112.230 ms, reads [33559724, 33559724, 33559724, 33559724, 33559724]
stress16m reuse_pre_post_settled: 0.438 ms, reads [0, 0, 0, 0, 0, 0, 0, 0, 0, 0, 0, 0, 0, 0, 0, 0, 0, 0, 0, 0, 0, 0, 0, 0, 0, 0, 0, 0, 0, 0]
stress16m actual_mode_copy_consume_only: 88.990 ms, reads [0, 0, 0, 0, 0]
stress16m composed_initial_receipt_copy_consume_two_admissions: 459.481 ms, reads [100679172, 100679172, 100679172, 100679172, 100679172]
stress16m actual_assembler_first_event: 154.155 ms, reads [0]
stress16m actual_assembler_repeated_event: 67.938 ms, reads [0, 0, 0, 0, 0]
stress16m composed_assembler_event_with_verified_receipt: 283.020 ms, reads [33559724, 33559724, 33559724, 33559724, 33559724]
stress16m actual_form_and_requests_multipart: 41.625 ms, reads [16779862, 16779862, 16779862, 16779862, 16779862]
stress16m composed_verified_event_multipart: 95.789 ms, reads [16779862, 16779862, 16779862, 16779862, 16779862]
{
  "scope": "S01/S02 pre-implementation costs; actual old operations plus labeled compositions.\n\nOnly ordinary read-copy opens named input files. All controllers/native opens,\nreceipts, seed copies, events, and multipart operations use unique disposable\nfixtures. No HTTP, job submission, promotion of a named run, or runtime edits.\nCompositions are cost discovery, not implementation/coherence acceptance.\n",
  "root": "/wc1/batch/qa-sbs-receipts-89a2b9544fb5",
  "uid": 1000,
  "gid": 993,
  "cache_note": "Copied files prime filesystem pages. Helper-cold/evicted is not cold storage.",
  "module_hashes": {
    "/workdir/wepppy/wepppy/all_your_base/file_digest.py": "d090094983c4f7575801969a1339ae3306745f6ff93aa100c037d83dd7fb9ee7",
    "/workdir/wepppy/wepppy/nodb/mods/omni/omni_mode_build_services.py": "df6f6ff7b7c4a6c209447c3cd2614d336ca632b186d4b7d195f74565ebcd3632",
    "/workdir/wepppy/wepppy/nodb/mods/omni/omni_station_catalog_service.py": "a2a3addc0eab1710dd863e058350804d93b713c220c1e569a24c3b427016b8b0",
    "/workdir/wepppy/wepppy/profile_recorder/assembler.py": "102adcb7d4ab71b2727e2357248351d676f7e035bb2dfbcfe2a833ce29ac9360",
    "/workdir/wepppy/wepppy/profile_recorder/playback.py": "06d2a237747c07924e4b3687d84cd7d832c0aba63cf263b81bb376b7350c2c56"
  },
  "named_inputs": {
    "/wc1/runs/th/thespian-cleanness/disturbed/GrizzlyCreek_SBS_final.tif": {
      "version": [
        64,
        1189251,
        599196,
        1789604873876050046,
        1789604873876050046
      ],
      "sha256": "7d1ed360d8e639050cf3879293efcdbee216bd9a4faac4e03399442416d97405"
    },
    "/wc1/runs/th/thespian-cleanness/disturbed.nodb": {
      "version": [
        64,
        1189052,
        14527,
        1789605333566949287,
        1789605333568949299
      ],
      "sha256": "1553f2e13eb2147afe454ee55753ae200bf39f4ef25cd54f9884d92e1b6b0f26"
    },
    "/wc1/runs/in/incomparable-gracefulness/disturbed/Rattlesnake.tif": {
      "version": [
        64,
        3395143,
        747242,
        1782861926624748654,
        1782861926624748654
      ],
      "sha256": "ae47292c64b0410ee987b38d0925f445ab5ef971c869bbc8bf924123b015b7c6"
    },
    "/wc1/runs/in/incomparable-gracefulness/disturbed.nodb": {
      "version": [
        64,
        3400481,
        7460,
        1782862025185419846,
        1782862025186419853
      ],
      "sha256": "e58886dc52d45355ae155ae6f13b12d63e39c94d0d638793b2d7b5911d25bc16"
    }
  },
  "cases": {
    "grizzly": {
      "name": "grizzly",
      "source": "/wc1/batch/qa-sbs-receipts-89a2b9544fb5/grizzly-original/disturbed/GrizzlyCreek_SBS_final.tif",
      "source_bytes": 599196,
      "source_sha256": "7d1ed360d8e639050cf3879293efcdbee216bd9a4faac4e03399442416d97405",
      "fixture_note": "Unmodified actual uploaded main bytes",
      "measurements": [
        {
          "name": "actual_controller_first_lookup",
          "repeats": 1,
          "seconds": [
            0.03872622991912067
          ],
          "mean_ms": 38.72622991912067,
          "python_tiff_read_bytes": [
            0
          ]
        },
        {
          "name": "actual_controller_settled_lookup",
          "repeats": 10,
          "seconds": [
            0.0003032018430531025,
            0.00022839009761810303,
            0.00020894990302622318,
            0.00022586388513445854,
            0.000202663941308856,
            0.00019883201457560062,
            0.00019836099818348885,
            0.0001949160359799862,
            0.00023238989524543285,
            0.00018150405958294868
          ],
          "mean_ms": 0.21750726737082005,
          "python_tiff_read_bytes": [
            0,
            0,
            0,
            0,
            0,
            0,
            0,
            0,
            0,
            0
          ]
        },
        {
          "name": "actual_definition_only_signature",
          "repeats": 30,
          "seconds": [
            0.0001429729163646698,
            5.730893462896347e-05,
            3.8522994145751e-05,
            3.4607015550136566e-05,
            3.710598684847355e-05,
            3.580981865525246e-05,
            3.428710624575615e-05,
            3.445311449468136e-05,
            3.43171413987875e-05,
            3.4236814826726913e-05,
            3.5626115277409554e-05,
            3.511807881295681e-05,
            3.586313687264919e-05,
            3.414205275475979e-05,
            3.386614844202995e-05,
            3.4239841625094414e-05,
            3.363797441124916e-05,
            3.4597935155034065e-05,
            3.3842166885733604e-05,
            3.39290127158165e-05,
            3.455416299402714e-05,
            5.6055840104818344e-05,
            3.490503877401352e-05,
            3.459397703409195e-05,
            3.3842166885733604e-05,
            3.398512490093708e-05,
            3.529619425535202e-05,
            3.369804471731186e-05,
            3.360793925821781e-05,
            3.3694785088300705e-05
          ],
          "mean_ms": 0.03975725267082453,
          "python_tiff_read_bytes": [
            0,
            0,
            0,
            0,
            0,
            0,
            0,
            0,
            0,
            0,
            0,
            0,
            0,
            0,
            0,
            0,
            0,
            0,
            0,
            0,
            0,
            0,
            0,
            0,
            0,
            0,
            0,
            0,
            0,
            0
          ]
        },
        {
          "name": "receipt_signature_cold",
          "repeats": 5,
          "seconds": [
            0.007234075106680393,
            0.006725500803440809,
            0.006167787127196789,
            0.0036332609597593546,
            0.0038452900480479
          ],
          "mean_ms": 5.521182809025049,
          "python_tiff_read_bytes": [
            599196,
            599196,
            599196,
            599196,
            599196
          ]
        },
        {
          "name": "receipt_signature_settled",
          "repeats": 30,
          "seconds": [
            0.0007034491281956434,
            0.0008977870456874371,
            0.0006527961231768131,
            0.0006949477829039097,
            0.0006941859610378742,
            0.0006452349480241537,
            0.000629947055131197,
            0.0006671578157693148,
            0.0006344711873680353,
            0.0006697969511151314,
            0.0006682041566818953,
            0.0006257430650293827,
            0.0006174768786877394,
            0.0006560839246958494,
            0.0006207779515534639,
            0.0006274811457842588,
            0.00063108722679317,
            0.0006228561978787184,
            0.0006344248540699482,
            0.0006173260044306517,
            0.0006409499328583479,
            0.0006463800091296434,
            0.0006071161478757858,
            0.0006059689912945032,
            0.0006401059217751026,
            0.0006156258750706911,
            0.00062963692471385,
            0.0006370279006659985,
            0.0006111550610512495,
            0.0006365959998220205
          ],
          "mean_ms": 0.649393272275726,
          "python_tiff_read_bytes": [
            0,
            0,
            0,
            0,
            0,
            0,
            0,
            0,
            0,
            0,
            0,
            0,
            0,
            0,
            0,
            0,
            0,
            0,
            0,
            0,
            0,
            0,
            0,
            0,
            0,
            0,
            0,
            0,
            0,
            0
          ]
        },
        {
          "name": "receipt_signature_actual512evicted",
          "repeats": 3,
          "seconds": [
            0.002560483058914542,
            0.0027251318097114563,
            0.002508478006348014
          ],
          "mean_ms": 2.598030958324671,
          "python_tiff_read_bytes": [
            599196,
            599196,
            599196
          ]
        },
        {
          "name": "reuse_pre_post_cold",
          "repeats": 5,
          "seconds": [
            0.005477068945765495,
            0.0053946019615978,
            0.005483095999807119,
            0.006631114985793829,
            0.006541176000609994
          ],
          "mean_ms": 5.905411578714848,
          "python_tiff_read_bytes": [
            1198392,
            1198392,
            1198392,
            1198392,
            1198392
          ]
        },
        {
          "name": "reuse_pre_post_settled",
          "repeats": 30,
          "seconds": [
            0.0010781700257211924,
            0.0012040459550917149,
            0.0011281189508736134,
            0.0012853320222347975,
            0.0012399600818753242,
            0.0012394050136208534,
            0.0012038717977702618,
            0.0012264200486242771,
            0.0012001898139715195,
            0.0012186439707875252,
            0.0012252300512045622,
            0.0012571339029818773,
            0.0012017940171062946,
            0.0012170369736850262,
            0.0011668021325021982,
            0.0012058829888701439,
            0.001196444034576416,
            0.0012427028268575668,
            0.0011981381103396416,
            0.0011911280453205109,
            0.0012255941983312368,
            0.0012426660396158695,
            0.0012278140056878328,
            0.0012165519874542952,
            0.0012411619536578655,
            0.0012224169913679361,
            0.0012572838459163904,
            0.0011997949331998825,
            0.0012145980726927519,
            0.0012083959300071
          ],
          "mean_ms": 1.2127576240648825,
          "python_tiff_read_bytes": [
            0,
            0,
            0,
            0,
            0,
            0,
            0,
            0,
            0,
            0,
            0,
            0,
            0,
            0,
            0,
            0,
            0,
            0,
            0,
            0,
            0,
            0,
            0,
            0,
            0,
            0,
            0,
            0,
            0,
            0
          ]
        },
        {
          "name": "actual_mode_copy_consume_only",
          "repeats": 5,
          "seconds": [
            0.008334531914442778,
            0.007394424173980951,
            0.007669689133763313,
            0.007122728042304516,
            0.009057231014594436
          ],
          "mean_ms": 7.9157208558172,
          "python_tiff_read_bytes": [
            0,
            0,
            0,
            0,
            0
          ]
        },
        {
          "name": "composed_initial_receipt_copy_consume_two_admissions",
          "repeats": 5,
          "seconds": [
            0.028760386863723397,
            0.02878408692777157,
            0.030214306199923158,
            0.029562728945165873,
            0.029051079880446196
          ],
          "mean_ms": 29.27451776340604,
          "python_tiff_read_bytes": [
            3595176,
            3595176,
            3595176,
            3595176,
            3595176
          ]
        },
        {
          "name": "actual_assembler_first_event",
          "repeats": 1,
          "seconds": [
            0.0428099799901247
          ],
          "mean_ms": 42.8099799901247,
          "python_tiff_read_bytes": [
            0
          ]
        },
        {
          "name": "actual_assembler_repeated_event",
          "repeats": 5,
          "seconds": [
            0.015570363961160183,
            0.013443558011204004,
            0.014380431966856122,
            0.015084148151800036,
            0.014088266994804144
          ],
          "mean_ms": 14.513353817164898,
          "python_tiff_read_bytes": [
            0,
            0,
            0,
            0,
            0
          ]
        },
        {
          "name": "composed_assembler_event_with_verified_receipt",
          "repeats": 5,
          "seconds": [
            0.04184190300293267,
            0.029126466950401664,
            0.03021339885890484,
            0.029351081931963563,
            0.032233523204922676
          ],
          "mean_ms": 32.55327478982508,
          "python_tiff_read_bytes": [
            1198392,
            1198392,
            1198392,
            1198392,
            1198392
          ]
        },
        {
          "name": "actual_form_and_requests_multipart",
          "repeats": 5,
          "seconds": [
            0.00388800585642457,
            0.002026823116466403,
            0.0019708501640707254,
            0.0019568840507417917,
            0.0019580041989684105
          ],
          "mean_ms": 2.36011347733438,
          "python_tiff_read_bytes": [
            599196,
            599196,
            599196,
            599196,
            599196
          ]
        },
        {
          "name": "composed_verified_event_multipart",
          "repeats": 5,
          "seconds": [
            0.008119710953906178,
            0.006484071956947446,
            0.006257714936509728,
            0.00549382995814085,
            0.005190924042835832
          ],
          "mean_ms": 6.309250369668007,
          "python_tiff_read_bytes": [
            599196,
            599196,
            599196,
            599196,
            599196
          ]
        }
      ],
      "shape": [
        714,
        836
      ],
      "omni_copy_scope": "Actual apply_scenario_mode copy/unlink; native validation/build and directory lock callback are explicit seams.",
      "composed_copy_expected_read_factor": 6,
      "actual_multipart_python_peak_bytes": 1309868,
      "actual_multipart_body_bytes": 599404,
      "verified_multipart_python_peak_bytes": 1278329,
      "verified_multipart_body_bytes": 599395,
      "actual_multipart_main_sha256": "7d1ed360d8e639050cf3879293efcdbee216bd9a4faac4e03399442416d97405",
      "verified_multipart_main_sha256": "7d1ed360d8e639050cf3879293efcdbee216bd9a4faac4e03399442416d97405",
      "source_unchanged": true,
      "recorded_event_count": 11
    },
    "rattlesnake": {
      "name": "rattlesnake",
      "source": "/wc1/batch/qa-sbs-receipts-89a2b9544fb5/rattlesnake-original/disturbed/Rattlesnake.tif",
      "source_bytes": 747242,
      "source_sha256": "ae47292c64b0410ee987b38d0925f445ab5ef971c869bbc8bf924123b015b7c6",
      "fixture_note": "Unmodified actual uploaded main bytes",
      "measurements": [
        {
          "name": "actual_controller_first_lookup",
          "repeats": 1,
          "seconds": [
            0.01911727711558342
          ],
          "mean_ms": 19.11727711558342,
          "python_tiff_read_bytes": [
            0
          ]
        },
        {
          "name": "actual_controller_settled_lookup",
          "repeats": 10,
          "seconds": [
            0.00012295390479266644,
            0.00010825600475072861,
            9.139394387602806e-05,
            8.461810648441315e-05,
            8.375407196581364e-05,
            8.520600385963917e-05,
            8.394313044846058e-05,
            8.274498395621777e-05,
            8.303415961563587e-05,
            8.332799188792706e-05
          ],
          "mean_ms": 0.09092323016375303,
          "python_tiff_read_bytes": [
            0,
            0,
            0,
            0,
            0,
            0,
            0,
            0,
            0,
            0
          ]
        },
        {
          "name": "actual_definition_only_signature",
          "repeats": 30,
          "seconds": [
            5.680997855961323e-05,
            1.8466031178832054e-05,
            1.498800702393055e-05,
            1.450604759156704e-05,
            1.4638993889093399e-05,
            1.461617648601532e-05,
            1.4404067769646645e-05,
            1.4445977285504341e-05,
            1.4381948858499527e-05,
            1.4189165085554123e-05,
            1.412397250533104e-05,
            1.4174962416291237e-05,
            1.4346092939376831e-05,
            1.4184974133968353e-05,
            1.4296965673565865e-05,
            1.4144927263259888e-05,
            1.4264136552810669e-05,
            1.4724209904670715e-05,
            1.423712819814682e-05,
            1.4194054529070854e-05,
            1.4184042811393738e-05,
            1.442781649529934e-05,
            1.420103944838047e-05,
            1.4137942343950272e-05,
            1.4236895367503166e-05,
            1.4559132978320122e-05,
            1.437007449567318e-05,
            1.4143995940685272e-05,
            1.399405300617218e-05,
            1.4052027836441994e-05
          ],
          "mean_ms": 0.015881494618952274,
          "python_tiff_read_bytes": [
            0,
            0,
            0,
            0,
            0,
            0,
            0,
            0,
            0,
            0,
            0,
            0,
            0,
            0,
            0,
            0,
            0,
            0,
            0,
            0,
            0,
            0,
            0,
            0,
            0,
            0,
            0,
            0,
            0,
            0
          ]
        },
        {
          "name": "receipt_signature_cold",
          "repeats": 5,
          "seconds": [
            0.0037714079953730106,
            0.003422579960897565,
            0.003346632933244109,
            0.0032956269569694996,
            0.003289658110588789
          ],
          "mean_ms": 3.4251811914145947,
          "python_tiff_read_bytes": [
            747242,
            747242,
            747242,
            747242,
            747242
          ]
        },
        {
          "name": "receipt_signature_settled",
          "repeats": 30,
          "seconds": [
            0.0006068721413612366,
            0.0005944781005382538,
            0.0006689929869025946,
            0.000650753965601325,
            0.0006340371910482645,
            0.0006534499116241932,
            0.0006482009775936604,
            0.0006125438958406448,
            0.0006318890955299139,
            0.00062941899523139,
            0.0006335820071399212,
            0.000638097058981657,
            0.000620952108874917,
            0.0006137038581073284,
            0.0006376458331942558,
            0.0006083548069000244,
            0.0005939928814768791,
            0.0006441320292651653,
            0.000607204856351018,
            0.00062216492369771,
            0.0006313400808721781,
            0.0006092300172895193,
            0.0006371780764311552,
            0.0006117729935795069,
            0.0006307428702712059,
            0.000633907038718462,
            0.0006007659249007702,
            0.000625943997874856,
            0.0006352060008794069,
            0.0006141990888863802
          ],
          "mean_ms": 0.6260251238321264,
          "python_tiff_read_bytes": [
            0,
            0,
            0,
            0,
            0,
            0,
            0,
            0,
            0,
            0,
            0,
            0,
            0,
            0,
            0,
            0,
            0,
            0,
            0,
            0,
            0,
            0,
            0,
            0,
            0,
            0,
            0,
            0,
            0,
            0
          ]
        },
        {
          "name": "receipt_signature_actual512evicted",
          "repeats": 3,
          "seconds": [
            0.00347897713072598,
            0.003214410971850157,
            0.003153925994411111
          ],
          "mean_ms": 3.2824380323290825,
          "python_tiff_read_bytes": [
            747242,
            747242,
            747242
          ]
        },
        {
          "name": "reuse_pre_post_cold",
          "repeats": 5,
          "seconds": [
            0.006899736821651459,
            0.006602053064852953,
            0.006595967803150415,
            0.006718712160363793,
            0.006690266076475382
          ],
          "mean_ms": 6.7013471852988005,
          "python_tiff_read_bytes": [
            1494484,
            1494484,
            1494484,
            1494484,
            1494484
          ]
        },
        {
          "name": "reuse_pre_post_settled",
          "repeats": 30,
          "seconds": [
            0.0008539860136806965,
            0.0008620610460639,
            0.0009070259984582663,
            0.001026997109875083,
            0.0007498438935726881,
            0.0008809501305222511,
            0.0009675119072198868,
            0.000987824983894825,
            0.0007490909192711115,
            0.0007217489182949066,
            0.0008782939985394478,
            0.0008561110589653254,
            0.0007698920089751482,
            0.0007175449281930923,
            0.0008215529378503561,
            0.0008329479023814201,
            0.0007845980580896139,
            0.0007515721954405308,
            0.000758415088057518,
            0.0008242689073085785,
            0.0008216861169785261,
            0.0008794590830802917,
            0.000778696034103632,
            0.00071375397965312,
            0.000845988979563117,
            0.0008654079865664244,
            0.0009360320400446653,
            0.0009276098571717739,
            0.001068407902494073,
            0.0010831940453499556
          ],
          "mean_ms": 0.8540824676553408,
          "python_tiff_read_bytes": [
            0,
            0,
            0,
            0,
            0,
            0,
            0,
            0,
            0,
            0,
            0,
            0,
            0,
            0,
            0,
            0,
            0,
            0,
            0,
            0,
            0,
            0,
            0,
            0,
            0,
            0,
            0,
            0,
            0,
            0
          ]
        },
        {
          "name": "actual_mode_copy_consume_only",
          "repeats": 5,
          "seconds": [
            0.011022361926734447,
            0.00886309496127069,
            0.00886051612906158,
            0.009311551228165627,
            0.007780957967042923
          ],
          "mean_ms": 9.167696442455053,
          "python_tiff_read_bytes": [
            0,
            0,
            0,
            0,
            0
          ]
        },
        {
          "name": "composed_initial_receipt_copy_consume_two_admissions",
          "repeats": 5,
          "seconds": [
            0.03214243985712528,
            0.03636360284872353,
            0.03346200310625136,
            0.0368502710480243,
            0.03393323300406337
          ],
          "mean_ms": 34.55030997283757,
          "python_tiff_read_bytes": [
            4483452,
            4483452,
            4483452,
            4483452,
            4483452
          ]
        },
        {
          "name": "actual_assembler_first_event",
          "repeats": 1,
          "seconds": [
            0.03926491178572178
          ],
          "mean_ms": 39.26491178572178,
          "python_tiff_read_bytes": [
            0
          ]
        },
        {
          "name": "actual_assembler_repeated_event",
          "repeats": 5,
          "seconds": [
            0.015723969088867307,
            0.013667055871337652,
            0.013588699977844954,
            0.013755076099187136,
            0.014007135992869735
          ],
          "mean_ms": 14.148387406021357,
          "python_tiff_read_bytes": [
            0,
            0,
            0,
            0,
            0
          ]
        },
        {
          "name": "composed_assembler_event_with_verified_receipt",
          "repeats": 5,
          "seconds": [
            0.03697766503319144,
            0.03370753605850041,
            0.034090558998286724,
            0.031084110029041767,
            0.028704760130494833
          ],
          "mean_ms": 32.912926049903035,
          "python_tiff_read_bytes": [
            1494484,
            1494484,
            1494484,
            1494484,
            1494484
          ]
        },
        {
          "name": "actual_form_and_requests_multipart",
          "repeats": 5,
          "seconds": [
            0.002174972090870142,
            0.0013460309710353613,
            0.0014766990207135677,
            0.0009484170004725456,
            0.0010107348207384348
          ],
          "mean_ms": 1.3913707807660103,
          "python_tiff_read_bytes": [
            747242,
            747242,
            747242,
            747242,
            747242
          ]
        },
        {
          "name": "composed_verified_event_multipart",
          "repeats": 5,
          "seconds": [
            0.006406971951946616,
            0.005316148977726698,
            0.004463926889002323,
            0.004437566036358476,
            0.004485242068767548
          ],
          "mean_ms": 5.021971184760332,
          "python_tiff_read_bytes": [
            747242,
            747242,
            747242,
            747242,
            747242
          ]
        }
      ],
      "shape": [
        933,
        789
      ],
      "omni_copy_scope": "Actual apply_scenario_mode copy/unlink; native validation/build and directory lock callback are explicit seams.",
      "composed_copy_expected_read_factor": 6,
      "actual_multipart_python_peak_bytes": 1623962,
      "actual_multipart_body_bytes": 747450,
      "verified_multipart_python_peak_bytes": 1592479,
      "verified_multipart_body_bytes": 747441,
      "actual_multipart_main_sha256": "ae47292c64b0410ee987b38d0925f445ab5ef971c869bbc8bf924123b015b7c6",
      "verified_multipart_main_sha256": "ae47292c64b0410ee987b38d0925f445ab5ef971c869bbc8bf924123b015b7c6",
      "source_unchanged": true,
      "recorded_event_count": 11
    },
    "stress16m": {
      "name": "stress16m",
      "source": "/wc1/batch/qa-sbs-receipts-89a2b9544fb5/stress16m-original/disturbed/stress16m.tif",
      "source_bytes": 16779862,
      "source_sha256": "56f98e0d5146c0ace4bad2911d0c0085c9a977b853baf47b0c268bbfeda7e191",
      "fixture_note": "Valid 4096x4096 uncompressed Byte TIFF derived from copied Grizzly pixels by nearest resampling; not an actual uploaded file",
      "measurements": [
        {
          "name": "actual_controller_first_lookup",
          "repeats": 1,
          "seconds": [
            0.02239094488322735
          ],
          "mean_ms": 22.39094488322735,
          "python_tiff_read_bytes": [
            0
          ]
        },
        {
          "name": "actual_controller_settled_lookup",
          "repeats": 10,
          "seconds": [
            0.00013127503916621208,
            9.465287439525127e-05,
            7.23919365555048e-05,
            6.978586316108704e-05,
            6.923708133399487e-05,
            6.988109089434147e-05,
            7.055513560771942e-05,
            6.908783689141273e-05,
            6.853509694337845e-05,
            9.442702867090702e-05
          ],
          "mean_ms": 0.08098289836198092,
          "python_tiff_read_bytes": [
            0,
            0,
            0,
            0,
            0,
            0,
            0,
            0,
            0,
            0
          ]
        },
        {
          "name": "actual_definition_only_signature",
          "repeats": 30,
          "seconds": [
            8.562393486499786e-05,
            1.851096749305725e-05,
            1.4990102499723434e-05,
            1.436891034245491e-05,
            1.4482997357845306e-05,
            1.4172866940498352e-05,
            1.3720942661166191e-05,
            1.3832934200763702e-05,
            1.3974029570817947e-05,
            1.402408815920353e-05,
            1.3663899153470993e-05,
            1.3800105080008507e-05,
            2.3721950128674507e-05,
            1.6431091353297234e-05,
            1.4020828530192375e-05,
            1.4576129615306854e-05,
            1.3879965990781784e-05,
            1.4061108231544495e-05,
            1.3598008081316948e-05,
            1.3852957636117935e-05,
            1.3932120054960251e-05,
            1.3881130144000053e-05,
            1.4242948964238167e-05,
            1.3798940926790237e-05,
            1.3494864106178284e-05,
            1.3706041499972343e-05,
            1.3726996257901192e-05,
            1.35740265250206e-05,
            1.3420125469565392e-05,
            1.3774959370493889e-05
          ],
          "mean_ms": 0.016895332373678684,
          "python_tiff_read_bytes": [
            0,
            0,
            0,
            0,
            0,
            0,
            0,
            0,
            0,
            0,
            0,
            0,
            0,
            0,
            0,
            0,
            0,
            0,
            0,
            0,
            0,
            0,
            0,
            0,
            0,
            0,
            0,
            0,
            0,
            0
          ]
        },
        {
          "name": "receipt_signature_cold",
          "repeats": 5,
          "seconds": [
            0.08674780209548771,
            0.06701270793564618,
            0.06613932200707495,
            0.06281453580595553,
            0.06282116705551744
          ],
          "mean_ms": 69.10710697993636,
          "python_tiff_read_bytes": [
            16779862,
            16779862,
            16779862,
            16779862,
            16779862
          ]
        },
        {
          "name": "receipt_signature_settled",
          "repeats": 30,
          "seconds": [
            0.0002875479403883219,
            0.00022636097855865955,
            0.00023546302691102028,
            0.00021684099920094013,
            0.000214751111343503,
            0.00021430407650768757,
            0.00021056807599961758,
            0.00021265307441353798,
            0.00021074898540973663,
            0.00021077599376440048,
            0.0002112938091158867,
            0.00021899002604186535,
            0.00021030893549323082,
            0.0002087550237774849,
            0.00020962092094123363,
            0.00021107983775436878,
            0.00021507381461560726,
            0.00020937505178153515,
            0.00020726420916616917,
            0.0002076521050184965,
            0.00020915712229907513,
            0.00021872599609196186,
            0.00020947889424860477,
            0.00020776991732418537,
            0.0002079939004033804,
            0.0002194829285144806,
            0.0002067249733954668,
            0.00020584114827215672,
            0.00020620599389076233,
            0.00022193603217601776
          ],
          "mean_ms": 0.21542483009397984,
          "python_tiff_read_bytes": [
            0,
            0,
            0,
            0,
            0,
            0,
            0,
            0,
            0,
            0,
            0,
            0,
            0,
            0,
            0,
            0,
            0,
            0,
            0,
            0,
            0,
            0,
            0,
            0,
            0,
            0,
            0,
            0,
            0,
            0
          ]
        },
        {
          "name": "receipt_signature_actual512evicted",
          "repeats": 3,
          "seconds": [
            0.05918358196504414,
            0.06338056805543602,
            0.05972252390347421
          ],
          "mean_ms": 60.76222464131812,
          "python_tiff_read_bytes": [
            16779862,
            16779862,
            16779862
          ]
        },
        {
          "name": "reuse_pre_post_cold",
          "repeats": 5,
          "seconds": [
            0.10855561401695013,
            0.10807651514187455,
            0.11818561516702175,
            0.11314017092809081,
            0.11319149704650044
          ],
          "mean_ms": 112.22988246008754,
          "python_tiff_read_bytes": [
            33559724,
            33559724,
            33559724,
            33559724,
            33559724
          ]
        },
        {
          "name": "reuse_pre_post_settled",
          "repeats": 30,
          "seconds": [
            0.0005259360186755657,
            0.0004268800839781761,
            0.0004350289236754179,
            0.00043816701509058475,
            0.0004470059648156166,
            0.00043495604768395424,
            0.0004090098664164543,
            0.0006094661075621843,
            0.0004753437824547291,
            0.0004558840300887823,
            0.00043281191028654575,
            0.0004740857984870672,
            0.0004286430776119232,
            0.0004650270566344261,
            0.00043152086436748505,
            0.0004224791191518307,
            0.00041095586493611336,
            0.0004223128780722618,
            0.00041332608088850975,
            0.00041347905062139034,
            0.0004234600346535444,
            0.0004132611211389303,
            0.0004214860964566469,
            0.00043425499461591244,
            0.0004207759629935026,
            0.00041187088936567307,
            0.0004426860250532627,
            0.0004111768212169409,
            0.0003968148957937956,
            0.0004065281245857477
          ],
          "mean_ms": 0.4384878169124325,
          "python_tiff_read_bytes": [
            0,
            0,
            0,
            0,
            0,
            0,
            0,
            0,
            0,
            0,
            0,
            0,
            0,
            0,
            0,
            0,
            0,
            0,
            0,
            0,
            0,
            0,
            0,
            0,
            0,
            0,
            0,
            0,
            0,
            0
          ]
        },
        {
          "name": "actual_mode_copy_consume_only",
          "repeats": 5,
          "seconds": [
            0.09348535886965692,
            0.09074953407980502,
            0.08794389991089702,
            0.08641082397662103,
            0.08636083314195275
          ],
          "mean_ms": 88.99008999578655,
          "python_tiff_read_bytes": [
            0,
            0,
            0,
            0,
            0
          ]
        },
        {
          "name": "composed_initial_receipt_copy_consume_two_admissions",
          "repeats": 5,
          "seconds": [
            0.47347817313857377,
            0.47596196504309773,
            0.4685774249956012,
            0.4524216200225055,
            0.42696334212087095
          ],
          "mean_ms": 459.48050506412983,
          "python_tiff_read_bytes": [
            100679172,
            100679172,
            100679172,
            100679172,
            100679172
          ]
        },
        {
          "name": "actual_assembler_first_event",
          "repeats": 1,
          "seconds": [
            0.1541551419068128
          ],
          "mean_ms": 154.1551419068128,
          "python_tiff_read_bytes": [
            0
          ]
        },
        {
          "name": "actual_assembler_repeated_event",
          "repeats": 5,
          "seconds": [
            0.07031179103069007,
            0.06208302010782063,
            0.0769942719489336,
            0.07854713103733957,
            0.051756105152890086
          ],
          "mean_ms": 67.93846385553479,
          "python_tiff_read_bytes": [
            0,
            0,
            0,
            0,
            0
          ]
        },
        {
          "name": "composed_assembler_event_with_verified_receipt",
          "repeats": 5,
          "seconds": [
            0.26718919910490513,
            0.2802202389575541,
            0.297780882101506,
            0.28137852414511144,
            0.2885333790909499
          ],
          "mean_ms": 283.0204446800053,
          "python_tiff_read_bytes": [
            33559724,
            33559724,
            33559724,
            33559724,
            33559724
          ]
        },
        {
          "name": "actual_form_and_requests_multipart",
          "repeats": 5,
          "seconds": [
            0.04128872393630445,
            0.04322637710720301,
            0.04119231109507382,
            0.04365531005896628,
            0.03876459808088839
          ],
          "mean_ms": 41.62546405568719,
          "python_tiff_read_bytes": [
            16779862,
            16779862,
            16779862,
            16779862,
            16779862
          ]
        },
        {
          "name": "composed_verified_event_multipart",
          "repeats": 5,
          "seconds": [
            0.09325327211990952,
            0.09095595008693635,
            0.09179556090384722,
            0.0977586421649903,
            0.1051810949575156
          ],
          "mean_ms": 95.7889040466398,
          "python_tiff_read_bytes": [
            16779862,
            16779862,
            16779862,
            16779862,
            16779862
          ]
        }
      ],
      "shape": [
        4096,
        4096
      ],
      "omni_copy_scope": "Actual apply_scenario_mode copy/unlink; native validation/build and directory lock callback are explicit seams.",
      "composed_copy_expected_read_factor": 6,
      "actual_multipart_python_peak_bytes": 35693188,
      "actual_multipart_body_bytes": 16780070,
      "verified_multipart_python_peak_bytes": 35661748,
      "verified_multipart_body_bytes": 16780061,
      "actual_multipart_main_sha256": "56f98e0d5146c0ace4bad2911d0c0085c9a977b853baf47b0c268bbfeda7e191",
      "verified_multipart_main_sha256": "56f98e0d5146c0ace4bad2911d0c0085c9a977b853baf47b0c268bbfeda7e191",
      "source_unchanged": true,
      "recorded_event_count": 11
    }
  },
  "errors": [],
  "measurement_limits": [
    "S01 excludes clone/reset, native validation, landuse/soil/WEPP execution and NoDb locks.",
    "S02 uses actual copied NoDb controller lookup, append/config/seed operations and Requests preparation; no network.",
    "Prototype receipt paths/guards are cost composition, not a substitute for independent implementation security review.",
    "Digest/read counters track Python Path.open reads; shutil fast-copy reads are separately known logical copied bytes."
  ],
  "completed": true,
  "named_inputs_unchanged": true,
  "modules_unchanged": true
}
