 ***** BEGINNING PROGRAM RASFOR.
 *** BEGINNING SBRT OUTITL.
 TOPAZ SOFTWARE: TOPAZ PARAMETERIZATION SOFTWARE SYSTEM                        
                 VERSION 3.12, AUGUST 1999                                     
 PROGRAM RASFOR: RASTER REFORMATTING PROGRAM                                   
                 VERSION 3.11, AUGUST 1999                                     

 J. GARBRECHT, USDA-ARS, EL RENO, OKLAHOMA, USA.                               
 L. MARTZ, UNIVERSITY OF SASKATCHEWAN, SASKATOON, CANADA.                      
 J. CAMPBELL, USDA-ARS, EL RENO, OKLAHOMA, USA.                                


 DISCLAIMER

 THIS PROGRAM AND ITS SUBROUTINES ARE ACCEPTED AND USED BY THE RECIPIENT UPON
 THE EXPRESS UNDERSTANDING THAT THE DEVELOPERS MAKE NO WARRANTIES, EXPRESSED
 OR IMPLIED, CONCERNING THE ACCURACY, COMPLETENESS, RELIABILITY OR
 SUITABILITY FOR ANY ONE PURPOSE, AND THAT THE DEVELOPERS SHALL BE UNDER NO
 LIABILITY TO ANY PERSON BY REASON OF ANY USE MADE THEREOF.

 THE SUBROUTINES IN THIS PROGRAM CANNOT BE LIFTED, EXTRACTED OR TRANSFERRED
 OUT OF THIS PROGRAM FOR USE WITH OTHER PROGRAMS OR OTHER PURPOSES BECAUSE
 INPUT VARIABLES INTO SUBROUTINES MUST HAVE BEEN PROCESSED AND ASSIGNED
 SPECIFIC VALUES BY PRECEDING SUBROUTINES THAT REFLECT PROGRAM, CODE AND
 TERRAIN SPECIFIC PARTICULARITIES.  THE USE OF A SUBROUTINE FOR OTHER PURPOSES
 THAN IN THIS PROGRAM MAY PRODUCE, AT BEST, INEXECUTABLE CODE, OR, AT WORST,
 ERRONEOUS RESULTS THAT GO UNRECOGNIZED.

 THE AUTHORS AND DEVELOPERS OF THIS PROGRAM AND ITS SUBROUTINES SHALL BE
 ACKNOWLEDGED WHEN THE CODE, THE MODEL AND/OR THE NUMERICAL SOLUTION
 TECHNIQUES USED HEREIN ARE DIRECTLY APPLIED IN CONJUNCTION WITH ANOTHER
 CODE, OR DESCRIBED AND/OR REFERRED TO IN A PUBLICATION OR PRESENTATION.




 TITLE OF CURRENT TOPAZ APPLICATION:

  DATE: 23 AUGUST 1999     WEPP WEB INTERFACE   DEDNM VERSION 3.1              
  APPLICATION FOR TESTING AND VERIFICATION WEPP WEB GIS; INPUT FILE            
  TESTING AND CALIBRATION.                                                     

 *** ENDING SBRT OUTITL.
 *** BEGINNING SBRT INIT.
 *** ENDING SBRT INIT.
 *** BEGINNING SBRT INPCNT.
 *** ENDING SBRT INPCNT.
 *** BEGINNING SBRT INPBAT.
 *** ENDING SBRT INPBAT.
 *** BEGINNING SBRT OUTINP.
     DEM RASTER PARAMETERS.
        USER SELECTION OF OUTPUT FORMAT (ICHOIC):   3
        NUMBER OF ROWS AND COLUMNS IN RASTER:    152    153
        SIZE OF A PIXEL SIDE IN METERS:      30.00
        MINIMUM AND MAXIMUM ELEVATION VALUES IN METERS:
              841.4000  1519.2000
        MAXIMUM NUMBER OF DIGITS IN THE LARGEST ELEVATION VALUE:      4
        USER PROVIDED INDETERMINATE ELEVATION VALUE:     0.0
        NUMBER OF DIGITS PRECEDING THE DECIMAL POINT FOR THE INDETERMINATE
        ELEVATION VALUE:    1
        USER PROVIDED INDETERMINATE ELEVATION VALUE IN PROGRAM INTERNAL UNITS:
                    0
        INTERNAL INDETERMINATE ELEVATION VALUE AS ASSIGNED AND USED
        BY THE PROGRAM:   -400000
        MAXIMUM NUMBER OF DIGITS IN THE SUBCATCHMENT INDEX VALUE
        REPRESENTATION:       2
        MAXIMUM NUMBER OF DIGITS IN THE UPSTREAM AREA VALUE
        REPRESENTATION:       4
        STRAHLER ORDER OF THE DRAINAGE NETWORK:   2
     SLOPE RASTER PARAMETERS.
        MINIMUM AND MAXIMUM FLOW VECTOR SLOPE VALUES: -0.00000    0.90510
        INDETERMINATE SLOPE VALUE:  -0.06034
        NUMBER OF DIGITS PRECEDING THE DECIMAL POINT FOR FLOW VECTOR
        SLOPE VALUE:         2
        MINIMUM AND MAXIMUM HYDRAULIC SLOPE VALUES:  0.00004    0.90510
        NUMBER OF DIGITS PRECEDING THE DECIMAL POINT FOR HYDRAULIC
        SLOPE VALUE:         1
        MINIMUM AND MAXIMUM TERRAIN SLOPE VALUES: -0.00000    0.73781
        INDETERMINATE SLOPE VALUE:  -0.04340
        NUMBER OF DIGITS PRECEDING THE DECIMAL POINT FOR TERRAIN
        SLOPE VALUE:         2
     USER OUTPUT OPTIONS
        FOR ALL OF THE FOLLOWING OPTIONS:
          A VALUE OF  1  INDICATES THAT THE FILE IS WRITTEN TO OUTPUT, OR,
          A VALUE OF  0  INDICATES THAT THE FILE IS NOT WRITTEN TO OUTPUT.
        WRITE PROGRAM OUTPUT OPTIONS TO RASFOR.RPT: 1
        WRITE INPUT/AGGREGATED/RESAMPLED ELEVATION RASTER TO FILE INELEV.DAT: 0
        WRITE SMOOTHED ELEVATION RASTER TO FILE SMOOTH.DAT: 0
        WRITE DEPRESSION FILLED RASTER TO FILDEP.DAT: 0
        WRITE DEPRESSION FILLED/DRAINAGE MODIFIED RASTER TO FILE RELIEF.DAT: 1
        WRITE FLOW VECTOR RASTER TO FILE FLOVEC.DAT: 1
        WRITE FLOW PATH DEFINITION RASTER TO FILE FLOPAT.DAT: 1
        WRITE UPSTREAM DRAINAGE AREA RASTER TO FILE UPAREA.DAT: 0
        WRITE WATERSHED EXTENT DEFINITION TO FILE BOUND.DAT: 1
        WRITE DRAINAGE NETWORK RASTER TO FILE NETW.DAT: 1
        WRITE SUBCATCHMENT AREA RASTER TO FILE SUBWTA.DAT: 1
        WRITE EXTRACTED DEPRESSIONS AND FLAT AREAS TO FILE DEPFLT.DAT: 0
        WRITE USER DEFINED BANDS OF EQUAL ELEVATIONS TO FILE ELVCLA.DAT: 0
        WRITE FLOW VECTOR ASPECT RASTER TO FILE FVASPE.DAT 0
        WRITE FLOW VECTOR SLOPE RASTER TO FILE FVSLOP.DAT 1
        WRITE HYDRAULIC SLOPE RASTER TO FILE HSLOPE.DAT 0
        WRITE TERRAIN SLOPE RASTER TO FILE TSLOPE.DAT 0
        WRITE TERRAIN ASPECT RASTER TO FILE TASPEC.DAT 1
        WRITE ENHANCE DRAINAGE NETWORK RASTER TO FILE NETWE.DAT 0
        WRITE SUBCATCHMENT BOUNDARY LINE RASTER TO FILE SUBBDA.DAT 0
        WRITE AGGREGATED SUBCATCHMENT RASTER TO FILE SUBWTB.DAT 0
        WRITE AGGREGATED SUBCATCHMENT BOUNDARY RASTER TO FILE SUBBDB.DAT 0
     PROGRAM EXECUTION STATUS:  1  EXECUTED  0  NOT EXECUTED
        PROGRAM DEDNM:  1
        PROGRAM RASPRO: 1
        PROGRAM RASFOR: 1
        PROGRAM RASBIN: 0
        PROGRAM NSSTAT: 0
 *** ENDING SBRT OUTINP.
 === ALLOCATING IT3A ARRAY.
 === ALLOCATING IT2A ARRAY.
 === ALLOCATING IT1A ARRAY.
 *** PROCESSING FILE: RELIEF.OUT  
 *** BEGINNING SBRT CONPAR.
 *** ENDING SBRT CONPAR.
 *** BEGINNING SBRT OUT3.
 *** ENDING SBRT OUT3.
 *** PROCESSING FILE: FLOVEC.OUT  
 *** BEGINNING SBRT CONPAR.
 *** ENDING SBRT CONPAR.
 *** BEGINNING SBRT OUT3.
 *** ENDING SBRT OUT3.
 *** PROCESSING FILE: FLOPAT.OUT  
 *** BEGINNING SBRT CONPAR.
 *** ENDING SBRT CONPAR.
 *** BEGINNING SBRT OUT3.
 *** ENDING SBRT OUT3.
 *** PROCESSING FILE: NETFUL.OUT  
 *** BEGINNING SBRT CONPAR.
 *** ENDING SBRT CONPAR.
 *** BEGINNING SBRT OUT3.
 *** ENDING SBRT OUT3.
 *** PROCESSING FILE: BOUND.OUT   
 *** BEGINNING SBRT CONPAR.
 *** ENDING SBRT CONPAR.
 *** BEGINNING SBRT OUT3.
 *** ENDING SBRT OUT3.
 *** PROCESSING FILE: NETW.OUT    
 *** BEGINNING SBRT CONPAR.
 *** ENDING SBRT CONPAR.
 *** BEGINNING SBRT OUT3.
 *** ENDING SBRT OUT3.
 *** PROCESSING FILE: SUBWTA.OUT  
 *** BEGINNING SBRT CONPAR.
 *** ENDING SBRT CONPAR.
 *** BEGINNING SBRT OUT3.
 *** ENDING SBRT OUT3.
 *** PROCESSING FILE: FVSLOP.OUT  
 *** BEGINNING SBRT CONPAR.
 *** ENDING SBRT CONPAR.
 *** BEGINNING SBRT OUT3.
 *** ENDING SBRT OUT3.
 *** PROCESSING FILE: TASPEC.OUT  
 *** BEGINNING SBRT CONPAR.
 *** ENDING SBRT CONPAR.
 *** BEGINNING SBRT OUT3.
 *** ENDING SBRT OUT3.
 === DEALLOCATING IT3A ARRAY.
 === DEALLOCATING IT2A ARRAY.
 === DEALLOCATING IT1A ARRAY.
 *** WRITING OUTPUT CONTROL FILE; SBRT IOCNT.
 ***** ENDING PROGRAM RASFOR.
