INFO:wctl2:docker compose exec -T weppcloud python /workdir/wepppy/docs/work-packages/20260916_dead_horse_gridmet_audit/artifacts/compare_rerun.py
{
  "old_attempt": "0a34c96cd0dc4e6bb7bb7780d8f8915b",
  "new_attempt": "f493a714df9d4fbfbfd4370c46ad54f8",
  "old_identity": {
    "assessment_id": "0a34c96cd0dc4e6bb7bb7780d8f8915b",
    "climate_mode": "PRISM",
    "date_semantics": "simulation_labels",
    "project_id": "thespian-cleanness"
  },
  "new_identity": {
    "assessment_id": "f493a714df9d4fbfbfd4370c46ad54f8",
    "climate_mode": "GridMetPRISM",
    "date_semantics": "calendar",
    "project_id": "thespian-cleanness"
  },
  "predictors_identical": true,
  "coverage_identical": true,
  "predictor_artifact_hashes_identical": false,
  "inverse_rows_identical": true,
  "gridmet_daily_vs_cli_max_abs_difference_mm": 0.10000000000000142,
  "period": [
    "1980-01-01 00:00:00",
    "2025-12-31 00:00:00"
  ],
  "window_daily": [
    {
      "date": "2021-08-05",
      "gridmet_daily_mm": 0.0,
      "prcp": 0.0,
      "peak_intensity_15": 0.0,
      "peak_intensity_30": 0.0,
      "peak_intensity_60": 0.0
    },
    {
      "date": "2021-08-06",
      "gridmet_daily_mm": 0.0,
      "prcp": 0.0,
      "peak_intensity_15": 0.0,
      "peak_intensity_30": 0.0,
      "peak_intensity_60": 0.0
    },
    {
      "date": "2021-08-07",
      "gridmet_daily_mm": 0.0,
      "prcp": 0.0,
      "peak_intensity_15": 0.0,
      "peak_intensity_30": 0.0,
      "peak_intensity_60": 0.0
    },
    {
      "date": "2021-08-08",
      "gridmet_daily_mm": 0.0,
      "prcp": 0.0,
      "peak_intensity_15": 0.0,
      "peak_intensity_30": 0.0,
      "peak_intensity_60": 0.0
    },
    {
      "date": "2021-08-09",
      "gridmet_daily_mm": 0.0,
      "prcp": 0.0,
      "peak_intensity_15": 0.0,
      "peak_intensity_30": 0.0,
      "peak_intensity_60": 0.0
    },
    {
      "date": "2021-08-10",
      "gridmet_daily_mm": 0.0,
      "prcp": 0.0,
      "peak_intensity_15": 0.0,
      "peak_intensity_30": 0.0,
      "peak_intensity_60": 0.0
    },
    {
      "date": "2021-08-11",
      "gridmet_daily_mm": 0.0,
      "prcp": 0.0,
      "peak_intensity_15": 0.0,
      "peak_intensity_30": 0.0,
      "peak_intensity_60": 0.0
    },
    {
      "date": "2021-08-12",
      "gridmet_daily_mm": 0.0,
      "prcp": 0.0,
      "peak_intensity_15": 0.0,
      "peak_intensity_30": 0.0,
      "peak_intensity_60": 0.0
    }
  ],
  "window_event_rows": [],
  "design_15": [
    {
      "return_interval_years": 1,
      "source_old": "cli",
      "rank_index_old": 99,
      "positive_samples_old": 10840,
      "duration_minutes": 15,
      "intensity_mm_per_hour_old": 18.8105039081,
      "rainfall_mm_old": 4.702625977,
      "probability_old": 0.1989633033,
      "status_old": "available",
      "reason_old": null,
      "source_new": "cli",
      "rank_index_new": 45,
      "positive_samples_new": 8381,
      "intensity_mm_per_hour_new": 23.8921401853,
      "rainfall_mm_new": 5.9730350463,
      "probability_new": 0.3171730963,
      "status_new": "available",
      "reason_new": null
    },
    {
      "return_interval_years": 2,
      "source_old": "cli",
      "rank_index_old": 49,
      "positive_samples_old": 10840,
      "duration_minutes": 15,
      "intensity_mm_per_hour_old": 24.5199367871,
      "rainfall_mm_old": 6.1299841968,
      "probability_old": 0.3341538315,
      "status_old": "available",
      "reason_old": null,
      "source_new": "cli",
      "rank_index_new": 22,
      "positive_samples_new": 8381,
      "intensity_mm_per_hour_new": 29.6666666667,
      "rainfall_mm_new": 7.4166666667,
      "probability_new": 0.4861420824,
      "status_new": "available",
      "reason_new": null
    },
    {
      "return_interval_years": 5,
      "source_old": "cli",
      "rank_index_old": 19,
      "positive_samples_old": 10840,
      "duration_minutes": 15,
      "intensity_mm_per_hour_old": 30.1971080504,
      "rainfall_mm_old": 7.5492770126,
      "probability_old": 0.5024744118,
      "status_old": "available",
      "reason_old": null,
      "source_new": "cli",
      "rank_index_new": 8,
      "positive_samples_new": 8381,
      "intensity_mm_per_hour_new": 44.2363752141,
      "rainfall_mm_new": 11.0590938035,
      "probability_new": 0.8506052458,
      "status_new": "available",
      "reason_new": null
    },
    {
      "return_interval_years": 10,
      "source_old": "cli",
      "rank_index_old": 9,
      "positive_samples_old": 10840,
      "duration_minutes": 15,
      "intensity_mm_per_hour_old": 35.6215125504,
      "rainfall_mm_old": 8.9053781376,
      "probability_old": 0.6633178611,
      "status_old": "available",
      "reason_old": null,
      "source_new": "cli",
      "rank_index_new": 3,
      "positive_samples_new": 8381,
      "intensity_mm_per_hour_new": 49.5000002715,
      "rainfall_mm_new": 12.3750000679,
      "probability_new": 0.9158897314,
      "status_new": "available",
      "reason_new": null
    }
  ]
}
