{
  "combined10": {
    "totalwatsed_m3s": {
      "n": 8766,
      "NSE": 0.9999999999999994,
      "KGE2009": 0.9999999994986567,
      "R2": 0.9999999999999998,
      "r": 0.9999999999999999,
      "alpha": 0.9999999995600528,
      "beta": 1.0000000002403988,
      "bias_percent": 2.403988119681344e-08,
      "RMSE": 4.1998296354844096e-08,
      "MAE": 1.4391431736583592e-09,
      "max_abs_difference": 2.5129905681930964e-06,
      "reference_mean": 1.6738382952767923,
      "comparison_mean": 1.6738382956791809,
      "positive_reference_n": 8766,
      "percent_change_min": -4.517729813617598e-05,
      "percent_change_max": 0.0003701371462324774,
      "records_above_1_percent": 0,
      "absolute_difference_quantiles": {
        "0.5": 1.8551826741486366e-12,
        "0.9": 3.55284301978287e-10,
        "0.95": 1.0255707949546888e-09,
        "0.99": 7.619129338554243e-09,
        "1.0": 2.5129905681930964e-06
      }
    },
    "channel_m3s": {
      "n": 8766,
      "NSE": 0.9954190747575616,
      "KGE2009": 0.9702896068214522,
      "R2": 0.9961888713870015,
      "r": 0.9980926166378556,
      "alpha": 0.9709603068686117,
      "beta": 0.9940195673761411,
      "bias_percent": -0.5980432623858944,
      "RMSE": 0.11670510305178401,
      "MAE": 0.019561505073262857,
      "max_abs_difference": 5.119652777777777,
      "reference_mean": 1.67213931865858,
      "comparison_mean": 1.662139202125637,
      "positive_reference_n": 8766,
      "percent_change_min": -29.440106531081657,
      "percent_change_max": 77.86662617878773,
      "records_above_1_percent": 1600,
      "absolute_difference_quantiles": {
        "0.5": 0.0008333333333334636,
        "0.9": 0.02917708333333341,
        "0.95": 0.06373263888888914,
        "0.99": 0.3233819444444453,
        "1.0": 5.119652777777777
      }
    },
    "sampled_peak_m3s": {
      "n": 8766,
      "NSE": 0.9680211160677243,
      "KGE2009": 0.9584612333916728,
      "R2": 0.9705421403960646,
      "r": 0.9851609718193594,
      "alpha": 1.032964879621584,
      "beta": 1.0204594497856054,
      "bias_percent": 2.0459449785605432,
      "RMSE": 0.45448521625634186,
      "MAE": 0.1060465890942277,
      "max_abs_difference": 15.100000000000001,
      "reference_mean": 1.9075500342231346,
      "comparison_mean": 1.9465774583618527,
      "positive_reference_n": 8766,
      "percent_change_min": -46.63793103448275,
      "percent_change_max": 158.5185185185185,
      "records_above_1_percent": 3365,
      "absolute_difference_quantiles": {
        "0.5": 0.0,
        "0.9": 0.18999999999999995,
        "0.95": 0.4374999999999998,
        "0.99": 2.093500000000003,
        "1.0": 15.100000000000001
      }
    },
    "channel_600s_m3s": {
      "n": 1262304,
      "NSE": 0.9797398541839714,
      "KGE2009": 0.9771080579032583,
      "R2": 0.9798594899866176,
      "r": 0.989878522843393,
      "alpha": 0.9803574151711049,
      "beta": 0.9940195673761412,
      "bias_percent": -0.5980432623858833,
      "RMSE": 0.26438989434100607,
      "MAE": 0.04507547746026315,
      "max_abs_difference": 15.700000000000003,
      "reference_mean": 1.6721393186585796,
      "comparison_mean": 1.6621392021256367,
      "positive_reference_n": 1262304,
      "percent_change_min": -54.84848484848485,
      "percent_change_max": 170.78891257995735,
      "records_above_1_percent": 266879,
      "absolute_difference_quantiles": {
        "0.5": 0.0,
        "0.9": 0.06000000000000005,
        "0.95": 0.1599999999999997,
        "0.99": 0.9700000000000006,
        "1.0": 15.700000000000003
      }
    },
    "largest_daily_departures": {
      "totalwatsed_m3s": [
        {
          "date": "1986-10-16",
          "baseline": 0.678934982282142,
          "comparison": 0.6789374952727102,
          "difference": 2.5129905681930964e-06
        },
        {
          "date": "1995-07-24",
          "baseline": 0.9173139180692674,
          "comparison": 0.9173164306652941,
          "difference": 2.512596026682523e-06
        },
        {
          "date": "1999-12-17",
          "baseline": 7.313502169264553,
          "comparison": 7.3135010118418045,
          "difference": -1.1574227487542998e-06
        },
        {
          "date": "1992-03-06",
          "baseline": 1.9682330743455845,
          "comparison": 1.9682321851510605,
          "difference": -8.89194524011927e-07
        },
        {
          "date": "1997-07-09",
          "baseline": 1.2462133821501902,
          "comparison": 1.2462128358143427,
          "difference": -5.463358474511182e-07
        },
        {
          "date": "1997-09-17",
          "baseline": 3.1458202946855365,
          "comparison": 3.1458200361799666,
          "difference": -2.5850556983897377e-07
        },
        {
          "date": "1994-04-08",
          "baseline": 3.1034232799650705,
          "comparison": 3.103423039224355,
          "difference": -2.4074071536261954e-07
        },
        {
          "date": "1995-12-03",
          "baseline": 3.603026898829033,
          "comparison": 3.6030270148209436,
          "difference": 1.15991910742963e-07
        },
        {
          "date": "1986-12-22",
          "baseline": 1.6893590152814675,
          "comparison": 1.6893591311308656,
          "difference": 1.1584939807463002e-07
        },
        {
          "date": "1997-12-15",
          "baseline": 1.611257295739622,
          "comparison": 1.6112574115610325,
          "difference": 1.1582141046240224e-07
        }
      ],
      "channel_m3s": [
        {
          "date": "1994-10-27",
          "baseline": 22.03701388888889,
          "comparison": 16.917361111111113,
          "difference": -5.119652777777777
        },
        {
          "date": "1982-01-22",
          "baseline": 11.711458333333333,
          "comparison": 8.718680555555556,
          "difference": -2.9927777777777766
        },
        {
          "date": "1995-11-11",
          "baseline": 19.860694444444444,
          "comparison": 17.13222222222222,
          "difference": -2.728472222222223
        },
        {
          "date": "1996-12-29",
          "baseline": 13.126458333333334,
          "comparison": 10.434166666666666,
          "difference": -2.6922916666666676
        },
        {
          "date": "1990-04-27",
          "baseline": 28.515486111111112,
          "comparison": 26.233958333333334,
          "difference": -2.2815277777777787
        },
        {
          "date": "1996-01-19",
          "baseline": 10.391944444444444,
          "comparison": 8.278263888888889,
          "difference": -2.113680555555556
        },
        {
          "date": "1980-12-02",
          "baseline": 20.75326388888889,
          "comparison": 18.70576388888889,
          "difference": -2.0474999999999994
        },
        {
          "date": "1996-12-04",
          "baseline": 7.910625,
          "comparison": 5.886805555555555,
          "difference": -2.0238194444444444
        },
        {
          "date": "1982-01-23",
          "baseline": 5.736458333333333,
          "comparison": 4.047638888888889,
          "difference": -1.6888194444444444
        },
        {
          "date": "1982-02-18",
          "baseline": 9.572152777777777,
          "comparison": 7.951319444444445,
          "difference": -1.6208333333333327
        }
      ],
      "sampled_peak_m3s": [
        {
          "date": "1994-10-27",
          "baseline": 50.5,
          "comparison": 35.4,
          "difference": -15.100000000000001
        },
        {
          "date": "1992-11-21",
          "baseline": 20.1,
          "comparison": 28.7,
          "difference": 8.599999999999998
        },
        {
          "date": "1996-02-06",
          "baseline": 24.4,
          "comparison": 32.1,
          "difference": 7.700000000000003
        },
        {
          "date": "1995-11-11",
          "baseline": 38.4,
          "comparison": 31.5,
          "difference": -6.899999999999999
        },
        {
          "date": "1980-11-07",
          "baseline": 11.0,
          "comparison": 17.3,
          "difference": 6.300000000000001
        },
        {
          "date": "1982-01-22",
          "baseline": 21.7,
          "comparison": 15.9,
          "difference": -5.799999999999999
        },
        {
          "date": "1982-01-16",
          "baseline": 13.2,
          "comparison": 18.9,
          "difference": 5.699999999999999
        },
        {
          "date": "1982-01-23",
          "baseline": 11.6,
          "comparison": 6.19,
          "difference": -5.409999999999999
        },
        {
          "date": "1991-12-05",
          "baseline": 15.1,
          "comparison": 20.3,
          "difference": 5.200000000000001
        },
        {
          "date": "1987-12-09",
          "baseline": 19.7,
          "comparison": 24.9,
          "difference": 5.199999999999999
        }
      ]
    },
    "baseline_flow_quartiles": {
      "totalwatsed_m3s": {
        "1": {
          "lower_m3s": 0.036676352512357055,
          "upper_m3s": 0.6452550606583474,
          "metrics": {
            "n": 2192,
            "NSE": 1.0,
            "KGE2009": 0.9999999993330962,
            "R2": 1.0,
            "r": 1.0,
            "alpha": 1.000000000323181,
            "beta": 1.000000000583365,
            "bias_percent": 5.833649119324491e-08,
            "RMSE": 7.30907432301799e-10,
            "MAE": 2.769128594309767e-10,
            "max_abs_difference": 1.1559102730540616e-08,
            "reference_mean": 0.3467857672575164,
            "comparison_mean": 0.34678576745981904,
            "positive_reference_n": 2192,
            "percent_change_min": -2.5385504223800735e-06,
            "percent_change_max": 1.7991085830084188e-06,
            "records_above_1_percent": 0,
            "absolute_difference_quantiles": {
              "0.5": 5.241085343499208e-11,
              "0.9": 7.041500021953699e-10,
              "0.95": 1.2449409156345394e-09,
              "0.99": 3.4146472038809676e-09,
              "1.0": 1.1559102730540616e-08
            }
          }
        },
        "2": {
          "lower_m3s": 0.6452550606583474,
          "upper_m3s": 1.4967659998192626,
          "metrics": {
            "n": 2191,
            "NSE": 0.9999999999999105,
            "KGE2009": 0.9999999886845823,
            "R2": 0.9999999999999101,
            "r": 0.999999999999955,
            "alpha": 0.9999999888780254,
            "beta": 1.0000000020833533,
            "bias_percent": 2.0833532676789446e-07,
            "RMSE": 7.687273193786523e-08,
            "MAE": 3.018307200909013e-09,
            "max_abs_difference": 2.5129905681930964e-06,
            "reference_mean": 1.0941653011144554,
            "comparison_mean": 1.0941653033939882,
            "positive_reference_n": 2191,
            "percent_change_min": -4.383967106086454e-05,
            "percent_change_max": 0.0003701371462324774,
            "records_above_1_percent": 0,
            "absolute_difference_quantiles": {
              "0.5": 1.9333423750822476e-12,
              "0.9": 9.157201663612113e-10,
              "0.95": 3.2615544709457822e-09,
              "0.99": 6.155464582491254e-09,
              "1.0": 2.5129905681930964e-06
            }
          }
        },
        "3": {
          "lower_m3s": 1.4967659998192626,
          "upper_m3s": 2.1130573639514068,
          "metrics": {
            "n": 2191,
            "NSE": 0.9999999999999876,
            "KGE2009": 0.9999999966061099,
            "R2": 0.9999999999999873,
            "r": 0.9999999999999937,
            "alpha": 0.9999999966095717,
            "beta": 0.9999999998467498,
            "bias_percent": -1.532501903156458e-08,
            "RMSE": 1.9639929813607958e-08,
            "MAE": 6.732424843284963e-10,
            "max_abs_difference": 8.89194524011927e-07,
            "reference_mean": 1.7914593403847967,
            "comparison_mean": 1.7914593401102552,
            "positive_reference_n": 2191,
            "percent_change_min": -4.517729813617598e-05,
            "percent_change_max": 7.6002621128200495e-06,
            "records_above_1_percent": 0,
            "absolute_difference_quantiles": {
              "0.5": 3.2152058793144533e-13,
              "0.9": 5.694777982512278e-11,
              "0.95": 1.324608200903299e-10,
              "0.99": 4.846543166792098e-10,
              "1.0": 8.89194524011927e-07
            }
          }
        },
        "4": {
          "lower_m3s": 2.1130573639514068,
          "upper_m3s": 28.770088780956932,
          "metrics": {
            "n": 2192,
            "NSE": 0.9999999999999999,
            "KGE2009": 0.9999999996797234,
            "R2": 1.0,
            "r": 1.0,
            "alpha": 0.9999999997301228,
            "beta": 0.9999999998275374,
            "bias_percent": -1.7246259975678413e-08,
            "RMSE": 2.758644805259637e-08,
            "MAE": 1.7884811642614478e-09,
            "max_abs_difference": 1.1574227487542998e-06,
            "reference_mean": 3.4627319822276568,
            "comparison_mean": 3.462731981630465,
            "positive_reference_n": 2192,
            "percent_change_min": -1.582583449032723e-05,
            "percent_change_max": 5.43464553974654e-06,
            "records_above_1_percent": 0,
            "absolute_difference_quantiles": {
              "0.5": 1.2425616091604752e-12,
              "0.9": 3.912230539526723e-11,
              "0.95": 1.2755858591617568e-10,
              "0.99": 1.1673689863656031e-08,
              "1.0": 1.1574227487542998e-06
            }
          }
        }
      },
      "channel_m3s": {
        "1": {
          "lower_m3s": 0.03633888888888889,
          "upper_m3s": 0.6439201388888889,
          "metrics": {
            "n": 2192,
            "NSE": 0.9967050197527273,
            "KGE2009": 0.9897307345861909,
            "R2": 0.9972117524652755,
            "r": 0.9986049030849365,
            "alpha": 0.9996777406334679,
            "beta": 1.0101689559757883,
            "bias_percent": 1.0168955975788263,
            "RMSE": 0.008970007059134286,
            "MAE": 0.0035479930175385237,
            "max_abs_difference": 0.056062500000000015,
            "reference_mean": 0.34552994950070964,
            "comparison_mean": 0.34904362834549874,
            "positive_reference_n": 2192,
            "percent_change_min": -4.222397964446568,
            "percent_change_max": 77.86662617878773,
            "records_above_1_percent": 468,
            "absolute_difference_quantiles": {
              "0.5": 0.0,
              "0.9": 0.01399722222222226,
              "0.95": 0.02236597222222223,
              "0.99": 0.038050833333333436,
              "1.0": 0.056062500000000015
            }
          }
        },
        "2": {
          "lower_m3s": 0.6439201388888889,
          "upper_m3s": 1.4956944444444444,
          "metrics": {
            "n": 2191,
            "NSE": 0.9983123717269142,
            "KGE2009": 0.9954599075801421,
            "R2": 0.998573229718771,
            "r": 0.9992863602185167,
            "alpha": 1.0024915834309158,
            "beta": 1.0037276224929466,
            "bias_percent": 0.37276224929465585,
            "RMSE": 0.010574517690186858,
            "MAE": 0.004353811679091234,
            "max_abs_difference": 0.12277777777777787,
            "reference_mean": 1.0931188447690046,
            "comparison_mean": 1.0971935791622294,
            "positive_reference_n": 2191,
            "percent_change_min": -10.166937900021285,
            "percent_change_max": 8.914923101774297,
            "records_above_1_percent": 302,
            "absolute_difference_quantiles": {
              "0.5": 0.0,
              "0.9": 0.015812500000000007,
              "0.95": 0.02444444444444438,
              "0.99": 0.04620208333333328,
              "1.0": 0.12277777777777787
            }
          }
        },
        "3": {
          "lower_m3s": 1.4956944444444444,
          "upper_m3s": 2.1131944444444444,
          "metrics": {
            "n": 2190,
            "NSE": 0.9935079759947789,
            "KGE2009": 0.9965553431532532,
            "R2": 0.9936846978006536,
            "r": 0.9968373477155907,
            "alpha": 0.9995350680039452,
            "beta": 1.001283405453785,
            "bias_percent": 0.12834054537849138,
            "RMSE": 0.014234917516104827,
            "MAE": 0.005651220826991373,
            "max_abs_difference": 0.3127222222222221,
            "reference_mean": 1.7919020072298324,
            "comparison_mean": 1.7942017440385591,
            "positive_reference_n": 2190,
            "percent_change_min": -19.734085909357823,
            "percent_change_max": 4.3642020483778845,
            "records_above_1_percent": 190,
            "absolute_difference_quantiles": {
              "0.5": 0.0008333333333334636,
              "0.9": 0.016534722222222152,
              "0.95": 0.023402777777777783,
              "0.99": 0.05632909722222272,
              "1.0": 0.3127222222222221
            }
          }
        },
        "4": {
          "lower_m3s": 2.1131944444444444,
          "upper_m3s": 28.515486111111112,
          "metrics": {
            "n": 2193,
            "NSE": 0.9916446285263552,
            "KGE2009": 0.9585483127378411,
            "R2": 0.993278445403643,
            "r": 0.9966335562299932,
            "alpha": 0.9612836761606209,
            "beta": 0.9855793307510526,
            "bias_percent": -1.442066924894736,
            "RMSE": 0.23248346524169408,
            "MAE": 0.06465279424431271,
            "max_abs_difference": 5.119652777777777,
            "reference_mean": 3.4570373157014744,
            "comparison_mean": 3.4071845239904746,
            "positive_reference_n": 2193,
            "percent_change_min": -29.440106531081657,
            "percent_change_max": 5.331340308918784,
            "records_above_1_percent": 640,
            "absolute_difference_quantiles": {
              "0.5": 0.011388888888888893,
              "0.9": 0.12790277777777773,
              "0.95": 0.27012500000000017,
              "0.99": 0.8962833333333318,
              "1.0": 5.119652777777777
            }
          }
        }
      }
    }
  },
  "legacy17": {
    "totalwatsed_m3s": {
      "n": 8766,
      "NSE": 0.999992117221213,
      "KGE2009": 0.9990087527562701,
      "R2": 0.9999930921030533,
      "r": 0.9999965460455618,
      "alpha": 0.9990148985572199,
      "beta": 0.9998898441293739,
      "bias_percent": -0.011015587062612742,
      "RMSE": 0.004880716869121022,
      "MAE": 0.00019118772616649922,
      "max_abs_difference": 0.32556944443706115,
      "reference_mean": 1.6738382952767923,
      "comparison_mean": 1.6736539121620888,
      "positive_reference_n": 8766,
      "percent_change_min": -1.2794674376557278,
      "percent_change_max": 0.12078591151550373,
      "records_above_1_percent": 2,
      "absolute_difference_quantiles": {
        "0.5": 1.8995915951336428e-13,
        "0.9": 1.2312452168927734e-09,
        "0.95": 1.3942532672839292e-07,
        "0.99": 1.3238880759586257e-05,
        "1.0": 0.32556944443706115
      }
    },
    "channel_m3s": {
      "n": 8766,
      "NSE": 0.9999918220427252,
      "KGE2009": 0.9990059968691632,
      "R2": 0.9999928022924597,
      "r": 0.999996401139754,
      "alpha": 0.9990117551572404,
      "beta": 0.9998932226471705,
      "bias_percent": -0.010677735282949019,
      "RMSE": 0.004931007497358554,
      "MAE": 0.0001959322793875319,
      "max_abs_difference": 0.33173611111111256,
      "reference_mean": 1.67213931865858,
      "comparison_mean": 1.6719607720485716,
      "positive_reference_n": 8766,
      "percent_change_min": -1.3131887918498233,
      "percent_change_max": 0.12211006186909107,
      "records_above_1_percent": 2,
      "absolute_difference_quantiles": {
        "0.5": 0.0,
        "0.9": 0.0,
        "0.95": 0.0,
        "0.99": 0.0002777777777778212,
        "1.0": 0.33173611111111256
      }
    },
    "sampled_peak_m3s": {
      "n": 8766,
      "NSE": 0.9998237897501681,
      "KGE2009": 0.9960513541446354,
      "R2": 0.9998386179680434,
      "r": 0.999919305728239,
      "alpha": 0.9960908567443103,
      "beta": 0.9994487364223089,
      "bias_percent": -0.05512635776910857,
      "RMSE": 0.03373678495893957,
      "MAE": 0.0016703171343828405,
      "max_abs_difference": 1.6000000000000014,
      "reference_mean": 1.9075500342231346,
      "comparison_mean": 1.906498471366644,
      "positive_reference_n": 8766,
      "percent_change_min": -18.38235294117647,
      "percent_change_max": 4.945054945054937,
      "records_above_1_percent": 27,
      "absolute_difference_quantiles": {
        "0.5": 0.0,
        "0.9": 0.0,
        "0.95": 0.0,
        "0.99": 0.0,
        "1.0": 1.6000000000000014
      }
    },
    "channel_600s_m3s": {
      "n": 1262304,
      "NSE": 0.9999671396164423,
      "KGE2009": 0.9986295923196505,
      "R2": 0.9999689730840594,
      "r": 0.9999844864216941,
      "alpha": 0.9986338465912747,
      "beta": 0.9998932226471702,
      "bias_percent": -0.010677735282982326,
      "RMSE": 0.010647799926562514,
      "MAE": 0.0003168144123760996,
      "max_abs_difference": 1.7999999999999972,
      "reference_mean": 1.6721393186585796,
      "comparison_mean": 1.6719607720485705,
      "positive_reference_n": 1262304,
      "percent_change_min": -21.323529411764707,
      "percent_change_max": 9.756097560975618,
      "records_above_1_percent": 533,
      "absolute_difference_quantiles": {
        "0.5": 0.0,
        "0.9": 0.0,
        "0.95": 0.0,
        "0.99": 0.0,
        "1.0": 1.7999999999999972
      }
    },
    "largest_daily_departures": {
      "totalwatsed_m3s": [
        {
          "date": "2003-03-07",
          "baseline": 25.445699894760715,
          "comparison": 25.120130450323654,
          "difference": -0.32556944443706115
        },
        {
          "date": "1990-04-27",
          "baseline": 28.770088780956932,
          "comparison": 28.59461272562011,
          "difference": -0.17547605533682287
        },
        {
          "date": "1982-01-22",
          "baseline": 11.822608737266174,
          "comparison": 11.69086683911803,
          "difference": -0.1317418981481442
        },
        {
          "date": "1995-11-11",
          "baseline": 19.89444856896293,
          "comparison": 19.789015932739485,
          "difference": -0.10543263622344412
        },
        {
          "date": "1981-02-18",
          "baseline": 13.301343929218923,
          "comparison": 13.204249021811519,
          "difference": -0.09709490740740456
        },
        {
          "date": "1984-11-02",
          "baseline": 16.808783039138913,
          "comparison": 16.746030724256116,
          "difference": -0.06275231488279687
        },
        {
          "date": "1997-01-31",
          "baseline": 17.2861298104548,
          "comparison": 17.226518699343035,
          "difference": -0.05961111111176365
        },
        {
          "date": "1996-11-19",
          "baseline": 21.633679014936853,
          "comparison": 21.576744987146313,
          "difference": -0.05693402779053969
        },
        {
          "date": "1999-11-25",
          "baseline": 28.151582986061722,
          "comparison": 28.095048263826435,
          "difference": -0.05653472223528766
        },
        {
          "date": "1997-03-09",
          "baseline": 18.89038962345209,
          "comparison": 18.837956031972784,
          "difference": -0.05243359147930704
        }
      ],
      "channel_m3s": [
        {
          "date": "2003-03-07",
          "baseline": 25.261875,
          "comparison": 24.930138888888887,
          "difference": -0.33173611111111256
        },
        {
          "date": "1990-04-27",
          "baseline": 28.515486111111112,
          "comparison": 28.339375,
          "difference": -0.176111111111112
        },
        {
          "date": "1982-01-22",
          "baseline": 11.711458333333333,
          "comparison": 11.581527777777778,
          "difference": -0.12993055555555522
        },
        {
          "date": "1995-11-11",
          "baseline": 19.860694444444444,
          "comparison": 19.748472222222222,
          "difference": -0.112222222222222
        },
        {
          "date": "1981-02-18",
          "baseline": 13.276527777777778,
          "comparison": 13.179375,
          "difference": -0.09715277777777764
        },
        {
          "date": "1997-01-31",
          "baseline": 17.074930555555557,
          "comparison": 17.01263888888889,
          "difference": -0.062291666666666856
        },
        {
          "date": "1984-11-02",
          "baseline": 16.69673611111111,
          "comparison": 16.635069444444444,
          "difference": -0.061666666666667425
        },
        {
          "date": "1999-11-25",
          "baseline": 27.94798611111111,
          "comparison": 27.891180555555554,
          "difference": -0.056805555555556
        },
        {
          "date": "1996-11-19",
          "baseline": 21.563958333333332,
          "comparison": 21.508541666666666,
          "difference": -0.055416666666666003
        },
        {
          "date": "1995-11-29",
          "baseline": 10.783125,
          "comparison": 10.729791666666667,
          "difference": -0.05333333333333279
        }
      ],
      "sampled_peak_m3s": [
        {
          "date": "1996-04-23",
          "baseline": 20.8,
          "comparison": 19.2,
          "difference": -1.6000000000000014
        },
        {
          "date": "1994-10-31",
          "baseline": 39.3,
          "comparison": 37.8,
          "difference": -1.5
        },
        {
          "date": "1984-02-12",
          "baseline": 11.9,
          "comparison": 10.8,
          "difference": -1.0999999999999996
        },
        {
          "date": "1997-01-31",
          "baseline": 27.1,
          "comparison": 26.3,
          "difference": -0.8000000000000007
        },
        {
          "date": "1995-11-29",
          "baseline": 21.5,
          "comparison": 20.9,
          "difference": -0.6000000000000014
        },
        {
          "date": "1997-01-01",
          "baseline": 30.1,
          "comparison": 29.5,
          "difference": -0.6000000000000014
        },
        {
          "date": "2003-03-07",
          "baseline": 38.1,
          "comparison": 37.5,
          "difference": -0.6000000000000014
        },
        {
          "date": "1996-01-07",
          "baseline": 12.0,
          "comparison": 11.4,
          "difference": -0.5999999999999996
        },
        {
          "date": "1990-04-27",
          "baseline": 44.9,
          "comparison": 44.4,
          "difference": -0.5
        },
        {
          "date": "1982-12-16",
          "baseline": 9.12,
          "comparison": 8.67,
          "difference": -0.4499999999999993
        }
      ]
    },
    "baseline_flow_quartiles": {
      "totalwatsed_m3s": {
        "1": {
          "lower_m3s": 0.036676352512357055,
          "upper_m3s": 0.6452550606583474,
          "metrics": {
            "n": 2192,
            "NSE": 0.999999999989457,
            "KGE2009": 0.9999997862601313,
            "R2": 0.9999999999895604,
            "r": 0.9999999999947802,
            "alpha": 1.0000001753602148,
            "beta": 1.000000122202809,
            "bias_percent": 1.2220280898311842e-05,
            "RMSE": 5.090357540230282e-07,
            "MAE": 4.244724265883734e-08,
            "max_abs_difference": 1.3277546059620171e-05,
            "reference_mean": 0.3467857672575164,
            "comparison_mean": 0.34678580963571126,
            "positive_reference_n": 2192,
            "percent_change_min": -2.550277087913107e-06,
            "percent_change_max": 0.002772162994991776,
            "records_above_1_percent": 0,
            "absolute_difference_quantiles": {
              "0.5": 1.3202439141934974e-11,
              "0.9": 3.3528745890798484e-10,
              "0.95": 7.279325447972997e-10,
              "0.99": 1.0096928771047343e-06,
              "1.0": 1.3277546059620171e-05
            }
          }
        },
        "2": {
          "lower_m3s": 0.6452550606583474,
          "upper_m3s": 1.4967659998192626,
          "metrics": {
            "n": 2191,
            "NSE": 0.9999999999516277,
            "KGE2009": 0.9999998468177888,
            "R2": 0.9999999999520504,
            "r": 0.9999999999760252,
            "alpha": 1.0000000129559794,
            "beta": 1.0000001526333249,
            "bias_percent": 1.526333248680345e-05,
            "RMSE": 1.7876212662338593e-06,
            "MAE": 1.6717584184146981e-07,
            "max_abs_difference": 5.5381254225661536e-05,
            "reference_mean": 1.0941653011144554,
            "comparison_mean": 1.0941654681205433,
            "positive_reference_n": 2191,
            "percent_change_min": -7.882510175425535e-06,
            "percent_change_max": 0.0049630842206097115,
            "records_above_1_percent": 0,
            "absolute_difference_quantiles": {
              "0.5": 2.6645352591003757e-15,
              "0.9": 1.3915946173170823e-10,
              "0.95": 2.438265647164428e-07,
              "0.99": 2.7341023379977647e-06,
              "1.0": 5.5381254225661536e-05
            }
          }
        },
        "3": {
          "lower_m3s": 1.4967659998192626,
          "upper_m3s": 2.1130573639514068,
          "metrics": {
            "n": 2191,
            "NSE": 0.9999999999723584,
            "KGE2009": 0.9999996392527531,
            "R2": 0.9999999999727862,
            "r": 0.9999999999863931,
            "alpha": 0.9999996433088257,
            "beta": 1.0000000539442502,
            "bias_percent": 5.394425017790638e-06,
            "RMSE": 9.259473118998377e-07,
            "MAE": 9.794613668315675e-08,
            "max_abs_difference": 1.5579159510670237e-05,
            "reference_mean": 1.7914593403847967,
            "comparison_mean": 1.7914594370237276,
            "positive_reference_n": 2191,
            "percent_change_min": -4.517729516916299e-05,
            "percent_change_max": 0.0009689621506007438,
            "records_above_1_percent": 0,
            "absolute_difference_quantiles": {
              "0.5": 2.708944180085382e-14,
              "0.9": 2.0535306788360685e-10,
              "0.95": 1.7225133874809728e-08,
              "0.99": 2.5815170307419423e-06,
              "1.0": 1.5579159510670237e-05
            }
          }
        },
        "4": {
          "lower_m3s": 2.1130573639514068,
          "upper_m3s": 28.770088780956932,
          "metrics": {
            "n": 2192,
            "NSE": 0.9999856800830704,
            "KGE2009": 0.9983942212242656,
            "R2": 0.9999882763640261,
            "r": 0.9999941381648325,
            "alpha": 0.998408425684668,
            "beta": 0.9997869687481536,
            "bias_percent": -0.021303125184635174,
            "RMSE": 0.00976032015173853,
            "MAE": 0.0007642690150386298,
            "max_abs_difference": 0.32556944443706115,
            "reference_mean": 3.4627319822276568,
            "comparison_mean": 3.4619943120986743,
            "positive_reference_n": 2192,
            "percent_change_min": -1.2794674376557278,
            "percent_change_max": 0.12078591151550373,
            "records_above_1_percent": 2,
            "absolute_difference_quantiles": {
              "0.5": 6.106226635438361e-13,
              "0.9": 1.1640149959468716e-07,
              "0.95": 3.0889690391333586e-06,
              "0.99": 0.011751759260589691,
              "1.0": 0.32556944443706115
            }
          }
        }
      },
      "channel_m3s": {
        "1": {
          "lower_m3s": 0.03633888888888889,
          "upper_m3s": 0.6439201388888889,
          "metrics": {
            "n": 2192,
            "NSE": 0.9999999931347359,
            "KGE2009": 0.9999973978371877,
            "R2": 0.9999999931441654,
            "r": 0.9999999965720827,
            "alpha": 1.0000024681600337,
            "beta": 1.00000082427277,
            "bias_percent": 8.242727700391583e-05,
            "RMSE": 1.294777082004846e-05,
            "MAE": 3.6147860908362504e-07,
            "max_abs_difference": 0.0006041666666667389,
            "reference_mean": 0.34552994950070964,
            "comparison_mean": 0.34553023431163826,
            "positive_reference_n": 2192,
            "percent_change_min": -0.007812744148255854,
            "percent_change_max": 0.10826955385478242,
            "records_above_1_percent": 0,
            "absolute_difference_quantiles": {
              "0.5": 0.0,
              "0.9": 0.0,
              "0.95": 0.0,
              "0.99": 1.2569444444435963e-06,
              "1.0": 0.0006041666666667389
            }
          }
        },
        "2": {
          "lower_m3s": 0.6439201388888889,
          "upper_m3s": 1.4956944444444444,
          "metrics": {
            "n": 2191,
            "NSE": 0.9999999672093938,
            "KGE2009": 0.9999965496862141,
            "R2": 0.9999999672277256,
            "r": 0.9999999836138627,
            "alpha": 1.000003396120681,
            "beta": 0.9999993910985002,
            "bias_percent": -6.0890149977677055e-05,
            "RMSE": 4.66119095543141e-05,
            "MAE": 1.4960190679037689e-06,
            "max_abs_difference": 0.002152777777777559,
            "reference_mean": 1.0931188447690046,
            "comparison_mean": 1.0931181791673006,
            "positive_reference_n": 2191,
            "percent_change_min": -0.24731937707426646,
            "percent_change_max": 0.025004688379054993,
            "records_above_1_percent": 0,
            "absolute_difference_quantiles": {
              "0.5": 0.0,
              "0.9": 0.0,
              "0.95": 0.0,
              "0.99": 6.944444444489939e-06,
              "1.0": 0.002152777777777559
            }
          }
        },
        "3": {
          "lower_m3s": 1.4956944444444444,
          "upper_m3s": 2.1131944444444444,
          "metrics": {
            "n": 2190,
            "NSE": 0.9999999917455723,
            "KGE2009": 0.9999945240617899,
            "R2": 0.9999999917756346,
            "r": 0.9999999958878173,
            "alpha": 1.0000054759080723,
            "beta": 0.9999999823038359,
            "bias_percent": -1.7696164089642252e-06,
            "RMSE": 1.6051232347334314e-05,
            "MAE": 1.1098427194316298e-06,
            "max_abs_difference": 0.0005555555555556424,
            "reference_mean": 1.7919020072298324,
            "comparison_mean": 1.7919019755200405,
            "positive_reference_n": 2190,
            "percent_change_min": -0.03617290649304237,
            "percent_change_max": 0.010551491277435527,
            "records_above_1_percent": 0,
            "absolute_difference_quantiles": {
              "0.5": 0.0,
              "0.9": 0.0,
              "0.95": 0.0,
              "0.99": 0.0,
              "1.0": 0.0005555555555556424
            }
          }
        },
        "4": {
          "lower_m3s": 2.1131944444444444,
          "upper_m3s": 28.515486111111112,
          "metrics": {
            "n": 2193,
            "NSE": 0.9999849753561963,
            "KGE2009": 0.9983675333805371,
            "R2": 0.9999876563949467,
            "r": 0.9999938281784276,
            "alpha": 0.9983806366539966,
            "beta": 0.999793671315858,
            "bias_percent": -0.02063286841420542,
            "RMSE": 0.009858509996609307,
            "MAE": 0.000780228758169932,
            "max_abs_difference": 0.33173611111111256,
            "reference_mean": 3.4570373157014744,
            "comparison_mean": 3.4563240297410958,
            "positive_reference_n": 2193,
            "percent_change_min": -1.3131887918498233,
            "percent_change_max": 0.12211006186909107,
            "records_above_1_percent": 2,
            "absolute_difference_quantiles": {
              "0.5": 0.0,
              "0.9": 5.5555555555028175e-05,
              "0.95": 0.0001388888888889106,
              "0.99": 0.010919444444444565,
              "1.0": 0.33173611111111256
            }
          }
        }
      }
    }
  }
}
