{"stage":"request","method":"POST","url":"https://wc.bearhive.duckdns.org/rq-engine/api/runs/thespian-cleanness/config/session-token"}
{"stage":"request","method":"POST","url":"https://wc.bearhive.duckdns.org/weppcloud/runs/thespian-cleanness/config/recorder/events"}
{"stage":"request","method":"POST","url":"https://wc.bearhive.duckdns.org/weppcloud/runs/thespian-cleanness/config/recorder/events"}
{"stage":"request","method":"POST","url":"https://wc.bearhive.duckdns.org/weppcloud/runs/thespian-cleanness/config/recorder/events"}
{"stage":"request","method":"POST","url":"https://wc.bearhive.duckdns.org/weppcloud/runs/thespian-cleanness/config/tasks/set_unit_preferences/"}
{"stage":"request","method":"POST","url":"https://wc.bearhive.duckdns.org/weppcloud/runs/thespian-cleanness/config/recorder/events"}
{"stage":"request","method":"POST","url":"https://wc.bearhive.duckdns.org/weppcloud/runs/thespian-cleanness/config/recorder/events"}
{"stage":"request","method":"POST","url":"https://wc.bearhive.duckdns.org/weppcloud/runs/thespian-cleanness/config/recorder/events"}
{"stage":"request","method":"POST","url":"https://wc.bearhive.duckdns.org/weppcloud/runs/thespian-cleanness/config/recorder/events"}
{"stage":"request","method":"POST","url":"https://wc.bearhive.duckdns.org/weppcloud/runs/thespian-cleanness/config/recorder/events"}
{"stage":"request","method":"POST","url":"https://wc.bearhive.duckdns.org/weppcloud/runs/thespian-cleanness/config/recorder/events"}
{"stage":"request","method":"POST","url":"https://wc.bearhive.duckdns.org/weppcloud/runs/thespian-cleanness/config/recorder/events"}
{"stage":"request","method":"POST","url":"https://wc.bearhive.duckdns.org/weppcloud/runs/thespian-cleanness/config/recorder/events"}
{"stage":"request","method":"POST","url":"https://wc.bearhive.duckdns.org/weppcloud/runs/thespian-cleanness/config/recorder/events"}
{"stage":"before","state":{"schema_version":1,"model":"M3","eligible":true,"readonly":false,"unavailable_reason":null,"required":[{"key":"watershed","ready":true,"reason":null,"message":"","control":"#subcatchments-delineation"},{"key":"soils","ready":true,"reason":null,"message":"","control":"#soils"},{"key":"sbs","ready":true,"reason":null,"message":"","control":"#disturbed-sbs"},{"key":"climate","ready":true,"reason":null,"message":"","control":"#climate"}],"noaa_available":true,"frequency_source":"cli","upload_ready":true,"run_ready":true,"upload":null,"run":{"id":"932b890ecffa4f659d438bcf0dad68e5","job_id":"bb219a65-e71a-4c6c-bbaa-40814a8e2aac","phase":"superseded","created_at":"2026-09-17T18:23:07.512160+00:00","error":{"code":"superseded","message":"The operation could not finish. Check the project inputs and job log."},"retryable":true,"filename":null,"model":"M3","frequency_source":"cli"},"dnbr":null,"results":{"id":"f493a714df9d4fbfbfd4370c46ad54f8","model":"M3","completed_at":"2026-09-17T00:57:50.186605+00:00","partial":false,"partial_reason":null,"area_warning":true,"coverage":{"excluded_cells":122168,"fallback_valid_cells":11272,"mask":"valid_mask.tif","policy":"common_valid_v1","primary_valid_cells":134889,"total_cells":268329,"valid_cells":146161,"valid_fraction":0.5447081754115284},"current":false,"files":[{"name":"events.parquet","url":"/rq-engine/api/runs/thespian-cleanness/config/postfire-debris-flow/files/f493a714df9d4fbfbfd4370c46ad54f8/events.parquet"},{"name":"design.parquet","url":"/rq-engine/api/runs/thespian-cleanness/config/postfire-debris-flow/files/f493a714df9d4fbfbfd4370c46ad54f8/design.parquet"},{"name":"inverse.parquet","url":"/rq-engine/api/runs/thespian-cleanness/config/postfire-debris-flow/files/f493a714df9d4fbfbfd4370c46ad54f8/inverse.parquet"},{"name":"valid_mask.tif","url":"/rq-engine/api/runs/thespian-cleanness/config/postfire-debris-flow/files/f493a714df9d4fbfbfd4370c46ad54f8/valid_mask.tif"},{"name":"manifest.json","url":"/rq-engine/api/runs/thespian-cleanness/config/postfire-debris-flow/files/f493a714df9d4fbfbfd4370c46ad54f8/manifest.json"}]},"freshness":"stale"}}
{"stage":"request","method":"POST","url":"https://wc.bearhive.duckdns.org/weppcloud/runs/thespian-cleanness/config/recorder/events"}
{"stage":"page_mutations_settled"}
{"stage":"request","method":"POST","url":"https://wc.bearhive.duckdns.org/rq-engine/api/runs/thespian-cleanness/config/postfire-debris-flow/run"}
{"stage":"submitted","response":{"job_id":"0fd409ce-8e3c-480a-af2c-8a5fd571c7f8","result":{"attempt_id":"0c7899f7ac6f464e80e3f873a4c75fe1"}}}
{"stage":"request","method":"POST","url":"https://wc.bearhive.duckdns.org/weppcloud/runs/thespian-cleanness/config/recorder/events"}
{"stage":"request","method":"POST","url":"https://wc.bearhive.duckdns.org/weppcloud/runs/thespian-cleanness/config/recorder/events"}
{"stage":"request","method":"POST","url":"https://wc.bearhive.duckdns.org/weppcloud/runs/thespian-cleanness/config/recorder/events"}
{"stage":"request","method":"POST","url":"https://wc.bearhive.duckdns.org/weppcloud/runs/thespian-cleanness/config/recorder/events"}
{"stage":"request","method":"POST","url":"https://wc.bearhive.duckdns.org/weppcloud/runs/thespian-cleanness/config/recorder/events"}
{"stage":"request","method":"POST","url":"https://wc.bearhive.duckdns.org/weppcloud/runs/thespian-cleanness/config/recorder/events"}
{"stage":"request","method":"POST","url":"https://wc.bearhive.duckdns.org/weppcloud/runs/thespian-cleanness/config/recorder/events"}
{"stage":"request","method":"POST","url":"https://wc.bearhive.duckdns.org/weppcloud/runs/thespian-cleanness/config/recorder/events"}
{"stage":"request","method":"POST","url":"https://wc.bearhive.duckdns.org/weppcloud/runs/thespian-cleanness/config/recorder/events"}
{"stage":"request","method":"POST","url":"https://wc.bearhive.duckdns.org/weppcloud/runs/thespian-cleanness/config/recorder/events"}
{"stage":"request","method":"POST","url":"https://wc.bearhive.duckdns.org/weppcloud/runs/thespian-cleanness/config/recorder/events"}
{"stage":"request","method":"POST","url":"https://wc.bearhive.duckdns.org/weppcloud/runs/thespian-cleanness/config/recorder/events"}
{"stage":"request","method":"POST","url":"https://wc.bearhive.duckdns.org/weppcloud/runs/thespian-cleanness/config/recorder/events"}
{"stage":"request","method":"POST","url":"https://wc.bearhive.duckdns.org/weppcloud/runs/thespian-cleanness/config/recorder/events"}
{"stage":"request","method":"POST","url":"https://wc.bearhive.duckdns.org/weppcloud/runs/thespian-cleanness/config/recorder/events"}
{"stage":"request","method":"POST","url":"https://wc.bearhive.duckdns.org/weppcloud/runs/thespian-cleanness/config/recorder/events"}
{"stage":"request","method":"POST","url":"https://wc.bearhive.duckdns.org/weppcloud/runs/thespian-cleanness/config/recorder/events"}
{"stage":"request","method":"POST","url":"https://wc.bearhive.duckdns.org/weppcloud/runs/thespian-cleanness/config/recorder/events"}
{"stage":"request","method":"POST","url":"https://wc.bearhive.duckdns.org/weppcloud/runs/thespian-cleanness/config/recorder/events"}
{"stage":"request","method":"POST","url":"https://wc.bearhive.duckdns.org/weppcloud/runs/thespian-cleanness/config/recorder/events"}
{"stage":"request","method":"POST","url":"https://wc.bearhive.duckdns.org/weppcloud/runs/thespian-cleanness/config/recorder/events"}
{"stage":"request","method":"POST","url":"https://wc.bearhive.duckdns.org/weppcloud/runs/thespian-cleanness/config/recorder/events"}
{"stage":"request","method":"POST","url":"https://wc.bearhive.duckdns.org/weppcloud/runs/thespian-cleanness/config/recorder/events"}
{"stage":"request","method":"POST","url":"https://wc.bearhive.duckdns.org/weppcloud/runs/thespian-cleanness/config/recorder/events"}
{"stage":"completed","state":{"schema_version":1,"model":"M3","eligible":true,"readonly":false,"unavailable_reason":null,"required":[{"key":"watershed","ready":true,"reason":null,"message":"","control":"#subcatchments-delineation"},{"key":"soils","ready":true,"reason":null,"message":"","control":"#soils"},{"key":"sbs","ready":true,"reason":null,"message":"","control":"#disturbed-sbs"},{"key":"climate","ready":true,"reason":null,"message":"","control":"#climate"}],"noaa_available":true,"frequency_source":"cli","upload_ready":true,"run_ready":true,"upload":null,"run":{"id":"0c7899f7ac6f464e80e3f873a4c75fe1","job_id":"0fd409ce-8e3c-480a-af2c-8a5fd571c7f8","phase":"complete","created_at":"2026-09-17T18:55:20.905137+00:00","error":null,"retryable":true,"filename":null,"model":"M3","frequency_source":"cli"},"dnbr":null,"results":{"id":"0c7899f7ac6f464e80e3f873a4c75fe1","model":"M3","completed_at":"2026-09-17T18:55:56.302512+00:00","partial":false,"partial_reason":null,"area_warning":true,"coverage":{"excluded_cells":122168,"fallback_valid_cells":11272,"mask":"valid_mask.tif","policy":"common_valid_v1","primary_valid_cells":134889,"total_cells":268329,"valid_cells":146161,"valid_fraction":0.5447081754115284},"current":true,"files":[{"name":"events.parquet","url":"/rq-engine/api/runs/thespian-cleanness/config/postfire-debris-flow/files/0c7899f7ac6f464e80e3f873a4c75fe1/events.parquet"},{"name":"design.parquet","url":"/rq-engine/api/runs/thespian-cleanness/config/postfire-debris-flow/files/0c7899f7ac6f464e80e3f873a4c75fe1/design.parquet"},{"name":"inverse.parquet","url":"/rq-engine/api/runs/thespian-cleanness/config/postfire-debris-flow/files/0c7899f7ac6f464e80e3f873a4c75fe1/inverse.parquet"},{"name":"valid_mask.tif","url":"/rq-engine/api/runs/thespian-cleanness/config/postfire-debris-flow/files/0c7899f7ac6f464e80e3f873a4c75fe1/valid_mask.tif"},{"name":"manifest.json","url":"/rq-engine/api/runs/thespian-cleanness/config/postfire-debris-flow/files/0c7899f7ac6f464e80e3f873a4c75fe1/manifest.json"}]},"freshness":"current"}}
{"stage":"attempt_browse","status":200}
{"stage":"artifact","name":"design.parquet","bytes":3472,"sha256":"d21a5f64c88bc790e1b2bd8fbc43fc6a0dd8b4332cb688096d6a96f479644286"}
{"stage":"artifact","name":"events.parquet","bytes":476092,"sha256":"518a12373188137db3afd3b19ff26b3bf5839221139b76bef90c857750eb0f24"}
{"stage":"artifact","name":"inverse.parquet","bytes":2213,"sha256":"e9cc28b90ce754aa1e1c7c86f866a7f8fcebc659e385d5b0af49bded0fd8f16c"}
{"stage":"artifact","name":"manifest.json","bytes":14351,"sha256":"0df7b1426ac100fd8a14b2dbb2d7f684b615e961dbe8be28e61dd259b74905b3"}
{"stage":"artifact","name":"valid_mask.tif","bytes":42972,"sha256":"cb4007997c6530b0f3c53be61120b344da7b77523994d48b951565a6648ad4c0"}
{"stage":"PASS","mode":"normal","attempt_id":"0c7899f7ac6f464e80e3f873a4c75fe1","job_id":"0fd409ce-8e3c-480a-af2c-8a5fd571c7f8"}
