INFO:wctl2:docker compose exec weppcloud bash -lc cd /workdir/wepppy && PYTHONPATH=/workdir/wepppy MYPY_CACHE_DIR=/tmp/mypy_cache /opt/venv/bin/pytest tests/nodb/mods/test_postfire_debris_flow_freshness.py tests/nodb/mods/test_postfire_debris_flow_production.py tests/nodb/mods/test_postfire_debris_flow_runtime_m3.py -k 'freshness or production or (wepp_hardlink and queued)' --maxfail=1
============================= test session starts ==============================
platform linux -- Python 3.12.14, pytest-9.0.3, pluggy-1.6.0
rootdir: /workdir/wepppy
configfile: pyproject.toml
plugins: reportlog-0.4.0, timeout-2.4.0, cov-7.0.0, libtmux-0.47.0, dash-4.2.0, anyio-4.14.2
collected 169 items / 62 deselected / 107 selected

tests/nodb/mods/test_postfire_debris_flow_freshness.py ................. [ 15%]
............................                                             [ 42%]
tests/nodb/mods/test_postfire_debris_flow_production.py ................ [ 57%]
..................................F

=================================== FAILURES ===================================
__________ test_m3_task_retains_failure_and_preserves_previous_result __________

tmp_path = PosixPath('/tmp/pytest-of-unknown/pytest-11/test_m3_task_retains_failure_a0')
monkeypatch = <_pytest.monkeypatch.MonkeyPatch object at 0x76dc5837cef0>

    def test_m3_task_retains_failure_and_preserves_previous_result(tmp_path, monkeypatch):
        import json
        from wepppy.rq import postfire_debris_flow_rq as worker
        monkeypatch.setattr(preflight, 'notify', lambda wd: None)
        # This tests a prepared run's native failure, not first-use acquisition.
        from wepppy.nodb.mods.postfire_debris_flow.soil_inputs import META
        pointer = tmp_path/META
        pointer.parent.mkdir(parents=True)
        pointer.write_text(json.dumps({'schema_version':1}))
        controller = PostfireDebrisFlow(str(tmp_path), 'disturbed9002_wbt.cfg')
        snapshot = {'inputs': {}, 'dnbr': None, 'frequency': 'cli'}
        attempt = {'id': 'c'*32, 'model': 'M3', 'snapshot': snapshot, 'phase': 'queued',
                   'created_at': p.now(), 'retryable': False, 'job_id': 'test-job'}
        controller.change(lambda state: state.update(run_attempt=attempt, model='M1', frequency_source='noaa'))
        monkeypatch.setattr(p, 'mutable', lambda wd: controller)
        paths = {key:tmp_path/(key+'.tif' if key != 'outlet' else 'outlet.json') for key in ('dem','pointer','mask','outlet','sbs')}
        for path in paths.values(): path.write_bytes(b'controlled worker failure boundary')
        monkeypatch.setattr(p, 'sources', lambda wd, **kw: (True, False, {'watershed':True,'soils':True,'sbs':True,'climate':True,'noaa':False}, paths, {}))
        from wepppy.nodb.mods.postfire_debris_flow import m3_integration
        from wepppy.nodb.mods.postfire_debris_flow.rainfall_io import RainfallError
        def fail_native(*args,**kwargs):
            raise RainfallError('tool_failed','Native terrain failed')
        monkeypatch.setattr(m3_integration,'build_m3_predictors',fail_native)
        monkeypatch.setattr(worker, 'get_wd', lambda runid: str(tmp_path))
        monkeypatch.setattr(worker, 'get_current_job', lambda: None)
        with pytest.raises(RuntimeError, match='tool_failed'):
>           worker.run_m3_rq('test', attempt['id'])

tests/nodb/mods/test_postfire_debris_flow_production.py:597: 
_ _ _ _ _ _ _ _ _ _ _ _ _ _ _ _ _ _ _ _ _ _ _ _ _ _ _ _ _ _ _ _ _ _ _ _ _ _ _ _ 
wepppy/rq/exception_logging.py:57: in wrapper
    return func(*args, **kwargs)
           ^^^^^^^^^^^^^^^^^^^^^
wepppy/rq/postfire_debris_flow_rq.py:73: in run_m3_rq
    return _execute(runid, identity, 'run_attempt', model='M3')
           ^^^^^^^^^^^^^^^^^^^^^^^^^^^^^^^^^^^^^^^^^^^^^^^^^^^^
_ _ _ _ _ _ _ _ _ _ _ _ _ _ _ _ _ _ _ _ _ _ _ _ _ _ _ _ _ _ _ _ _ _ _ _ _ _ _ _ 

runid = 'test', identity = 'cccccccccccccccccccccccccccccccc'
kind = 'run_attempt', model = 'M3'

    def _execute(runid, identity, kind, model='M1'):
        wd = get_wd(runid)
        job = get_current_job()
        if job:
            StatusMessenger.publish(f"{runid}:postfire_debris_flow", f"rq:{job.id} STARTED {kind}({runid})")
        try:
            if kind == 'upload_attempt':
                production.execute_upload(wd, identity)
            elif model == 'M3':
                production.execute_m3(wd, identity)
            else:
                from whitebox_tools import WhiteboxTools
                tool = WhiteboxTools()
                production.execute_model(wd, identity, Path(tool.exe_path)/tool.exe_name)
        except (DnbrError, M1Error, RainfallError, production.WorkflowError) as exc:
            _retain_error(wd, identity)
            code = exc.code
            phase = 'needs_scale' if code == 'ambiguous_encoding' else ('superseded' if code=='superseded' else 'failed')
            message = ('Could not determine the dNBR value scale. Choose the scale used by your map.'
                       if phase=='needs_scale' else 'The operation could not finish. Check the project inputs and job log.')
            if code in ('integration_pending', 'kf_preparation_failed'):
                message = str(exc)
            production.update_attempt(wd,kind,identity,phase=phase,error={'code':code,'message':message},retryable=True)
            logger.exception('Postfire operation failed: %s %s',runid,identity)
>           if phase!='needs_scale':raise RuntimeError(f'Postfire operation failed ({code}). See protected run logs.') from None
                                    ^^^^^^^^^^^^^^^^^^^^^^^^^^^^^^^^^^^^^^^^^^^^^^^^^^^^^^^^^^^^^^^^^^^^^^^^^^^^^^^^^^^^^^^^^^^^
E           RuntimeError: Postfire operation failed (superseded). See protected run logs.

wepppy/rq/postfire_debris_flow_rq.py:50: RuntimeError

During handling of the above exception, another exception occurred:

tmp_path = PosixPath('/tmp/pytest-of-unknown/pytest-11/test_m3_task_retains_failure_a0')
monkeypatch = <_pytest.monkeypatch.MonkeyPatch object at 0x76dc5837cef0>

    def test_m3_task_retains_failure_and_preserves_previous_result(tmp_path, monkeypatch):
        import json
        from wepppy.rq import postfire_debris_flow_rq as worker
        monkeypatch.setattr(preflight, 'notify', lambda wd: None)
        # This tests a prepared run's native failure, not first-use acquisition.
        from wepppy.nodb.mods.postfire_debris_flow.soil_inputs import META
        pointer = tmp_path/META
        pointer.parent.mkdir(parents=True)
        pointer.write_text(json.dumps({'schema_version':1}))
        controller = PostfireDebrisFlow(str(tmp_path), 'disturbed9002_wbt.cfg')
        snapshot = {'inputs': {}, 'dnbr': None, 'frequency': 'cli'}
        attempt = {'id': 'c'*32, 'model': 'M3', 'snapshot': snapshot, 'phase': 'queued',
                   'created_at': p.now(), 'retryable': False, 'job_id': 'test-job'}
        controller.change(lambda state: state.update(run_attempt=attempt, model='M1', frequency_source='noaa'))
        monkeypatch.setattr(p, 'mutable', lambda wd: controller)
        paths = {key:tmp_path/(key+'.tif' if key != 'outlet' else 'outlet.json') for key in ('dem','pointer','mask','outlet','sbs')}
        for path in paths.values(): path.write_bytes(b'controlled worker failure boundary')
        monkeypatch.setattr(p, 'sources', lambda wd, **kw: (True, False, {'watershed':True,'soils':True,'sbs':True,'climate':True,'noaa':False}, paths, {}))
        from wepppy.nodb.mods.postfire_debris_flow import m3_integration
        from wepppy.nodb.mods.postfire_debris_flow.rainfall_io import RainfallError
        def fail_native(*args,**kwargs):
            raise RainfallError('tool_failed','Native terrain failed')
        monkeypatch.setattr(m3_integration,'build_m3_predictors',fail_native)
        monkeypatch.setattr(worker, 'get_wd', lambda runid: str(tmp_path))
        monkeypatch.setattr(worker, 'get_current_job', lambda: None)
>       with pytest.raises(RuntimeError, match='tool_failed'):
             ^^^^^^^^^^^^^^^^^^^^^^^^^^^^^^^^^^^^^^^^^^^^^^^^
E       AssertionError: Regex pattern did not match.
E         Expected regex: 'tool_failed'
E         Actual message: 'Postfire operation failed (superseded). See protected run logs.'

tests/nodb/mods/test_postfire_debris_flow_production.py:596: AssertionError
------------------------------ Captured log call -------------------------------
ERROR    wepppy.rq.postfire_debris_flow_rq:postfire_debris_flow_rq.py:49 Postfire operation failed: test cccccccccccccccccccccccccccccccc
Traceback (most recent call last):
  File "/workdir/wepppy/wepppy/rq/postfire_debris_flow_rq.py", line 35, in _execute
    production.execute_m3(wd, identity)
  File "/workdir/wepppy/wepppy/nodb/mods/postfire_debris_flow/production.py", line 798, in execute_m3
    raise WorkflowError('superseded', 'Required project data changed. Run the model again.', 409)
wepppy.nodb.mods.postfire_debris_flow.production.WorkflowError: Required project data changed. Run the model again.
ERROR    wepppy.rq.exception_logging:exception_logging.py:62 RQ task failed: run_m3_rq (runid=test job_id=None)
Traceback (most recent call last):
  File "/workdir/wepppy/wepppy/rq/exception_logging.py", line 57, in wrapper
    return func(*args, **kwargs)
           ^^^^^^^^^^^^^^^^^^^^^
  File "/workdir/wepppy/wepppy/rq/postfire_debris_flow_rq.py", line 73, in run_m3_rq
    return _execute(runid, identity, 'run_attempt', model='M3')
           ^^^^^^^^^^^^^^^^^^^^^^^^^^^^^^^^^^^^^^^^^^^^^^^^^^^^
  File "/workdir/wepppy/wepppy/rq/postfire_debris_flow_rq.py", line 50, in _execute
    if phase!='needs_scale':raise RuntimeError(f'Postfire operation failed ({code}). See protected run logs.') from None
                            ^^^^^^^^^^^^^^^^^^^^^^^^^^^^^^^^^^^^^^^^^^^^^^^^^^^^^^^^^^^^^^^^^^^^^^^^^^^^^^^^^^^^^^^^^^^^
RuntimeError: Postfire operation failed (superseded). See protected run logs.
=============================== warnings summary ===============================
../../opt/venv/lib/python3.12/site-packages/pytz/tzinfo.py:27
  /opt/venv/lib/python3.12/site-packages/pytz/tzinfo.py:27: DeprecationWarning: datetime.datetime.utcfromtimestamp() is deprecated and scheduled for removal in a future version. Use timezone-aware objects to represent datetimes in UTC: datetime.datetime.fromtimestamp(timestamp, datetime.UTC).
    _epoch = datetime.utcfromtimestamp(0)

../../opt/venv/lib/python3.12/site-packages/pyparsing.py:108
  /opt/venv/lib/python3.12/site-packages/pyparsing.py:108: DeprecationWarning: module 'sre_constants' is deprecated
    import sre_constants

tests/nodb/mods/test_postfire_debris_flow_production.py::test_real_nodb_roundtrip
  /opt/venv/lib/python3.12/site-packages/awesome_codename/data/__init__.py:1: DeprecationWarning: pkg_resources is deprecated as an API. See https://setuptools.pypa.io/en/latest/pkg_resources.html
    from pkg_resources import resource_string

tests/nodb/mods/test_postfire_debris_flow_production.py::test_real_nodb_roundtrip
  /opt/venv/lib/python3.12/site-packages/passlib/utils/__init__.py:854: DeprecationWarning: 'crypt' is deprecated and slated for removal in Python 3.13
    from crypt import crypt as _crypt

tests/nodb/mods/test_postfire_debris_flow_production.py::test_real_nodb_roundtrip
  /opt/venv/lib/python3.12/site-packages/flask_security/core.py:1426: DeprecationWarning: The ConfirmRegisterForm and the confirm_register_form option are deprecated as of version 5.6.0 and will be removed in a future release.
    self.init_app(app, datastore, register_blueprint=register_blueprint)

tests/nodb/mods/test_postfire_debris_flow_production.py::test_real_nodb_roundtrip
  /opt/venv/lib/python3.12/site-packages/flask_security/core.py:1426: DeprecationWarning: The RegisterForm is deprecated as of version 5.6.0 and will be removed in a future release. The form RegisterFormV2 should be sub-classed instead.
    self.init_app(app, datastore, register_blueprint=register_blueprint)

tests/nodb/mods/test_postfire_debris_flow_production.py::test_real_nodb_roundtrip
tests/nodb/mods/test_postfire_debris_flow_production.py::test_real_nodb_roundtrip
  /opt/venv/lib/python3.12/site-packages/starlette/applications.py:239: DeprecationWarning: The `middleware` decorator is deprecated, and will be removed in version 1.0.0. Refer to https://starlette.dev/middleware/#using-middleware for recommended approach.
    warnings.warn(

tests/nodb/mods/test_postfire_debris_flow_production.py::test_upload_and_model_real_artifacts
tests/nodb/mods/test_postfire_debris_flow_production.py::test_upload_and_model_real_artifacts
tests/nodb/mods/test_postfire_debris_flow_production.py::test_upload_and_model_real_artifacts
tests/nodb/mods/test_postfire_debris_flow_production.py::test_upload_and_model_real_artifacts
tests/nodb/mods/test_postfire_debris_flow_production.py::test_upload_and_model_real_artifacts
tests/nodb/mods/test_postfire_debris_flow_production.py::test_upload_and_model_real_artifacts
tests/nodb/mods/test_postfire_debris_flow_production.py::test_upload_and_model_real_artifacts
tests/nodb/mods/test_postfire_debris_flow_production.py::test_upload_and_model_real_artifacts
tests/nodb/mods/test_postfire_debris_flow_production.py::test_upload_and_model_real_artifacts
  /usr/local/lib/python3.12/multiprocessing/popen_fork.py:66: DeprecationWarning: This process (pid=69913) is multi-threaded, use of fork() may lead to deadlocks in the child.
    self.pid = os.fork()

tests/nodb/mods/test_postfire_debris_flow_production.py::test_upload_rejects_mutation_and_preserves_accepted[dem_mask_after_auto]
  /opt/venv/lib/python3.12/site-packages/rasterio/__init__.py:304: NotGeoreferencedWarning: Dataset has no geotransform, gcps, or rpcs. The identity matrix will be returned.
    dataset = DatasetReader(path, driver=driver, sharing=sharing, **kwargs)

tests/nodb/mods/test_postfire_debris_flow_production.py::test_m3_task_retains_failure_and_preserves_previous_result
  /workdir/wepppy/wepppy/rq/exception_logging.py:35: DeprecationWarning: datetime.datetime.utcnow() is deprecated and scheduled for removal in a future version. Use timezone-aware objects to represent datetimes in UTC: datetime.datetime.now(datetime.UTC).
    timestamp = datetime.utcnow().isoformat() + "Z"

-- Docs: https://docs.pytest.org/en/stable/how-to/capture-warnings.html
=========================== short test summary info ============================
FAILED tests/nodb/mods/test_postfire_debris_flow_production.py::test_m3_task_retains_failure_and_preserves_previous_result
!!!!!!!!!!!!!!!!!!!!!!!!!! stopping after 1 failures !!!!!!!!!!!!!!!!!!!!!!!!!!!
========== 1 failed, 95 passed, 62 deselected, 19 warnings in 33.69s ===========
