INFO:wctl2:docker compose exec weppcloud bash -lc cd /workdir/wepppy && PYTHONPATH=/workdir/wepppy MYPY_CACHE_DIR=/tmp/mypy_cache /opt/venv/bin/pytest tests/nodb/test_climate_build_helpers.py -k 'normalizes_over_toa_source or preserves_source_and_normalizes'
============================= test session starts ==============================
platform linux -- Python 3.12.14, pytest-9.0.3, pluggy-1.6.0
rootdir: /workdir/wepppy
configfile: pyproject.toml
plugins: reportlog-0.4.0, timeout-2.4.0, cov-7.0.0, libtmux-0.47.0, dash-4.2.0, anyio-4.14.2
collected 38 items / 35 deselected / 3 selected

tests/nodb/test_climate_build_helpers.py FFF                             [100%]

=================================== FAILURES ===================================
_ test_build_observed_daymet_normalizes_over_toa_source_before_cli_publication _

tmp_path = PosixPath('/tmp/pytest-of-unknown/pytest-15/test_build_observed_daymet_nor0')
monkeypatch = <_pytest.monkeypatch.MonkeyPatch object at 0x7b4fe5905cd0>

    def test_build_observed_daymet_normalizes_over_toa_source_before_cli_publication(
        tmp_path: Path,
        monkeypatch: pytest.MonkeyPatch,
    ) -> None:
        df = pd.DataFrame(
            {
                "prcp(mm/day)": [15.24, 2.54],
                "tmax(degc)": [0.0, 1.0],
                "tmin(degc)": [-6.0, -5.0],
                "srad(l/day)": [300.0, 486.0],
                "tdew(degc)": [-7.0, -6.0],
            },
            index=pd.to_datetime(["1990-02-17", "1990-02-18"]),
        )
    
        import wepppy.climates.daymet as daymet_module
    
        monkeypatch.setattr(
            daymet_module,
            "retrieve_historical_timeseries",
            lambda *_args, **_kwargs: df,
        )
    
        original = df.copy(deep=True)
        helper_module.build_observed_daymet(
            _ObservedDaymetCligenStub(tmp_path),
            -111.12,
            43.73,
            1990,
            1990,
            str(tmp_path),
            "ws.prn",
            "wepp.cli",
            gridmet_wind=False,
        )
    
        cli = helper_module.ClimateFile(str(tmp_path / "wepp.cli")).as_dataframe()
        assert cli.loc[cli["da"] == 17, "rad"].iloc[0] == pytest.approx(300.0)
        assert cli.loc[cli["da"] == 18, "rad"].iloc[0] == pytest.approx(453.0)
    
        exported = pd.read_parquet(tmp_path / "daymet_1990-1990.parquet")
>       pd.testing.assert_frame_equal(exported, original)
E       AssertionError: DataFrame are different
E       
E       DataFrame shape mismatch
E       [left]:  (2, 11)
E       [right]: (2, 5)

tests/nodb/test_climate_build_helpers.py:453: AssertionError
_ test_build_observed_daymet_interpolated_preserves_source_and_normalizes_cli[False] _

tmp_path = PosixPath('/tmp/pytest-of-unknown/pytest-15/test_build_observed_daymet_int0')
legacy = False

    @pytest.mark.parametrize("legacy", [False, True])
    def test_build_observed_daymet_interpolated_preserves_source_and_normalizes_cli(
        tmp_path: Path, legacy: bool,
    ) -> None:
        df = pd.DataFrame(
            {
                "srad(l/day)": [300.0, 486.0],
                "tdew(degc)": [-7.0, -6.0],
            },
            index=pd.to_datetime(["1990-02-17", "1990-02-18"]),
        )
        if legacy:
            df["srad_source(l/day)"] = df["srad(l/day)"]
            df["srad(l/day)"] = [300.0, 453.0]
        source_path = tmp_path / "daymet_observed_p1_1990-1990.parquet"
        df.to_parquet(source_path)
        source_bytes = source_path.read_bytes()
    
        topaz_id, bypassed = helper_module.build_observed_daymet_interpolated(
            _ObservedDaymetCligenStub(tmp_path),
            "p1",
            -111.12,
            43.73,
            1990,
            1990,
            str(tmp_path),
            "wepp.cli",
            "ws.prn",
        )
    
        assert topaz_id == "p1"
        assert bypassed is False
        cli = helper_module.ClimateFile(str(tmp_path / "wepp.cli")).as_dataframe()
        assert cli.loc[cli["da"] == 17, "rad"].iloc[0] == pytest.approx(300.0)
        assert cli.loc[cli["da"] == 18, "rad"].iloc[0] == pytest.approx(453.0)
    
        exported = pd.read_parquet(source_path)
>       pd.testing.assert_frame_equal(exported, df)
E       AssertionError: DataFrame are different
E       
E       DataFrame shape mismatch
E       [left]:  (2, 8)
E       [right]: (2, 2)

tests/nodb/test_climate_build_helpers.py:500: AssertionError
_ test_build_observed_daymet_interpolated_preserves_source_and_normalizes_cli[True] _

tmp_path = PosixPath('/tmp/pytest-of-unknown/pytest-15/test_build_observed_daymet_int1')
legacy = True

    @pytest.mark.parametrize("legacy", [False, True])
    def test_build_observed_daymet_interpolated_preserves_source_and_normalizes_cli(
        tmp_path: Path, legacy: bool,
    ) -> None:
        df = pd.DataFrame(
            {
                "srad(l/day)": [300.0, 486.0],
                "tdew(degc)": [-7.0, -6.0],
            },
            index=pd.to_datetime(["1990-02-17", "1990-02-18"]),
        )
        if legacy:
            df["srad_source(l/day)"] = df["srad(l/day)"]
            df["srad(l/day)"] = [300.0, 453.0]
        source_path = tmp_path / "daymet_observed_p1_1990-1990.parquet"
        df.to_parquet(source_path)
        source_bytes = source_path.read_bytes()
    
        topaz_id, bypassed = helper_module.build_observed_daymet_interpolated(
            _ObservedDaymetCligenStub(tmp_path),
            "p1",
            -111.12,
            43.73,
            1990,
            1990,
            str(tmp_path),
            "wepp.cli",
            "ws.prn",
        )
    
        assert topaz_id == "p1"
        assert bypassed is False
        cli = helper_module.ClimateFile(str(tmp_path / "wepp.cli")).as_dataframe()
        assert cli.loc[cli["da"] == 17, "rad"].iloc[0] == pytest.approx(300.0)
        assert cli.loc[cli["da"] == 18, "rad"].iloc[0] == pytest.approx(453.0)
    
        exported = pd.read_parquet(source_path)
>       pd.testing.assert_frame_equal(exported, df)
E       AssertionError: DataFrame are different
E       
E       DataFrame shape mismatch
E       [left]:  (2, 8)
E       [right]: (2, 3)

tests/nodb/test_climate_build_helpers.py:500: AssertionError
=============================== warnings summary ===============================
../../opt/venv/lib/python3.12/site-packages/pytz/tzinfo.py:27
  /opt/venv/lib/python3.12/site-packages/pytz/tzinfo.py:27: DeprecationWarning: datetime.datetime.utcfromtimestamp() is deprecated and scheduled for removal in a future version. Use timezone-aware objects to represent datetimes in UTC: datetime.datetime.fromtimestamp(timestamp, datetime.UTC).
    _epoch = datetime.utcfromtimestamp(0)

../../opt/venv/lib/python3.12/site-packages/pyparsing.py:108
  /opt/venv/lib/python3.12/site-packages/pyparsing.py:108: DeprecationWarning: module 'sre_constants' is deprecated
    import sre_constants

-- Docs: https://docs.pytest.org/en/stable/how-to/capture-warnings.html
=========================== short test summary info ============================
FAILED tests/nodb/test_climate_build_helpers.py::test_build_observed_daymet_normalizes_over_toa_source_before_cli_publication
FAILED tests/nodb/test_climate_build_helpers.py::test_build_observed_daymet_interpolated_preserves_source_and_normalizes_cli[False]
FAILED tests/nodb/test_climate_build_helpers.py::test_build_observed_daymet_interpolated_preserves_source_and_normalizes_cli[True]
================= 3 failed, 35 deselected, 2 warnings in 9.14s =================
