INFO:wctl2:docker compose exec weppcloud bash -lc cd /workdir/wepppy && PYTHONPATH=/workdir/wepppy MYPY_CACHE_DIR=/tmp/mypy_cache /opt/venv/bin/pytest tests/wepp/management tests/nodb/test_mofe_scenario_artifacts.py tests/rq/test_project_rq_archive.py --maxfail=1
============================= test session starts ==============================
platform linux -- Python 3.12.14, pytest-9.0.3, pluggy-1.6.0
rootdir: /workdir/wepppy
configfile: pyproject.toml
plugins: reportlog-0.4.0, timeout-2.4.0, cov-7.0.0, libtmux-0.47.0, dash-4.2.0, anyio-4.14.2
collected 188 items

tests/wepp/management/test_management_map_loading.py .....               [  2%]
tests/wepp/management/test_management_setitem_types.py ....              [  4%]
tests/wepp/management/test_multiple_ofe.py .......                       [  8%]
tests/wepp/management/test_rotation_stack.py ........                    [ 12%]
tests/wepp/management/test_thinning_variants.py ........................ [ 25%]
........................                                                 [ 38%]
tests/nodb/test_mofe_scenario_artifacts.py ............................. [ 53%]
.....................................................                    [ 81%]
tests/rq/test_project_rq_archive.py ..................................   [100%]

=============================== warnings summary ===============================
../../opt/venv/lib/python3.12/site-packages/pytz/tzinfo.py:27
  /opt/venv/lib/python3.12/site-packages/pytz/tzinfo.py:27: DeprecationWarning: datetime.datetime.utcfromtimestamp() is deprecated and scheduled for removal in a future version. Use timezone-aware objects to represent datetimes in UTC: datetime.datetime.fromtimestamp(timestamp, datetime.UTC).
    _epoch = datetime.utcfromtimestamp(0)

../../opt/venv/lib/python3.12/site-packages/pyparsing.py:108
  /opt/venv/lib/python3.12/site-packages/pyparsing.py:108: DeprecationWarning: module 'sre_constants' is deprecated
    import sre_constants

tests/nodb/test_mofe_scenario_artifacts.py::test_real_sbs_classification_reaches_management_files
  /workdir/wepppy/tests/nodb/test_mofe_scenario_artifacts.py:300: DeprecationWarning: Call to deprecated method build_lcgrid. (Use wepppyo3 instead)
    assert sbs.build_lcgrid(watershed.subwta, watershed.mofe_map)['101'] == {

tests/nodb/test_mofe_scenario_artifacts.py::test_real_sbs_classification_reaches_management_files
  /workdir/wepppy/wepppy/nodb/core/landuse.py:1489: DeprecationWarning: Call to deprecated method build_lcgrid. (Use wepppyo3 instead)
    sbs_lc_d = sbs.build_lcgrid(watershed.subwta, watershed.mofe_map)

tests/nodb/test_mofe_scenario_artifacts.py::test_global_mapping_writes_files_before_completion[True]
tests/rq/test_project_rq_archive.py::test_archive_rq_fails_fast_when_nodb_files_are_locked
tests/rq/test_project_rq_archive.py::test_archive_rq_checks_disk_headroom_before_writing_archive
tests/rq/test_project_rq_archive.py::test_restore_archive_rq_validates_zip_integrity_before_removing_existing_files
tests/rq/test_project_rq_archive.py::test_restore_archive_rq_rechecks_locks_before_removing_existing_files
tests/rq/test_project_rq_archive.py::test_restore_archive_rq_checks_disk_headroom_before_removing_existing_files
tests/rq/test_project_rq_archive.py::test_restore_archive_rq_fails_when_nodb_cache_clear_fails
tests/rq/test_project_rq_archive.py::test_conflicting_directory_modes_reject_before_cleanup
  /workdir/wepppy/wepppy/rq/exception_logging.py:35: DeprecationWarning: datetime.datetime.utcnow() is deprecated and scheduled for removal in a future version. Use timezone-aware objects to represent datetimes in UTC: datetime.datetime.now(datetime.UTC).
    timestamp = datetime.utcnow().isoformat() + "Z"

tests/rq/test_project_rq_archive.py: 19 warnings
  /workdir/wepppy/wepppy/rq/project_rq_archive.py:300: DeprecationWarning: datetime.datetime.utcnow() is deprecated and scheduled for removal in a future version. Use timezone-aware objects to represent datetimes in UTC: datetime.datetime.now(datetime.UTC).
    timestamp = datetime.utcnow().strftime("%Y%m%dT%H%M%SZ")

-- Docs: https://docs.pytest.org/en/stable/how-to/capture-warnings.html
====================== 188 passed, 31 warnings in 24.72s =======================
