PASS ../controllers_js/__tests__/bootstrap_control.test.js
PASS ../controllers_js/__tests__/rap_ts.test.js
PASS ../controllers_js/__tests__/controllers_gl_stale_check.test.js
PASS ../controllers_js/__tests__/observed.test.js
PASS ../controllers_js/__tests__/diagnostics_core_page.test.js
PASS ../controllers_js/__tests__/run_migration_status_inline.test.js
PASS ../controllers_js/__tests__/roads_gl.test.js
PASS ../controllers_js/__tests__/rhem.test.js
PASS ../controllers_js/__tests__/treatments.test.js
PASS ../controllers_js/__tests__/subcatchment_delineation.test.js
PASS ../controllers_js/__tests__/debris_flow.test.js
PASS ../static/js/gl-dashboard/__tests__/renderer-open-state.test.js
PASS ../controllers_js/__tests__/soil.test.js
PASS ../controllers_js/__tests__/run_sync_dashboard.test.js
PASS ../controllers_js/__tests__/runs_catalog_inline.test.js
PASS ../controllers_js/__tests__/outlet_gl.test.js
PASS ../controllers_js/__tests__/rangeland_cover_modify_gl.test.js
PASS ../controllers_js/__tests__/project_config_update.test.js
PASS ../controllers_js/__tests__/team.test.js
PASS ../controllers_js/__tests__/forms.test.js
PASS ../controllers_js/__tests__/http.test.js
PASS ../controllers_js/__tests__/rusle.test.js
PASS ../controllers_js/__tests__/rq_job_dashboard_inline.test.js
PASS ../controllers_js/__tests__/recorder_interceptor.test.js
PASS ../controllers_js/__tests__/disturbed.test.js
PASS ../static/js/storm-event-analyzer/__tests__/hyetograph-chart.test.js
PASS ../controllers_js/__tests__/roads.test.js
PASS ../controllers_js/__tests__/command_bar.test.js
PASS ../controllers_js/__tests__/landuse_modify_gl.test.js
PASS ../controllers_js/__tests__/control_base.test.js
PASS ../controllers_js/__tests__/table_overflow_accessibility.test.js
PASS ../controllers_js/__tests__/interfaces_captcha.test.js
PASS ../controllers_js/__tests__/rangeland_cover.test.js
PASS ../controllers_js/__tests__/ash.test.js
PASS ../static/js/gl-dashboard/__tests__/detector-rusle-raster.test.js
PASS ../controllers_js/__tests__/openet_ts.test.js
PASS ../controllers_js/__tests__/dss_export.test.js
PASS ../controllers_js/__tests__/baer.test.js
PASS ../static/js/gl-dashboard/__tests__/label-styling.test.js
PASS ../controllers_js/__tests__/sbs_error.test.js
PASS ../controllers_js/__tests__/shared_ui_contracts.test.js
PASS ../controllers_js/__tests__/user_profile_inline.test.js
PASS ../controllers_js/__tests__/subcatchments_gl.test.js
PASS ../controllers_js/__tests__/deval_loading_inline.test.js
PASS ../static/js/gl-dashboard/__tests__/batch-readiness.test.js
PASS ../controllers_js/__tests__/diagnostics_realtime.test.js
PASS ../controllers_js/__tests__/bootstrap_observability.test.js
PASS ../controllers_js/__tests__/session_heartbeat.test.js
PASS ../controllers_js/__tests__/channel_delineation.test.js
PASS ../controllers_js/__tests__/poweruser_panel_inline.test.js
PASS ../controllers_js/__tests__/user_preferences.test.js
PASS ../static/js/storm-event-analyzer/__tests__/event-table.test.js
PASS ../controllers_js/__tests__/sorttable.test.js
PASS ../static/js/storm-event-analyzer/__tests__/hydrology-summary.test.js
PASS ../static/js/storm-event-analyzer/__tests__/event-data.test.js
PASS ../controllers_js/__tests__/usermod_inline.test.js
PASS ../controllers_js/__tests__/diagnostics_bandwidth.test.js
PASS ../controllers_js/__tests__/csrf_bootstrap.test.js
PASS ../controllers_js/__tests__/landuse_user_defined_catalog_inline.test.js
PASS ../static/js/gl-dashboard/__tests__/batch-keys.test.js
PASS ../controllers_js/__tests__/edit_csv_inline.test.js
PASS ../controllers_js/__tests__/ermit_export_inline.test.js
PASS ../controllers_js/__tests__/landuse.test.js
PASS ../static/js/gl-dashboard/__tests__/detector-wepp-event.test.js
PASS ../static/js/storm-event-analyzer/__tests__/frequency-table.test.js
PASS ../static/js/gl-dashboard/__tests__/timeseries-graph-highlight.test.js
PASS ../static/js/gl-dashboard/__tests__/detector-d8.test.js
PASS ../static/js/storm-event-analyzer/__tests__/state.test.js
PASS ../static/js/gl-dashboard/__tests__/scenario-manager.test.js
PASS ../controllers_js/__tests__/landuse_map_inline.test.js
PASS ../controllers_js/__tests__/utils_url_for_run.test.js
PASS ../static/js/gl-dashboard/__tests__/layers-orchestrator.test.js
PASS ../controllers_js/__tests__/runs_lifecycle_template.test.js
PASS ../controllers_js/__tests__/gl_dashboard_colors.test.js
PASS ../static/js/gl-dashboard/__tests__/wepp-data.test.js
PASS ../controllers_js/__tests__/security_auth_inline.test.js
PASS ../controllers_js/__tests__/postfire_preflight.test.js
PASS ../static/js/gl-dashboard/__tests__/batch-detector.test.js
PASS ../static/js/gl-dashboard/__tests__/sbs-color-shift-tooltip.test.js
PASS ../controllers_js/__tests__/readme_editor_inline.test.js
PASS ../static/js/storm-event-analyzer/__tests__/frequency-data.test.js
PASS ../controllers_js/__tests__/omni_contrasts_gl.test.js
PASS ../static/js/gl-dashboard/__tests__/query-engine.test.js
PASS ../controllers_js/__tests__/events.test.js
PASS ../static/js/storm-event-analyzer/__tests__/hyetograph-data.test.js
PASS ../controllers_js/__tests__/bootstrap.test.js
PASS ../controllers_js/__tests__/config_builder.test.js
PASS ../controllers_js/__tests__/dom.test.js
PASS ../static/js/gl-dashboard/__tests__/colors.test.js
PASS ../controllers_js/__tests__/utils_labels.test.js
PASS ../controllers_js/__tests__/path_ce.test.js
PASS ../static/js/gl-dashboard/__tests__/detector-siteprefix.test.js
PASS ../controllers_js/__tests__/diagnostics_report.test.js
PASS ../static/js/gl-dashboard/__tests__/state.test.js
PASS ../controllers_js/__tests__/copytext.test.js
PASS ../static/js/gl-dashboard/__tests__/batch-tooltips.test.js
PASS ../controllers_js/__tests__/geneva.test.js
PASS ../controllers_js/__tests__/cap_gate_inline.test.js
PASS ../static/js/gl-dashboard/__tests__/raster-utils-nodata.test.js
PASS ../controllers_js/__tests__/batch_runner.test.js
PASS ../controllers_js/__tests__/channel_gl.test.js
PASS ../controllers_js/__tests__/wepp.test.js
PASS ../controllers_js/__tests__/geneva_summary_report.test.js
PASS ../controllers_js/__tests__/climate.test.js
PASS ../controllers_js/__tests__/console_smoke.test.js
PASS ../controllers_js/__tests__/postfire_debris_flow.test.js
PASS ../controllers_js/__tests__/project.test.js
PASS ../controllers_js/__tests__/omni.test.js
PASS ../controllers_js/__tests__/ag_fields.test.js
PASS ../controllers_js/__tests__/map_gl.test.js
PASS ../controllers_js/__tests__/postfire_report.test.js
PASS ../controllers_js/__tests__/features_export.test.js (5.758 s)
Test Suites: 112 passed, 112 total
Tests:       911 passed, 911 total
Snapshots:   0 total
Time:        7.423 s
Ran all test suites.
