 ***** BEGINNING PROGRAM DEDNM.
 ***** BEGINNING INITIALIZATION AND INPUT OF CONTROL DATA FROM FILE DNMCNT.INP.
 *** BEGINNING SBRT CHKKND.
 *** ENDING SBRT CHKKND.
 *** BEGINNING SBRT RUNOPT.
    *** BEGINNING SUBROUTINE CHKFIL.
 *** ENDING SBRT RUNOPT.
 *** BEGINNING SBRT HEADER.

 TOPAZ SOFTWARE : TOPAZ PARAMETERIZATION SOFTWARE SYSTEM                       
                  VERSION 3.12, AUGUST 1999                                    
 PROGRAM DEDNM : DIGITAL ELEVATION DRAINAGE NETWORK MODEL PROGRAM              
                 VERSION 3.10, APRIL 1999                                      

 J. GARBRECHT, USDA-ARS, EL RENO, OKLAHOMA, USA.                               
 L. MARTZ, UNIVERSITY OF SASKATCHEWAN, SASKATOON, CANADA.                      


 DISCLAIMER

 THIS PROGRAM AND ITS SUBROUTINES ARE ACCEPTED AND USED BY THE RECIPIENT UPON
 THE EXPRESS UNDERSTANDING THAT THE DEVELOPERS MAKE NO WARRANTIES, EXPRESSED
 OR IMPLIED, CONCERNING THE ACCURACY, COMPLETENESS, RELIABILITY OR
 SUITABILITY FOR ANY ONE PURPOSE, AND THAT THE DEVELOPERS SHALL BE UNDER NO
 LIABILITY TO ANY PERSON BY REASON OF ANY USE MADE THEREOF.

 THE SUBROUTINES IN THIS PROGRAM CANNOT BE LIFTED, EXTRACTED OR TRANSFERRED
 OUT OF THIS PROGRAM FOR USE WITH OTHER PROGRAMS OR OTHER PURPOSES BECAUSE
 INPUT VARIABLES INTO SUBROUTINES MUST HAVE BEEN PROCESSED AND ASSIGNED
 SPECIFIC VALUES BY PRECEDING SUBROUTINES THAT REFLECT PROGRAM, CODE AND
 TERRAIN SPECIFIC PARTICULARITIES.  THE USE OF A SUBROUTINE FOR OTHER PURPOSES
 THAN IN THIS PROGRAM MAY PRODUCE, AT BEST, INEXECUTABLE CODE, OR, AT WORST,
 ERRONEOUS RESULTS THAT GO UNRECOGNIZED.

 THE AUTHORS AND DEVELOPERS OF THIS PROGRAM AND ITS SUBROUTINES SHALL BE
 ACKNOWLEDGED WHEN THE CODE, THE MODEL AND/OR THE NUMERICAL SOLUTION
 TECHNIQUES USED HEREIN ARE DIRECTLY APPLIED IN CONJUNCTION WITH ANOTHER
 CODE, OR DESCRIBED AND/OR REFERRED TO IN A PUBLICATION OR PRESENTATION.

 *** ENDING SBRT HEADER.
 *** BEGINNING SBRT IOINIT.
 *** ENDING SBRT IOINIT.
 *** BEGINNING SBRT INITIL.
 *** ENDING SBRT INITIL.
 *** BEGINNING SBRT INCNT.
 *** ENDING SBRT INCNT.

  TITLE OF THE CURRENT TOPAZ APPLICATION:

  DATE: 23 AUGUST 1999     WEPP WEB INTERFACE   DEDNM VERSION 3.1              
  APPLICATION FOR TESTING AND VERIFICATION WEPP WEB GIS; INPUT FILE            
  TESTING AND CALIBRATION.                                                     

 ***** BEGINNING DEM INPUT AND DEM PRE-PROCESSING.
 === ALLOCATING IEL ARRAY.
 *** BEGINNING SBRT INDEM.
     FINAL NUMBER OF ROWS AND COLUMNS OF THE RASTER ARRAYS:
               ROW =    152   COLUMN =    153
     NOTE: IF AGGREGATION OR RESAMPLING WAS SELECTED THE NUMBERS REPRESENT
                 THE NEW SIZE OF THE AGGREGATED OR RESAMPLED RASTER ARRAYS.
 *** ENDING SBRT INDEM.
 *** BEGINNING SBRT RSTIO.
 *** ENDING SBRT RSTIO.
 === ALLOCATING INDTR ARRAY.
 *** BEGINNING SBRT INDTAR.
 *** ENDING SBRT INDTAR.
 *** BEGINNING SBRT RSTIO.
 *** ENDING SBRT RSTIO.
 ***** BEGINNING DEPRESSION AND FLAT AREA TREATMENT.
 === ALLOCATING IT1A ARRAY.
 === ALLOCATING IT1B ARRAY.
 *** BEGINNING SBRT FILDEP.
 *** ENDING SBRT FILDEP.
 === DEALLOCATING IT1A ARRAY.
 *** BEGINNING SBRT RSTIO.
 *** ENDING SBRT RSTIO.
 === ALLOCATING IT2A ARRAY.
 === ALLOCATING IT3A ARRAY.
 *** BEGINNING SBRT RELIEF.
 *** ENDING SBRT RELIEF.
 === DEALLOCATING IT3A ARRAY.
 === DEALLOCATING IT2A ARRAY.
 === DEALLOCATING IT1B ARRAY.
 *** BEGINNING SBRT RSTIO.
 ***** BEGINNING FLOW VECTOR, FLOW PATH AND DRAINAGE AREA COMPUTATIONS.
 === ALLOCATING IFV ARRAY.
 *** BEGINNING SBRT FLOVEC.
 *** ENDING SBRT FLOVEC.
 === DEALLOCATING IEL ARRAY.
 === DEALLOCATING INDTR ARRAY.
 *** BEGINNING SBRT RSTIO.
 *** ENDING SBRT RSTIO.
 === ALLOCATING IFLP ARRAY.
 *** BEGINNING SBRT FLOPAT.
 *** ENDING SBRT FLOPAT.
 *** BEGINNING SBRT RSTIO.
 *** ENDING SBRT RSTIO.
 === ALLOCATING ICA ARRAY.
 *** BEGINNING SBRT UPAREA.
 *** ENDING SBRT UPAREA.
 === DEALLOCATING IFLP ARRAY.
 *** BEGINNING SBRT RSTIO.
 *** ENDING SBRT RSTIO.
 ***** BEGINNING CHANNEL NETWORK DEFINITION.
 === ALLOCATING ICMCOD ARRAY.
 *** BEGINNING SBRT INPCOD.
 *** ENDING SBRT INPCOD.
 *** BEGINNING SBRT RSTIO.
 *** ENDING SBRT RSTIO.
 === ALLOCATING NTW ARRAY.
 *** BEGINNING SBRT NETFUL.
 *** ENDING SBRT NETFUL.
 *** BEGINNING SBRT PRUNE.
 === ALLOCATING LOCAL JRST, JCST, NORT, TDIST AND VMINLG ARRAYS.
 === DEALLOCATING LOCAL JRST, JCST AND NORT ARRAYS.
 *** ENDING SBRT PRUNE.
 === DEALLOCATING ICMCOD ARRAY.
 *** BEGINNING SBRT RSTIO.
 === ALLOCATING IT1A ARRAY.
 *** BEGINNING SBRT PRUNE1.
 *** ENDING SBRT PRUNE1.
 *** BEGINNING SBRT RSTIO.
 *** ENDING SBRT RSTIO.
 === DEALLOCATING IT1A ARRAY.
 ***** BEGINNING WATERSHED OUTLET AND BOUNDARY DEFINITION.
 === ALLOCATING IT3A ARRAY.
 *** BEGINNING SBRT OUTLET.
 *** ENDING SBRT OUTLET.
 === DEALLOCATING IT3A ARRAY.
 === ALLOCATING BND ARRAY.
 === ALLOCATING INDTR ARRAY.
 *** BEGINNING SBRT RSTIO.
 *** END SBRT RSTIO.
 *** BEGINNING SBRT RSTIO.
 *** END SBRT RSTIO.
 *** BEGINNING SBRT BOUND.
 *** ENDING SBRT BOUND.
 *** BEGINNING SBRT RSTIO.
 *** ENDING SBRT RSTIO.
 === DEALLOCATING INDTR ARRAY.
 *** BEGINNING SBRT MAPBOD.
 *** ENDING SBRT MAPBOD.
 === DEALLOCATING BND ARRAY.
 ***** BEGINNING CHANNEL LINK AND NETWORK NODE COMPUTATIONS.
 === ALLOCATING IEL ARRAY.
 *** BEGINNING SBRT RSTIO.
 *** ENDING SBRT RSTIO.
 === ALLOCATING ALL ARRAYS IN MODULE DTCHA1.
 *** BEGINNING SBRT NETAN.
 *** ENDING SBRT NETAN.
 === DEALLOCATING IEL ARRAY.
 === DEALLOCATING ICA ARRAY.
 === ALLOCATING IT1A ARRAY.
 *** BEGINNING SBRT RSTIO.
 *** ENDING SBRT RSTIO.
 === DEALLOCATING IT1A ARRAY.
 *** BEGINNING SBRT NETNUM.
 *** ENDING SBRT NETNUM.
 *** BEGINNING SBRT OTCHA.
 *** ENDING SBRT OTCHA.
 ***** BEGINNING CATCHMENT COMPUTATIONS.
 === ALLOCATING NSBC ARRAY.
 *** BEGINNING SBRT SUBWT1.
 *** ENDING SBRT SUBWT1.
 === DEALLOCATING NTW ARRAY.
 === ALLOCATING ALL ARRAYS IN MODULE DTCAT1.
 === ALLOCATING IT1A ARRAY.
 *** BEGINNING SBRT SUBWTA.
 *** ENDING SBRT SUBWTA.
 === DEALLOCATING IT1A ARRAY.
 === DEALLOCATING IFV ARRAY.
 *** BEGINNING SBRT RSTIO.
 *** ENDING SBRT RSTIO.
 === DEALLOCATING NSBC ARRAY.
 *** BEGINNING SBRT OTWIN.
 *** ENDING SBRT OTWIN.
 ***** BEGINNING TO WRITE UNFORMATTED FILES.
 *** BEGINNING SBRT IOCHA.
 *** ENDING SBRT IOCHA.
 *** BEGINNING SBRT IOCAT.
 *** ENDING SBRT IOCAT.
 === DE-ALLOCATING ALL ARRAYS IN MODULE DTCHA1.
 === DE-ALLOCATING ALL ARRAYS IN MODULE DTCAT1.
 *** BEGINNING SBRT OTCNT1.
 *** ENDING SBRT OTCNT1.
 ***** ENDING PROGRAM DEDNM.
