 ***** BEGINNING PROGRAM RASPRO.
 ***** INITIALIZING AND READING GENERAL I/O.
 *** BEGINNING SBRT OUTITL.
 TOPAZ SOFTWARE: TOPOGRAPHIC PARAMETERIZATION SOFTWARE SYSTEM                  
                 VERSION 3.12, AUGUST 1999                                     
 PROGRAM RASPRO: RASTER PROCESSING PROGRAM                                     
                 VERSION 3.10, APRIL 1999                                      

 J. GARBRECHT, USDA-ARS, EL RENO, OKLAHOMA, USA.                               
 L. MARTZ, UNIVERSITY OF SASKATCHEWAN, SASKATOON, CANADA.                      
 J. CAMPBELL, USDA-ARS, EL RENO, OKLAHOMA, USA.                                


 DISCLAIMER

 THIS PROGRAM AND ITS SUBROUTINES ARE ACCEPTED AND USED BY THE RECIPIENT UPON
 THE EXPRESS UNDERSTANDING THAT THE DEVELOPERS MAKE NO WARRANTIES, EXPRESSED
 OR IMPLIED, CONCERNING THE ACCURACY, COMPLETENESS, RELIABILITY OR
 SUITABILITY FOR ANY ONE PURPOSE, AND THAT THE DEVELOPERS SHALL BE UNDER NO
 LIABILITY TO ANY PERSON BY REASON OF ANY USE MADE THEREOF.

 THE SUBROUTINES IN THIS PROGRAM CANNOT BE LIFTED, EXTRACTED OR TRANSFERRED
 OUT OF THIS PROGRAM FOR USE WITH OTHER PROGRAMS OR OTHER PURPOSES BECAUSE
 INPUT VARIABLES INTO SUBROUTINES MUST HAVE BEEN PROCESSED AND ASSIGNED
 SPECIFIC VALUES BY PRECEDING SUBROUTINES THAT REFLECT PROGRAM, CODE AND
 TERRAIN SPECIFIC PARTICULARITIES.  THE USE OF A SUBROUTINE FOR OTHER PURPOSES
 THAN IN THIS PROGRAM MAY PRODUCE, AT BEST, INEXECUTABLE CODE, OR, AT WORST,
 ERRONEOUS RESULTS THAT GO UNRECOGNIZED.

 THE AUTHORS AND DEVELOPERS OF THIS PROGRAM AND ITS SUBROUTINES SHALL BE
 ACKNOWLEDGED WHEN THE CODE, THE MODEL AND/OR THE NUMERICAL SOLUTION
 TECHNIQUES USED HEREIN ARE DIRECTLY APPLIED IN CONJUNCTION WITH ANOTHER
 CODE, OR DESCRIBED AND/OR REFERRED TO IN A PUBLICATION OR PRESENTATION.




 TITLE OF CURRENT TOPAZ APPLICATION:

  DATE: 23 AUGUST 1999     WEPP WEB INTERFACE   DEDNM VERSION 3.1              
  APPLICATION FOR TESTING AND VERIFICATION WEPP WEB GIS; INPUT FILE            
  TESTING AND CALIBRATION.                                                     

 *** ENDING SBRT OUTITL.
 *** BEGINNING SBRT PROPTA.
    *** BEGINNING SUBROUTINE CHKFIL.
 *** ENDING SBRT PROPTA.
 *** BEGINNING SBRT IOINIT.
 *** ENDING SBRT IOINIT.
 *** BEGINNING SBRT INPCNT.
 *** ENDING SBRT INPCNT.
 *** BEGINNING SBRT INPBAT.
 *** ENDING SBRT INPBAT.
 *** BEGINNING SBRT INPBAT.
     DEM RASTER PARAMETERS.
        NUMBER OF ROWS AND COLUMNS IN RASTER:    152    153
        SIZE OF A PIXEL SIDE IN METERS:      30.00
        MINIMUM AND MAXIMUM ELEVATION VALUES IN METERS:
              841.4000  1519.2000
        USER PROVIDED INDETERMINATE ELEVATION VALUE:     0.0
        USER PROVIDED INDETERMINATE ELEVATION VALUE IN PROGRAM INTERNAL UNITS:
                    0
        INTERNAL INDETERMINATE ELEVATION VALUE AS ASSIGNED AND USED
        BY THE PROGRAM:   -400000
        STRAHLER ORDER OF THE DRAINAGE NETWORK:   2
     USER OPTIONS
        FOR ALL OF THE FOLLOWING OPTIONS:
          A VALUE OF  1  INDICATES THAT COMPUTATIONS ARE PERFORMED, OR
          A VALUE OF  0  INDICATES THAT COMPUTATIONS ARE NOT PERFORMED.
        WRITE USER INPUT OPTIONS TO RASPRO.RPT: 1
        PROCESSING OF NETWORK AND SUBCATCHMENT DATA: 1
        PROCESSING OF ELEVATION DATA: 1
        PROCESSING OF LOCAL SLOPE AND ASPECT ALTERNATIVES: 1
     PROGRAM EXECUTION STATUS:  1  EXECUTED  0  NOT EXECUTED
        PROGRAM DEDNM:  1
        PROGRAM RASPRO: 0
        PROGRAM RASFOR: 0
        PROGRAM RASBIN: 0
        PROGRAM NSSTAT: 0
 *** ENDING SBRT INPBAT.
 ***** BEGINNING DEPRESSION AND FLAT AREA DEFINITION.
 === ALLOCATING IT1A ARRAY.
 === ALLOCATING IEL ARRAY.
 *** BEGINNING SBRT RSTIO.
 *** ENDING SBRT RSTIO.
 === ALLOCATING IT3A ARRAY.
 *** BEGINNING SBRT RSTIO.
 *** ENDING SBRT RSTIO.
 *** BEGINNING SBRT DEPFLT.
 *** ENDING SBRT DEPFLT.
 *** BEGINNING SBRT RSTIO.
 *** ENDING SBRT RSTIO.
 === DEALLOCATING IT1A ARRAY.
 *** BEGINNING SBRT RSTIO.
 *** ENDING SBRT RSTIO.
 *** BEGINNING SBRT ELVCLA.
 *** ENDING SBRT ELVCLA.
 *** BEGINNING SBRT RSTIO.
 *** ENDING SBRT RSTIO.
 === DEALLOCATING IT3A ARRAY.
 *** BEGINNING SBRT OTELCL.
 *** ENDING SBRT OTELCL.
 === ALLOCATING BND ARRAY.
 *** BEGINNING SBRT RSTIO.
 *** ENDING SBRT RSTIO.
 === ALLOCATING IFV ARRAY.
 *** BEGINNING SBRT RSTIO.
 *** ENDING SBRT RSTIO.
 === ALLOCATING IFLP ARRAY.
 *** BEGINNING SBRT RSTIO.
 *** ENDING SBRT RSTIO.
 === ALLOCATING NTW1 ARRAY.
 *** BEGINNING SBRT RSTIO.
 *** ENDING SBRT RSTIO.
 === ALLOCATING IDPCHA ARRAY.
 === ALLOCATING IDPOUT ARRAY.
 === DEALLOCATING IEL ARRAY.
 === DEALLOCATING BND ARRAY.
 === DEALLOCATING IFLP ARRAY.
 === DEALLOCATING NTW1 ARRAY.
 === DEALLOCATING IFV ARRAY.
 *** BEGINNING SBRT RSTIO.
 *** ENDING SBRT RSTIO.
 === DEALLOCATING IDPCHA ARRAY.
 *** BEGINNING SBRT RSTIO.
 *** ENDING SBRT RSTIO.
 === DEALLOCATING IDPOUT ARRAY.
 ***** BEGINNING LOCAL SLOPE AND ASPECT COMPUTATIONS.
 === ALLOCATING IFV ARRAY.
 *** BEGINNING SBRT RSTIO.
 *** ENDING SBRT RSTIO.
 === ALLOCATING IFVAS ARRAY.
 *** BEGINNING SBRT FVASPE.
 *** ENDING SBRT FVASPE.
 *** BEGINNING SBRT RSTIO.
 *** ENDING SBRT RSTIO.
 === ALLOCATING IEL ARRAY.
 *** BEGINNING SBRT RSTIO.
 *** ENDING SBRT RSTIO.
 === ALLOCATING IFVS ARRAY.
 *** BEGINNING SBRT FVSLOP.
 *** ENDING SBRT FVSLOP.
 *** BEGINNING SBRT RSTIO.
 *** ENDING SBRT RSTIO.
 === ALLOCATING ITAAS ARRAY.
 === ALLOCATING ITASL ARRAY.
 === ALLOCATING Z ARRAY.
 === ALLOCATING INDTR ARRAY.
 *** BEGINNING SBRT RSTIO.
 *** ENDING SBRT RSTIO.
 *** BEGINNING SBRT TAS.
 *** ENDING SBRT TAS.
 === DEALLOCATING Z ARRAY.
 === DEALLOCATING IFVS ARRAY.
 === DEALLOCATING IFVAS ARRAY.
 === DEALLOCATING INDTR ARRAY.
 *** BEGINNING SBRT RSTIO.
 *** ENDING SBRT RSTIO.
 === DEALLOCATING ITASL ARRAY.
 *** BEGINNING SBRT RSTIO.
 *** ENDING SBRT RSTIO.
 === DEALLOCATING ITAAS ARRAY.
 === ALLOCATING ICA ARRAY.
 *** BEGINNING SBRT RSTIO.
 *** ENDING SBRT RSTIO.
 === ALLOCATING IHDS ARRAY.
 *** BEGINNING SBRT HSLOPE.
 *** ENDING SBRT HSLOPE.
 === DEALLOCATING IEL ARRAY.
 === DEALLOCATING ICA ARRAY.
 === DEALLOCATING IFV ARRAY.
 *** BEGINNING SBRT RSTIO.
 *** ENDING SBRT RSTIO.
 === DEALLOCATING IHDS ARRAY.
 ***** BEGINNING NETWORK AND BOUNDARY ENHANCEMENT COMPUTATIONS.
 === ALLOCATING NTW1 ARRAY.
 *** BEGINNING SBRT RSTIO.
 *** ENDING SBRT RSTIO.
 === ALLOCATING NTWE ARRAY.
 *** BEGINNING SBRT NETWE.
 *** ENDING SBRT NETWE.
 === DEALLOCATING NTW1 ARRAY.
 *** BEGINNING SBRT RSTIO.
 *** ENDING SBRT RSTIO.
 === DEALLOCATING NTWE ARRAY.
 === ALLOCATING IT1A ARRAY.
 === ALLOCATING NSBC ARRAY.
 *** BEGINNING SBRT RSTIO.
 *** ENDING SBRT RSTIO.
 *** BEGINNING SBRT SUBBDA.
 *** ENDING SBRT SUBBDA.
 *** BEGINNING SBRT RSTIO.
 *** ENDING SBRT RSTIO.
 === DEALLOCATING IT1A ARRAY.
 === ALLOCATING IT3A ARRAY.
 *** BEGINNING SBRT SUBWTB.
 *** ENDING SBRT SUBWTB.
 *** BEGINNING SBRT RSTIO.
 *** ENDING SBRT RSTIO.
 === DEALLOCATING IT3A ARRAY.
 === ALLOCATING IT1A ARRAY.
 *** BEGINNING SBRT SUBBDA.
 *** ENDING SBRT SUBBDA.
 === DEALLOCATING NSBC ARRAY.
 *** BEGINNING SBRT RSTIO.
 *** ENDING SBRT RSTIO.
 === DEALLOCATING IT1A ARRAY.
 ***** BEGINNING FLOW PATH DISTANCE COMPUTATIONS.
 === ALLOCATING IFV ARRAY.
 *** BEGINNING SBRT RSTIO.
 *** ENDING SBRT RSTIO.
 === ALLOCATING IFLP ARRAY.
 *** BEGINNING SBRT RSTIO.
 *** ENDING SBRT RSTIO.
 === ALLOCATING BND ARRAY.
 *** BEGINNING SBRT RSTIO.
 *** ENDING SBRT RSTIO.
 === ALLOCATING RT2A ARRAY.
 === ALLOCATING IDSOUT ARRAY.
 *** BEGINNING SBRT DISOUT.
 *** ENDING SBRT DISOUT.
 *** BEGINNING SBRT RSTIO.
 *** ENDING SBRT RSTIO.
 === DEALLOCATING IDSOUT ARRAY.
 === ALLOCATING NTW1 ARRAY.
 *** BEGINNING SBRT RSTIO.
 *** ENDING SBRT RSTIO.
 === ALLOCATING IDSCHA ARRAY.
 *** BEGINNING SBRT DISCHA.
 *** ENDING SBRT DISOUT.
 *** BEGINNING SBRT RSTIO.
 *** ENDING SBRT RSTIO.
 === DEALLOCATING IDSCHA ARRAY.
 === DEALLOCATING BND ARRAY.
 === DEALLOCATING IFLP ARRAY.
 === DEALLOCATING IFV ARRAY.
 === DEALLOCATING NTW1 ARRAY.
 === DEALLOCATING RT2A ARRAY.
 *** WRITING OUTPUT CONTROL FILE; SBRT IOCNT.
 ***** ENDING PROGRAM RASPRO.
